Archive member included to satisfy reference by file (symbol)

/opt/Quartus/nios2eds/bin/gnu/H-x86_64-pc-linux-gnu/bin/../lib/gcc/nios2-elf/5.3.0/mno-hw-mul/libgcc.a(lib2-divmod.o)
                              obj/default/main.o (__divsi3)
../traffic_core_bsp//libhal_bsp.a(alt_load.o)
                              ../traffic_core_bsp//obj/HAL/src/crt0.o (alt_load)
../traffic_core_bsp//libhal_bsp.a(alt_main.o)
                              ../traffic_core_bsp//obj/HAL/src/crt0.o (alt_main)
../traffic_core_bsp//libhal_bsp.a(alt_tick.o)
                              obj/default/main.o (_alt_tick_rate)
../traffic_core_bsp//libhal_bsp.a(alt_sys_init.o)
                              ../traffic_core_bsp//libhal_bsp.a(alt_main.o) (alt_irq_init)
../traffic_core_bsp//libhal_bsp.a(altera_avalon_jtag_uart_fd.o)
                              ../traffic_core_bsp//libhal_bsp.a(alt_sys_init.o) (altera_avalon_jtag_uart_read_fd)
../traffic_core_bsp//libhal_bsp.a(altera_avalon_jtag_uart_read.o)
                              ../traffic_core_bsp//libhal_bsp.a(altera_avalon_jtag_uart_fd.o) (altera_avalon_jtag_uart_read)
../traffic_core_bsp//libhal_bsp.a(altera_avalon_jtag_uart_write.o)
                              ../traffic_core_bsp//libhal_bsp.a(altera_avalon_jtag_uart_fd.o) (altera_avalon_jtag_uart_write)
../traffic_core_bsp//libhal_bsp.a(altera_avalon_timer_sc.o)
                              ../traffic_core_bsp//libhal_bsp.a(alt_sys_init.o) (alt_avalon_timer_sc_init)
../traffic_core_bsp//libhal_bsp.a(alt_close.o)
                              ../traffic_core_bsp//libhal_bsp.a(alt_main.o) (close)
../traffic_core_bsp//libhal_bsp.a(alt_dcache_flush_all.o)
                              ../traffic_core_bsp//libhal_bsp.a(alt_load.o) (alt_dcache_flush_all)
../traffic_core_bsp//libhal_bsp.a(alt_dev.o)
                              ../traffic_core_bsp//libhal_bsp.a(alt_sys_init.o) (alt_dev_list)
../traffic_core_bsp//libhal_bsp.a(alt_dev_llist_insert.o)
                              ../traffic_core_bsp//libhal_bsp.a(alt_sys_init.o) (alt_dev_llist_insert)
../traffic_core_bsp//libhal_bsp.a(alt_do_ctors.o)
                              ../traffic_core_bsp//libhal_bsp.a(alt_main.o) (_do_ctors)
../traffic_core_bsp//libhal_bsp.a(alt_do_dtors.o)
                              ../traffic_core_bsp//libhal_bsp.a(alt_main.o) (_do_dtors)
../traffic_core_bsp//libhal_bsp.a(alt_errno.o)
                              ../traffic_core_bsp//libhal_bsp.a(alt_close.o) (alt_errno)
../traffic_core_bsp//libhal_bsp.a(alt_icache_flush_all.o)
                              ../traffic_core_bsp//libhal_bsp.a(alt_load.o) (alt_icache_flush_all)
../traffic_core_bsp//libhal_bsp.a(alt_iic.o)
                              ../traffic_core_bsp//libhal_bsp.a(altera_avalon_timer_sc.o) (alt_ic_isr_register)
../traffic_core_bsp//libhal_bsp.a(alt_iic_isr_register.o)
                              ../traffic_core_bsp//libhal_bsp.a(alt_iic.o) (alt_iic_isr_register)
../traffic_core_bsp//libhal_bsp.a(alt_io_redirect.o)
                              ../traffic_core_bsp//libhal_bsp.a(alt_main.o) (alt_io_redirect)
../traffic_core_bsp//libhal_bsp.a(alt_irq_entry.o)
                              ../traffic_core_bsp//libhal_bsp.a(alt_iic_isr_register.o) (alt_irq_entry)
../traffic_core_bsp//libhal_bsp.a(alt_irq_handler.o)
                              ../traffic_core_bsp//libhal_bsp.a(alt_iic_isr_register.o) (alt_irq)
../traffic_core_bsp//libhal_bsp.a(alt_irq_vars.o)
                              ../traffic_core_bsp//libhal_bsp.a(alt_iic.o) (alt_irq_active)
../traffic_core_bsp//libhal_bsp.a(alt_open.o)
                              ../traffic_core_bsp//libhal_bsp.a(alt_io_redirect.o) (open)
../traffic_core_bsp//libhal_bsp.a(alt_release_fd.o)
                              ../traffic_core_bsp//libhal_bsp.a(alt_close.o) (alt_release_fd)
../traffic_core_bsp//libhal_bsp.a(altera_nios2_gen2_irq.o)
                              ../traffic_core_bsp//libhal_bsp.a(alt_sys_init.o) (altera_nios2_gen2_irq_init)
../traffic_core_bsp//libhal_bsp.a(alt_exception_entry.o)
                              ../traffic_core_bsp//libhal_bsp.a(alt_irq_entry.o) (alt_exception)
../traffic_core_bsp//libhal_bsp.a(alt_find_dev.o)
                              ../traffic_core_bsp//libhal_bsp.a(alt_open.o) (alt_find_dev)
../traffic_core_bsp//libhal_bsp.a(alt_find_file.o)
                              ../traffic_core_bsp//libhal_bsp.a(alt_open.o) (alt_find_file)
../traffic_core_bsp//libhal_bsp.a(alt_get_fd.o)
                              ../traffic_core_bsp//libhal_bsp.a(alt_open.o) (alt_get_fd)
../traffic_core_bsp//libhal_bsp.a(alt_instruction_exception_entry.o)
                              ../traffic_core_bsp//libhal_bsp.a(alt_exception_entry.o) (alt_instruction_exception_entry)
/opt/Quartus/nios2eds/bin/gnu/H-x86_64-pc-linux-gnu/bin/../lib/gcc/nios2-elf/5.3.0/../../../../../H-x86_64-pc-linux-gnu/nios2-elf/lib/mno-hw-mul/libc.a(lib_a-atexit.o)
                              ../traffic_core_bsp//libhal_bsp.a(alt_main.o) (atexit)
/opt/Quartus/nios2eds/bin/gnu/H-x86_64-pc-linux-gnu/bin/../lib/gcc/nios2-elf/5.3.0/../../../../../H-x86_64-pc-linux-gnu/nios2-elf/lib/mno-hw-mul/libc.a(lib_a-exit.o)
                              ../traffic_core_bsp//libhal_bsp.a(alt_main.o) (exit)
/opt/Quartus/nios2eds/bin/gnu/H-x86_64-pc-linux-gnu/bin/../lib/gcc/nios2-elf/5.3.0/../../../../../H-x86_64-pc-linux-gnu/nios2-elf/lib/mno-hw-mul/libc.a(lib_a-impure.o)
                              /opt/Quartus/nios2eds/bin/gnu/H-x86_64-pc-linux-gnu/bin/../lib/gcc/nios2-elf/5.3.0/../../../../../H-x86_64-pc-linux-gnu/nios2-elf/lib/mno-hw-mul/libc.a(lib_a-exit.o) (_global_impure_ptr)
/opt/Quartus/nios2eds/bin/gnu/H-x86_64-pc-linux-gnu/bin/../lib/gcc/nios2-elf/5.3.0/../../../../../H-x86_64-pc-linux-gnu/nios2-elf/lib/mno-hw-mul/libc.a(lib_a-int_errno.o)
                              ../traffic_core_bsp//libhal_bsp.a(alt_close.o) (errno)
/opt/Quartus/nios2eds/bin/gnu/H-x86_64-pc-linux-gnu/bin/../lib/gcc/nios2-elf/5.3.0/../../../../../H-x86_64-pc-linux-gnu/nios2-elf/lib/mno-hw-mul/libc.a(lib_a-memcmp.o)
                              ../traffic_core_bsp//libhal_bsp.a(alt_find_dev.o) (memcmp)
/opt/Quartus/nios2eds/bin/gnu/H-x86_64-pc-linux-gnu/bin/../lib/gcc/nios2-elf/5.3.0/../../../../../H-x86_64-pc-linux-gnu/nios2-elf/lib/mno-hw-mul/libc.a(lib_a-strlen.o)
                              ../traffic_core_bsp//libhal_bsp.a(alt_find_dev.o) (strlen)
/opt/Quartus/nios2eds/bin/gnu/H-x86_64-pc-linux-gnu/bin/../lib/gcc/nios2-elf/5.3.0/../../../../../H-x86_64-pc-linux-gnu/nios2-elf/lib/mno-hw-mul/libc.a(lib_a-__atexit.o)
                              /opt/Quartus/nios2eds/bin/gnu/H-x86_64-pc-linux-gnu/bin/../lib/gcc/nios2-elf/5.3.0/../../../../../H-x86_64-pc-linux-gnu/nios2-elf/lib/mno-hw-mul/libc.a(lib_a-atexit.o) (__register_exitproc)
/opt/Quartus/nios2eds/bin/gnu/H-x86_64-pc-linux-gnu/bin/../lib/gcc/nios2-elf/5.3.0/../../../../../H-x86_64-pc-linux-gnu/nios2-elf/lib/mno-hw-mul/libc.a(lib_a-__call_atexit.o)
                              /opt/Quartus/nios2eds/bin/gnu/H-x86_64-pc-linux-gnu/bin/../lib/gcc/nios2-elf/5.3.0/../../../../../H-x86_64-pc-linux-gnu/nios2-elf/lib/mno-hw-mul/libc.a(lib_a-exit.o) (__call_exitprocs)
/opt/Quartus/nios2eds/bin/gnu/H-x86_64-pc-linux-gnu/bin/../lib/gcc/nios2-elf/5.3.0/mno-hw-mul/libgcc.a(lib2-mul.o)
                              ../traffic_core_bsp//libhal_bsp.a(alt_close.o) (__mulsi3)
../traffic_core_bsp//libhal_bsp.a(alt_exit.o)
                              /opt/Quartus/nios2eds/bin/gnu/H-x86_64-pc-linux-gnu/bin/../lib/gcc/nios2-elf/5.3.0/../../../../../H-x86_64-pc-linux-gnu/nios2-elf/lib/mno-hw-mul/libc.a(lib_a-exit.o) (_exit)

Allocating common symbols
Common symbol       size              file

alt_irq             0x100             ../traffic_core_bsp//libhal_bsp.a(alt_irq_handler.o)
errno               0x4               /opt/Quartus/nios2eds/bin/gnu/H-x86_64-pc-linux-gnu/bin/../lib/gcc/nios2-elf/5.3.0/../../../../../H-x86_64-pc-linux-gnu/nios2-elf/lib/mno-hw-mul/libc.a(lib_a-int_errno.o)

Memory Configuration

Name             Origin             Length             Attributes
reset            0x0000000000020000 0x0000000000000020
CODE_MEMORY      0x0000000000020020 0x000000000000bfe0
*default*        0x0000000000000000 0xffffffffffffffff

Linker script and memory map

LOAD ../traffic_core_bsp//obj/HAL/src/crt0.o
LOAD obj/default/main.o
LOAD /opt/Quartus/nios2eds/bin/gnu/H-x86_64-pc-linux-gnu/bin/../lib/gcc/nios2-elf/5.3.0/../../../../../H-x86_64-pc-linux-gnu/nios2-elf/lib/mno-hw-mul/libstdc++.a
LOAD /opt/Quartus/nios2eds/bin/gnu/H-x86_64-pc-linux-gnu/bin/../lib/gcc/nios2-elf/5.3.0/../../../../../H-x86_64-pc-linux-gnu/nios2-elf/lib/mno-hw-mul/libm.a
LOAD /opt/Quartus/nios2eds/bin/gnu/H-x86_64-pc-linux-gnu/bin/../lib/gcc/nios2-elf/5.3.0/mno-hw-mul/libgcc.a
START GROUP
LOAD /opt/Quartus/nios2eds/bin/gnu/H-x86_64-pc-linux-gnu/bin/../lib/gcc/nios2-elf/5.3.0/../../../../../H-x86_64-pc-linux-gnu/nios2-elf/lib/mno-hw-mul/libc.a
LOAD /opt/Quartus/nios2eds/bin/gnu/H-x86_64-pc-linux-gnu/bin/../lib/gcc/nios2-elf/5.3.0/mno-hw-mul/libgcc.a
LOAD ../traffic_core_bsp//libhal_bsp.a
LOAD /opt/Quartus/nios2eds/bin/gnu/H-x86_64-pc-linux-gnu/bin/../lib/gcc/nios2-elf/5.3.0/../../../../../H-x86_64-pc-linux-gnu/nios2-elf/lib/mno-hw-mul/libm.a
END GROUP
LOAD /opt/Quartus/nios2eds/bin/gnu/H-x86_64-pc-linux-gnu/bin/../lib/gcc/nios2-elf/5.3.0/mno-hw-mul/libgcc.a
                0x0000000000020000                __alt_mem_CODE_MEMORY = 0x20000

.entry          0x0000000000020000       0x20
 *(.entry)
 .entry         0x0000000000020000       0x20 ../traffic_core_bsp//obj/HAL/src/crt0.o
                0x0000000000020000                __reset

.exceptions     0x0000000000020020      0x210
                0x0000000000020020                PROVIDE (__ram_exceptions_start, ABSOLUTE (.))
                0x0000000000020020                . = ALIGN (0x20)
 *(.irq)
 *(.exceptions.entry.label)
 .exceptions.entry.label
                0x0000000000020020        0x0 ../traffic_core_bsp//libhal_bsp.a(alt_irq_entry.o)
                0x0000000000020020                alt_irq_entry
 .exceptions.entry.label
                0x0000000000020020        0x0 ../traffic_core_bsp//libhal_bsp.a(alt_exception_entry.o)
                0x0000000000020020                alt_exception
 *(.exceptions.entry.user)
 *(.exceptions.entry.ecc_fatal)
 *(.exceptions.entry)
 .exceptions.entry
                0x0000000000020020       0x54 ../traffic_core_bsp//libhal_bsp.a(alt_exception_entry.o)
 *(.exceptions.irqtest.user)
 *(.exceptions.irqtest)
 .exceptions.irqtest
                0x0000000000020074       0x10 ../traffic_core_bsp//libhal_bsp.a(alt_irq_entry.o)
 *(.exceptions.irqhandler.user)
 *(.exceptions.irqhandler)
 .exceptions.irqhandler
                0x0000000000020084        0x4 ../traffic_core_bsp//libhal_bsp.a(alt_irq_entry.o)
 *(.exceptions.irqreturn.user)
 *(.exceptions.irqreturn)
 .exceptions.irqreturn
                0x0000000000020088        0x4 ../traffic_core_bsp//libhal_bsp.a(alt_irq_entry.o)
 *(.exceptions.notirq.label)
 .exceptions.notirq.label
                0x000000000002008c        0x0 ../traffic_core_bsp//libhal_bsp.a(alt_irq_entry.o)
 *(.exceptions.notirq.user)
 *(.exceptions.notirq)
 .exceptions.notirq
                0x000000000002008c        0x8 ../traffic_core_bsp//libhal_bsp.a(alt_exception_entry.o)
 *(.exceptions.soft.user)
 *(.exceptions.soft)
 *(.exceptions.unknown.user)
 *(.exceptions.unknown)
 .exceptions.unknown
                0x0000000000020094       0x14 ../traffic_core_bsp//libhal_bsp.a(alt_exception_entry.o)
 *(.exceptions.exit.label)
 .exceptions.exit.label
                0x00000000000200a8        0x0 ../traffic_core_bsp//libhal_bsp.a(alt_irq_entry.o)
 .exceptions.exit.label
                0x00000000000200a8        0x0 ../traffic_core_bsp//libhal_bsp.a(alt_exception_entry.o)
 *(.exceptions.exit.user)
 *(.exceptions.exit)
 .exceptions.exit
                0x00000000000200a8       0x54 ../traffic_core_bsp//libhal_bsp.a(alt_exception_entry.o)
 *(.exceptions)
 .exceptions    0x00000000000200fc       0xd4 ../traffic_core_bsp//libhal_bsp.a(alt_irq_handler.o)
                0x00000000000200fc                alt_irq_handler
 .exceptions    0x00000000000201d0       0x60 ../traffic_core_bsp//libhal_bsp.a(alt_instruction_exception_entry.o)
                0x00000000000201d0                alt_instruction_exception_entry
                0x0000000000020230                PROVIDE (__ram_exceptions_end, ABSOLUTE (.))
                0x0000000000020020                PROVIDE (__flash_exceptions_start, LOADADDR (.exceptions))

.text           0x0000000000020230     0x1fd4
                [!provide]                        PROVIDE (stext, ABSOLUTE (.))
 *(.interp)
 *(.hash)
 *(.dynsym)
 *(.dynstr)
 *(.gnu.version)
 *(.gnu.version_d)
 *(.gnu.version_r)
 *(.rel.init)
 *(.rela.init)
 *(.rel.text .rel.text.* .rel.gnu.linkonce.t.*)
 *(.rela.text .rela.text.* .rela.gnu.linkonce.t.*)
 *(.rel.fini)
 *(.rela.fini)
 *(.rel.rodata .rel.rodata.* .rel.gnu.linkonce.r.*)
 *(.rela.rodata .rela.rodata.* .rela.gnu.linkonce.r.*)
 *(.rel.data .rel.data.* .rel.gnu.linkonce.d.*)
 *(.rela.data .rela.data.* .rela.gnu.linkonce.d.*)
 *(.rel.tdata .rel.tdata.* .rel.gnu.linkonce.td.*)
 *(.rela.tdata .rela.tdata.* .rela.gnu.linkonce.td.*)
 *(.rel.tbss .rel.tbss.* .rel.gnu.linkonce.tb.*)
 *(.rela.tbss .rela.tbss.* .rela.gnu.linkonce.tb.*)
 *(.rel.ctors)
 *(.rela.ctors)
 *(.rel.dtors)
 *(.rela.dtors)
 *(.rel.got)
 *(.rela.got)
 *(.rel.sdata .rel.sdata.* .rel.gnu.linkonce.s.*)
 *(.rela.sdata .rela.sdata.* .rela.gnu.linkonce.s.*)
 *(.rel.sbss .rel.sbss.* .rel.gnu.linkonce.sb.*)
 *(.rela.sbss .rela.sbss.* .rela.gnu.linkonce.sb.*)
 *(.rel.sdata2 .rel.sdata2.* .rel.gnu.linkonce.s2.*)
 *(.rela.sdata2 .rela.sdata2.* .rela.gnu.linkonce.s2.*)
 *(.rel.sbss2 .rel.sbss2.* .rel.gnu.linkonce.sb2.*)
 *(.rela.sbss2 .rela.sbss2.* .rela.gnu.linkonce.sb2.*)
 *(.rel.bss .rel.bss.* .rel.gnu.linkonce.b.*)
 *(.rela.bss .rela.bss.* .rela.gnu.linkonce.b.*)
 *(.rel.plt)
 *(.rela.plt)
 *(.rel.dyn)
 *(.init)
 *(.plt)
 *(.text .stub .text.* .gnu.linkonce.t.*)
 .text          0x0000000000020230       0x3c ../traffic_core_bsp//obj/HAL/src/crt0.o
                0x0000000000020230                _start
 .text          0x000000000002026c      0x550 obj/default/main.o
                0x000000000002026c                main
                0x0000000000020440                simple_control
 .text          0x00000000000207bc      0x1b4 /opt/Quartus/nios2eds/bin/gnu/H-x86_64-pc-linux-gnu/bin/../lib/gcc/nios2-elf/5.3.0/mno-hw-mul/libgcc.a(lib2-divmod.o)
                0x00000000000207bc                __divsi3
                0x0000000000020840                __modsi3
                0x00000000000208b4                __udivsi3
                0x0000000000020918                __umodsi3
 .text          0x0000000000020970       0xec ../traffic_core_bsp//libhal_bsp.a(alt_load.o)
                0x00000000000209d8                alt_load
 .text          0x0000000000020a5c       0x7c ../traffic_core_bsp//libhal_bsp.a(alt_main.o)
                0x0000000000020a5c                alt_main
 .text          0x0000000000020ad8      0x1a4 ../traffic_core_bsp//libhal_bsp.a(alt_tick.o)
                0x0000000000020ad8                alt_alarm_stop
                0x0000000000020b74                alt_tick
 .text          0x0000000000020c7c       0xbc ../traffic_core_bsp//libhal_bsp.a(alt_sys_init.o)
                0x0000000000020cb0                alt_irq_init
                0x0000000000020ce8                alt_sys_init
 .text          0x0000000000020d38       0xc0 ../traffic_core_bsp//libhal_bsp.a(altera_avalon_jtag_uart_fd.o)
                0x0000000000020d38                altera_avalon_jtag_uart_read_fd
                0x0000000000020d98                altera_avalon_jtag_uart_write_fd
 .text          0x0000000000020df8       0xec ../traffic_core_bsp//libhal_bsp.a(altera_avalon_jtag_uart_read.o)
                0x0000000000020df8                altera_avalon_jtag_uart_read
 .text          0x0000000000020ee4       0x94 ../traffic_core_bsp//libhal_bsp.a(altera_avalon_jtag_uart_write.o)
                0x0000000000020ee4                altera_avalon_jtag_uart_write
 .text          0x0000000000020f78       0xf4 ../traffic_core_bsp//libhal_bsp.a(altera_avalon_timer_sc.o)
                0x0000000000020ff0                alt_avalon_timer_sc_init
 .text          0x000000000002106c      0x114 ../traffic_core_bsp//libhal_bsp.a(alt_close.o)
                0x00000000000210a8                close
 .text          0x0000000000021180       0x20 ../traffic_core_bsp//libhal_bsp.a(alt_dcache_flush_all.o)
                0x0000000000021180                alt_dcache_flush_all
 .text          0x00000000000211a0       0x2c ../traffic_core_bsp//libhal_bsp.a(alt_dev.o)
 .text          0x00000000000211cc       0xe0 ../traffic_core_bsp//libhal_bsp.a(alt_dev_llist_insert.o)
                0x0000000000021208                alt_dev_llist_insert
 .text          0x00000000000212ac       0x60 ../traffic_core_bsp//libhal_bsp.a(alt_do_ctors.o)
                0x00000000000212ac                _do_ctors
 .text          0x000000000002130c       0x60 ../traffic_core_bsp//libhal_bsp.a(alt_do_dtors.o)
                0x000000000002130c                _do_dtors
 .text          0x000000000002136c        0x0 ../traffic_core_bsp//libhal_bsp.a(alt_errno.o)
 .text          0x000000000002136c       0x20 ../traffic_core_bsp//libhal_bsp.a(alt_icache_flush_all.o)
                0x000000000002136c                alt_icache_flush_all
 .text          0x000000000002138c      0x1b0 ../traffic_core_bsp//libhal_bsp.a(alt_iic.o)
                0x000000000002138c                alt_ic_isr_register
                0x00000000000213dc                alt_ic_irq_enable
                0x0000000000021464                alt_ic_irq_disable
                0x00000000000214f0                alt_ic_irq_enabled
 .text          0x000000000002153c       0xf0 ../traffic_core_bsp//libhal_bsp.a(alt_iic_isr_register.o)
                0x000000000002153c                alt_iic_isr_register
 .text          0x000000000002162c      0x160 ../traffic_core_bsp//libhal_bsp.a(alt_io_redirect.o)
                0x0000000000021710                alt_io_redirect
 .text          0x000000000002178c        0x0 ../traffic_core_bsp//libhal_bsp.a(alt_irq_entry.o)
 .text          0x000000000002178c        0x0 ../traffic_core_bsp//libhal_bsp.a(alt_irq_handler.o)
 .text          0x000000000002178c        0x0 ../traffic_core_bsp//libhal_bsp.a(alt_irq_vars.o)
 .text          0x000000000002178c      0x284 ../traffic_core_bsp//libhal_bsp.a(alt_open.o)
                0x00000000000218b4                open
 .text          0x0000000000021a10       0x84 ../traffic_core_bsp//libhal_bsp.a(alt_release_fd.o)
                0x0000000000021a10                alt_release_fd
 .text          0x0000000000021a94       0x24 ../traffic_core_bsp//libhal_bsp.a(altera_nios2_gen2_irq.o)
                0x0000000000021a94                altera_nios2_gen2_irq_init
 .text          0x0000000000021ab8        0x0 ../traffic_core_bsp//libhal_bsp.a(alt_exception_entry.o)
 .text          0x0000000000021ab8       0x90 ../traffic_core_bsp//libhal_bsp.a(alt_find_dev.o)
                0x0000000000021ab8                alt_find_dev
 .text          0x0000000000021b48      0x108 ../traffic_core_bsp//libhal_bsp.a(alt_find_file.o)
                0x0000000000021b48                alt_find_file
 .text          0x0000000000021c50       0xc4 ../traffic_core_bsp//libhal_bsp.a(alt_get_fd.o)
                0x0000000000021c50                alt_get_fd
 .text          0x0000000000021d14       0x9c ../traffic_core_bsp//libhal_bsp.a(alt_instruction_exception_entry.o)
                0x0000000000021d14                alt_exception_cause_generated_bad_addr
 .text          0x0000000000021db0        0x0 /opt/Quartus/nios2eds/bin/gnu/H-x86_64-pc-linux-gnu/bin/../lib/gcc/nios2-elf/5.3.0/../../../../../H-x86_64-pc-linux-gnu/nios2-elf/lib/mno-hw-mul/libc.a(lib_a-atexit.o)
 .text.atexit   0x0000000000021db0       0x14 /opt/Quartus/nios2eds/bin/gnu/H-x86_64-pc-linux-gnu/bin/../lib/gcc/nios2-elf/5.3.0/../../../../../H-x86_64-pc-linux-gnu/nios2-elf/lib/mno-hw-mul/libc.a(lib_a-atexit.o)
                0x0000000000021db0                atexit
 .text          0x0000000000021dc4        0x0 /opt/Quartus/nios2eds/bin/gnu/H-x86_64-pc-linux-gnu/bin/../lib/gcc/nios2-elf/5.3.0/../../../../../H-x86_64-pc-linux-gnu/nios2-elf/lib/mno-hw-mul/libc.a(lib_a-exit.o)
 .text.exit     0x0000000000021dc4       0x38 /opt/Quartus/nios2eds/bin/gnu/H-x86_64-pc-linux-gnu/bin/../lib/gcc/nios2-elf/5.3.0/../../../../../H-x86_64-pc-linux-gnu/nios2-elf/lib/mno-hw-mul/libc.a(lib_a-exit.o)
                0x0000000000021dc4                exit
 .text          0x0000000000021dfc        0x0 /opt/Quartus/nios2eds/bin/gnu/H-x86_64-pc-linux-gnu/bin/../lib/gcc/nios2-elf/5.3.0/../../../../../H-x86_64-pc-linux-gnu/nios2-elf/lib/mno-hw-mul/libc.a(lib_a-impure.o)
 .text          0x0000000000021dfc        0x0 /opt/Quartus/nios2eds/bin/gnu/H-x86_64-pc-linux-gnu/bin/../lib/gcc/nios2-elf/5.3.0/../../../../../H-x86_64-pc-linux-gnu/nios2-elf/lib/mno-hw-mul/libc.a(lib_a-int_errno.o)
 .text          0x0000000000021dfc        0x0 /opt/Quartus/nios2eds/bin/gnu/H-x86_64-pc-linux-gnu/bin/../lib/gcc/nios2-elf/5.3.0/../../../../../H-x86_64-pc-linux-gnu/nios2-elf/lib/mno-hw-mul/libc.a(lib_a-memcmp.o)
 .text.memcmp   0x0000000000021dfc       0x7c /opt/Quartus/nios2eds/bin/gnu/H-x86_64-pc-linux-gnu/bin/../lib/gcc/nios2-elf/5.3.0/../../../../../H-x86_64-pc-linux-gnu/nios2-elf/lib/mno-hw-mul/libc.a(lib_a-memcmp.o)
                0x0000000000021dfc                memcmp
 .text          0x0000000000021e78        0x0 /opt/Quartus/nios2eds/bin/gnu/H-x86_64-pc-linux-gnu/bin/../lib/gcc/nios2-elf/5.3.0/../../../../../H-x86_64-pc-linux-gnu/nios2-elf/lib/mno-hw-mul/libc.a(lib_a-strlen.o)
 .text.strlen   0x0000000000021e78       0x98 /opt/Quartus/nios2eds/bin/gnu/H-x86_64-pc-linux-gnu/bin/../lib/gcc/nios2-elf/5.3.0/../../../../../H-x86_64-pc-linux-gnu/nios2-elf/lib/mno-hw-mul/libc.a(lib_a-strlen.o)
                0x0000000000021e78                strlen
 .text          0x0000000000021f10        0x0 /opt/Quartus/nios2eds/bin/gnu/H-x86_64-pc-linux-gnu/bin/../lib/gcc/nios2-elf/5.3.0/../../../../../H-x86_64-pc-linux-gnu/nios2-elf/lib/mno-hw-mul/libc.a(lib_a-__atexit.o)
 .text.__register_exitproc
                0x0000000000021f10      0x118 /opt/Quartus/nios2eds/bin/gnu/H-x86_64-pc-linux-gnu/bin/../lib/gcc/nios2-elf/5.3.0/../../../../../H-x86_64-pc-linux-gnu/nios2-elf/lib/mno-hw-mul/libc.a(lib_a-__atexit.o)
                0x0000000000021f10                __register_exitproc
 .text          0x0000000000022028        0x0 /opt/Quartus/nios2eds/bin/gnu/H-x86_64-pc-linux-gnu/bin/../lib/gcc/nios2-elf/5.3.0/../../../../../H-x86_64-pc-linux-gnu/nios2-elf/lib/mno-hw-mul/libc.a(lib_a-__call_atexit.o)
 .text.__call_exitprocs
                0x0000000000022028      0x180 /opt/Quartus/nios2eds/bin/gnu/H-x86_64-pc-linux-gnu/bin/../lib/gcc/nios2-elf/5.3.0/../../../../../H-x86_64-pc-linux-gnu/nios2-elf/lib/mno-hw-mul/libc.a(lib_a-__call_atexit.o)
                0x0000000000022028                __call_exitprocs
 .text          0x00000000000221a8       0x28 /opt/Quartus/nios2eds/bin/gnu/H-x86_64-pc-linux-gnu/bin/../lib/gcc/nios2-elf/5.3.0/mno-hw-mul/libgcc.a(lib2-mul.o)
                0x00000000000221a8                __mulsi3
 .text          0x00000000000221d0       0x34 ../traffic_core_bsp//libhal_bsp.a(alt_exit.o)
                0x00000000000221d0                _exit
 *(.gnu.warning.*)
 *(.fini)
                [!provide]                        PROVIDE (__etext, ABSOLUTE (.))
                [!provide]                        PROVIDE (_etext, ABSOLUTE (.))
                [!provide]                        PROVIDE (etext, ABSOLUTE (.))
 *(.eh_frame_hdr)
                0x0000000000022204                . = ALIGN (0x4)
                [!provide]                        PROVIDE (__preinit_array_start, ABSOLUTE (.))
 *(.preinit_array)
                [!provide]                        PROVIDE (__preinit_array_end, ABSOLUTE (.))
                [!provide]                        PROVIDE (__init_array_start, ABSOLUTE (.))
 *(.init_array)
                [!provide]                        PROVIDE (__init_array_end, ABSOLUTE (.))
                [!provide]                        PROVIDE (__fini_array_start, ABSOLUTE (.))
 *(.fini_array)
                [!provide]                        PROVIDE (__fini_array_end, ABSOLUTE (.))
 *(.eh_frame)
 *(.gcc_except_table .gcc_except_table.*)
 *(.dynamic)
                0x0000000000022204                PROVIDE (__CTOR_LIST__, ABSOLUTE (.))
 *(.ctors)
 *(SORT(.ctors.*))
                0x0000000000022204                PROVIDE (__CTOR_END__, ABSOLUTE (.))
                0x0000000000022204                PROVIDE (__DTOR_LIST__, ABSOLUTE (.))
 *(.dtors)
 *(SORT(.dtors.*))
                0x0000000000022204                PROVIDE (__DTOR_END__, ABSOLUTE (.))
 *(.jcr)
                0x0000000000022204                . = ALIGN (0x4)

.rodata         0x0000000000022204       0x30
                0x0000000000022204                PROVIDE (__ram_rodata_start, ABSOLUTE (.))
                0x0000000000022204                . = ALIGN (0x4)
 *(.rodata .rodata.* .gnu.linkonce.r.*)
 .rodata        0x0000000000022204        0xf ../traffic_core_bsp//libhal_bsp.a(alt_main.o)
 *fill*         0x0000000000022213        0x1 
 .rodata        0x0000000000022214        0xf ../traffic_core_bsp//libhal_bsp.a(alt_sys_init.o)
 *fill*         0x0000000000022223        0x1 
 .rodata        0x0000000000022224        0xa ../traffic_core_bsp//libhal_bsp.a(alt_dev.o)
 *fill*         0x000000000002222e        0x2 
 .rodata.str1.4
                0x0000000000022230        0x4 /opt/Quartus/nios2eds/bin/gnu/H-x86_64-pc-linux-gnu/bin/../lib/gcc/nios2-elf/5.3.0/../../../../../H-x86_64-pc-linux-gnu/nios2-elf/lib/mno-hw-mul/libc.a(lib_a-impure.o)
                                          0x2 (size before relaxing)
 *(.rodata1)
                0x0000000000022234                . = ALIGN (0x4)
                0x0000000000022234                PROVIDE (__ram_rodata_end, ABSOLUTE (.))
                0x0000000000022204                PROVIDE (__flash_rodata_start, LOADADDR (.rodata))

.rwdata         0x0000000000022234      0x624 load address 0x0000000000022858
                0x0000000000022234                PROVIDE (__ram_rwdata_start, ABSOLUTE (.))
                0x0000000000022234                . = ALIGN (0x4)
 *(.got.plt)
 *(.got)
 *(.data1)
 *(.data .data.* .gnu.linkonce.d.*)
 .data          0x0000000000022234        0x0 ../traffic_core_bsp//obj/HAL/src/crt0.o
 .data          0x0000000000022234        0x0 obj/default/main.o
 .data          0x0000000000022234        0x0 /opt/Quartus/nios2eds/bin/gnu/H-x86_64-pc-linux-gnu/bin/../lib/gcc/nios2-elf/5.3.0/mno-hw-mul/libgcc.a(lib2-divmod.o)
 .data          0x0000000000022234        0x0 ../traffic_core_bsp//libhal_bsp.a(alt_load.o)
 .data          0x0000000000022234        0x0 ../traffic_core_bsp//libhal_bsp.a(alt_main.o)
 .data          0x0000000000022234        0x0 ../traffic_core_bsp//libhal_bsp.a(alt_tick.o)
 .data          0x0000000000022234       0x2c ../traffic_core_bsp//libhal_bsp.a(alt_sys_init.o)
 .data          0x0000000000022260        0x0 ../traffic_core_bsp//libhal_bsp.a(altera_avalon_jtag_uart_fd.o)
 .data          0x0000000000022260        0x0 ../traffic_core_bsp//libhal_bsp.a(altera_avalon_jtag_uart_read.o)
 .data          0x0000000000022260        0x0 ../traffic_core_bsp//libhal_bsp.a(altera_avalon_jtag_uart_write.o)
 .data          0x0000000000022260        0x0 ../traffic_core_bsp//libhal_bsp.a(altera_avalon_timer_sc.o)
 .data          0x0000000000022260        0x0 ../traffic_core_bsp//libhal_bsp.a(alt_close.o)
 .data          0x0000000000022260        0x0 ../traffic_core_bsp//libhal_bsp.a(alt_dcache_flush_all.o)
 .data          0x0000000000022260      0x1a8 ../traffic_core_bsp//libhal_bsp.a(alt_dev.o)
                0x0000000000022260                alt_dev_null
                0x0000000000022288                alt_fd_list
 .data          0x0000000000022408        0x0 ../traffic_core_bsp//libhal_bsp.a(alt_dev_llist_insert.o)
 .data          0x0000000000022408        0x0 ../traffic_core_bsp//libhal_bsp.a(alt_do_ctors.o)
 .data          0x0000000000022408        0x0 ../traffic_core_bsp//libhal_bsp.a(alt_do_dtors.o)
 .data          0x0000000000022408        0x0 ../traffic_core_bsp//libhal_bsp.a(alt_errno.o)
 .data          0x0000000000022408        0x0 ../traffic_core_bsp//libhal_bsp.a(alt_icache_flush_all.o)
 .data          0x0000000000022408        0x0 ../traffic_core_bsp//libhal_bsp.a(alt_iic.o)
 .data          0x0000000000022408        0x0 ../traffic_core_bsp//libhal_bsp.a(alt_iic_isr_register.o)
 .data          0x0000000000022408        0x0 ../traffic_core_bsp//libhal_bsp.a(alt_io_redirect.o)
 .data          0x0000000000022408        0x0 ../traffic_core_bsp//libhal_bsp.a(alt_irq_entry.o)
 .data          0x0000000000022408        0x0 ../traffic_core_bsp//libhal_bsp.a(alt_irq_handler.o)
 .data          0x0000000000022408        0x0 ../traffic_core_bsp//libhal_bsp.a(alt_irq_vars.o)
 .data          0x0000000000022408        0x0 ../traffic_core_bsp//libhal_bsp.a(alt_open.o)
 .data          0x0000000000022408        0x0 ../traffic_core_bsp//libhal_bsp.a(alt_release_fd.o)
 .data          0x0000000000022408        0x0 ../traffic_core_bsp//libhal_bsp.a(altera_nios2_gen2_irq.o)
 .data          0x0000000000022408        0x0 ../traffic_core_bsp//libhal_bsp.a(alt_exception_entry.o)
 .data          0x0000000000022408        0x0 ../traffic_core_bsp//libhal_bsp.a(alt_find_dev.o)
 .data          0x0000000000022408        0x0 ../traffic_core_bsp//libhal_bsp.a(alt_find_file.o)
 .data          0x0000000000022408        0x0 ../traffic_core_bsp//libhal_bsp.a(alt_get_fd.o)
 .data          0x0000000000022408        0x0 ../traffic_core_bsp//libhal_bsp.a(alt_instruction_exception_entry.o)
 .data          0x0000000000022408        0x0 /opt/Quartus/nios2eds/bin/gnu/H-x86_64-pc-linux-gnu/bin/../lib/gcc/nios2-elf/5.3.0/../../../../../H-x86_64-pc-linux-gnu/nios2-elf/lib/mno-hw-mul/libc.a(lib_a-atexit.o)
 .data          0x0000000000022408        0x0 /opt/Quartus/nios2eds/bin/gnu/H-x86_64-pc-linux-gnu/bin/../lib/gcc/nios2-elf/5.3.0/../../../../../H-x86_64-pc-linux-gnu/nios2-elf/lib/mno-hw-mul/libc.a(lib_a-exit.o)
 .data          0x0000000000022408        0x0 /opt/Quartus/nios2eds/bin/gnu/H-x86_64-pc-linux-gnu/bin/../lib/gcc/nios2-elf/5.3.0/../../../../../H-x86_64-pc-linux-gnu/nios2-elf/lib/mno-hw-mul/libc.a(lib_a-impure.o)
 .data.impure_data
                0x0000000000022408      0x424 /opt/Quartus/nios2eds/bin/gnu/H-x86_64-pc-linux-gnu/bin/../lib/gcc/nios2-elf/5.3.0/../../../../../H-x86_64-pc-linux-gnu/nios2-elf/lib/mno-hw-mul/libc.a(lib_a-impure.o)
 .data          0x000000000002282c        0x0 /opt/Quartus/nios2eds/bin/gnu/H-x86_64-pc-linux-gnu/bin/../lib/gcc/nios2-elf/5.3.0/../../../../../H-x86_64-pc-linux-gnu/nios2-elf/lib/mno-hw-mul/libc.a(lib_a-int_errno.o)
 .data          0x000000000002282c        0x0 /opt/Quartus/nios2eds/bin/gnu/H-x86_64-pc-linux-gnu/bin/../lib/gcc/nios2-elf/5.3.0/../../../../../H-x86_64-pc-linux-gnu/nios2-elf/lib/mno-hw-mul/libc.a(lib_a-memcmp.o)
 .data          0x000000000002282c        0x0 /opt/Quartus/nios2eds/bin/gnu/H-x86_64-pc-linux-gnu/bin/../lib/gcc/nios2-elf/5.3.0/../../../../../H-x86_64-pc-linux-gnu/nios2-elf/lib/mno-hw-mul/libc.a(lib_a-strlen.o)
 .data          0x000000000002282c        0x0 /opt/Quartus/nios2eds/bin/gnu/H-x86_64-pc-linux-gnu/bin/../lib/gcc/nios2-elf/5.3.0/../../../../../H-x86_64-pc-linux-gnu/nios2-elf/lib/mno-hw-mul/libc.a(lib_a-__atexit.o)
 .data          0x000000000002282c        0x0 /opt/Quartus/nios2eds/bin/gnu/H-x86_64-pc-linux-gnu/bin/../lib/gcc/nios2-elf/5.3.0/../../../../../H-x86_64-pc-linux-gnu/nios2-elf/lib/mno-hw-mul/libc.a(lib_a-__call_atexit.o)
 .data          0x000000000002282c        0x0 /opt/Quartus/nios2eds/bin/gnu/H-x86_64-pc-linux-gnu/bin/../lib/gcc/nios2-elf/5.3.0/mno-hw-mul/libgcc.a(lib2-mul.o)
 .data          0x000000000002282c        0x0 ../traffic_core_bsp//libhal_bsp.a(alt_exit.o)
                0x000000000002a82c                _gp = ABSOLUTE ((. + 0x8000))
                [!provide]                        PROVIDE (gp, _gp)
 *(.rwdata .rwdata.*)
 *(.sdata .sdata.* .gnu.linkonce.s.*)
 .sdata         0x000000000002282c        0x8 ../traffic_core_bsp//libhal_bsp.a(alt_tick.o)
                0x000000000002282c                alt_alarm_list
 .sdata         0x0000000000022834       0x14 ../traffic_core_bsp//libhal_bsp.a(alt_dev.o)
                0x0000000000022834                alt_fs_list
                0x000000000002283c                alt_dev_list
                0x0000000000022844                alt_max_fd
 .sdata         0x0000000000022848        0x4 ../traffic_core_bsp//libhal_bsp.a(alt_errno.o)
                0x0000000000022848                alt_errno
 .sdata         0x000000000002284c        0x4 ../traffic_core_bsp//libhal_bsp.a(alt_irq_vars.o)
                0x000000000002284c                alt_priority_mask
 .sdata._global_impure_ptr
                0x0000000000022850        0x4 /opt/Quartus/nios2eds/bin/gnu/H-x86_64-pc-linux-gnu/bin/../lib/gcc/nios2-elf/5.3.0/../../../../../H-x86_64-pc-linux-gnu/nios2-elf/lib/mno-hw-mul/libc.a(lib_a-impure.o)
                0x0000000000022850                _global_impure_ptr
 .sdata._impure_ptr
                0x0000000000022854        0x4 /opt/Quartus/nios2eds/bin/gnu/H-x86_64-pc-linux-gnu/bin/../lib/gcc/nios2-elf/5.3.0/../../../../../H-x86_64-pc-linux-gnu/nios2-elf/lib/mno-hw-mul/libc.a(lib_a-impure.o)
                0x0000000000022854                _impure_ptr
 *(.sdata2 .sdata2.* .gnu.linkonce.s2.*)
                0x0000000000022858                . = ALIGN (0x4)
                0x0000000000022858                _edata = ABSOLUTE (.)
                [!provide]                        PROVIDE (edata, ABSOLUTE (.))
                0x0000000000022858                PROVIDE (__ram_rwdata_end, ABSOLUTE (.))
                0x0000000000022858                PROVIDE (__flash_rwdata_start, LOADADDR (.rwdata))

.bss            0x0000000000022e7c      0x120
                0x0000000000022e7c                __bss_start = ABSOLUTE (.)
                [!provide]                        PROVIDE (__sbss_start, ABSOLUTE (.))
                [!provide]                        PROVIDE (___sbss_start, ABSOLUTE (.))
 *(.dynsbss)
 *(.sbss .sbss.* .gnu.linkonce.sb.*)
 .sbss          0x0000000000022e7c        0xc ../traffic_core_bsp//libhal_bsp.a(alt_main.o)
                0x0000000000022e7c                alt_argc
                0x0000000000022e80                alt_argv
                0x0000000000022e84                alt_envp
 .sbss          0x0000000000022e88        0x8 ../traffic_core_bsp//libhal_bsp.a(alt_tick.o)
                0x0000000000022e88                _alt_tick_rate
                0x0000000000022e8c                _alt_nticks
 .sbss          0x0000000000022e90        0x4 ../traffic_core_bsp//libhal_bsp.a(alt_irq_vars.o)
                0x0000000000022e90                alt_irq_active
 .sbss          0x0000000000022e94        0x4 ../traffic_core_bsp//libhal_bsp.a(alt_instruction_exception_entry.o)
                0x0000000000022e94                alt_instruction_exception_handler
 .sbss          0x0000000000022e98        0x4 /opt/Quartus/nios2eds/bin/gnu/H-x86_64-pc-linux-gnu/bin/../lib/gcc/nios2-elf/5.3.0/../../../../../H-x86_64-pc-linux-gnu/nios2-elf/lib/mno-hw-mul/libc.a(lib_a-int_errno.o)
                0x0000000000022e98                errno
 *(.sbss2 .sbss2.* .gnu.linkonce.sb2.*)
 *(.scommon)
                [!provide]                        PROVIDE (__sbss_end, ABSOLUTE (.))
                [!provide]                        PROVIDE (___sbss_end, ABSOLUTE (.))
 *(.dynbss)
 *(.bss .bss.* .gnu.linkonce.b.*)
 .bss           0x0000000000022e9c        0x0 ../traffic_core_bsp//obj/HAL/src/crt0.o
 .bss           0x0000000000022e9c        0x0 obj/default/main.o
 .bss           0x0000000000022e9c        0x0 /opt/Quartus/nios2eds/bin/gnu/H-x86_64-pc-linux-gnu/bin/../lib/gcc/nios2-elf/5.3.0/mno-hw-mul/libgcc.a(lib2-divmod.o)
 .bss           0x0000000000022e9c        0x0 ../traffic_core_bsp//libhal_bsp.a(alt_load.o)
 .bss           0x0000000000022e9c        0x0 ../traffic_core_bsp//libhal_bsp.a(alt_main.o)
 .bss           0x0000000000022e9c        0x0 ../traffic_core_bsp//libhal_bsp.a(alt_tick.o)
 .bss           0x0000000000022e9c        0x0 ../traffic_core_bsp//libhal_bsp.a(alt_sys_init.o)
 .bss           0x0000000000022e9c        0x0 ../traffic_core_bsp//libhal_bsp.a(altera_avalon_jtag_uart_fd.o)
 .bss           0x0000000000022e9c        0x0 ../traffic_core_bsp//libhal_bsp.a(altera_avalon_jtag_uart_read.o)
 .bss           0x0000000000022e9c        0x0 ../traffic_core_bsp//libhal_bsp.a(altera_avalon_jtag_uart_write.o)
 .bss           0x0000000000022e9c        0x0 ../traffic_core_bsp//libhal_bsp.a(altera_avalon_timer_sc.o)
 .bss           0x0000000000022e9c        0x0 ../traffic_core_bsp//libhal_bsp.a(alt_close.o)
 .bss           0x0000000000022e9c        0x0 ../traffic_core_bsp//libhal_bsp.a(alt_dcache_flush_all.o)
 .bss           0x0000000000022e9c        0x0 ../traffic_core_bsp//libhal_bsp.a(alt_dev.o)
 .bss           0x0000000000022e9c        0x0 ../traffic_core_bsp//libhal_bsp.a(alt_dev_llist_insert.o)
 .bss           0x0000000000022e9c        0x0 ../traffic_core_bsp//libhal_bsp.a(alt_do_ctors.o)
 .bss           0x0000000000022e9c        0x0 ../traffic_core_bsp//libhal_bsp.a(alt_do_dtors.o)
 .bss           0x0000000000022e9c        0x0 ../traffic_core_bsp//libhal_bsp.a(alt_errno.o)
 .bss           0x0000000000022e9c        0x0 ../traffic_core_bsp//libhal_bsp.a(alt_icache_flush_all.o)
 .bss           0x0000000000022e9c        0x0 ../traffic_core_bsp//libhal_bsp.a(alt_iic.o)
 .bss           0x0000000000022e9c        0x0 ../traffic_core_bsp//libhal_bsp.a(alt_iic_isr_register.o)
 .bss           0x0000000000022e9c        0x0 ../traffic_core_bsp//libhal_bsp.a(alt_io_redirect.o)
 .bss           0x0000000000022e9c        0x0 ../traffic_core_bsp//libhal_bsp.a(alt_irq_entry.o)
 .bss           0x0000000000022e9c        0x0 ../traffic_core_bsp//libhal_bsp.a(alt_irq_handler.o)
 .bss           0x0000000000022e9c        0x0 ../traffic_core_bsp//libhal_bsp.a(alt_irq_vars.o)
 .bss           0x0000000000022e9c        0x0 ../traffic_core_bsp//libhal_bsp.a(alt_open.o)
 .bss           0x0000000000022e9c        0x0 ../traffic_core_bsp//libhal_bsp.a(alt_release_fd.o)
 .bss           0x0000000000022e9c        0x0 ../traffic_core_bsp//libhal_bsp.a(altera_nios2_gen2_irq.o)
 .bss           0x0000000000022e9c        0x0 ../traffic_core_bsp//libhal_bsp.a(alt_exception_entry.o)
 .bss           0x0000000000022e9c        0x0 ../traffic_core_bsp//libhal_bsp.a(alt_find_dev.o)
 .bss           0x0000000000022e9c        0x0 ../traffic_core_bsp//libhal_bsp.a(alt_find_file.o)
 .bss           0x0000000000022e9c        0x0 ../traffic_core_bsp//libhal_bsp.a(alt_get_fd.o)
 .bss           0x0000000000022e9c        0x0 ../traffic_core_bsp//libhal_bsp.a(alt_instruction_exception_entry.o)
 .bss           0x0000000000022e9c        0x0 /opt/Quartus/nios2eds/bin/gnu/H-x86_64-pc-linux-gnu/bin/../lib/gcc/nios2-elf/5.3.0/../../../../../H-x86_64-pc-linux-gnu/nios2-elf/lib/mno-hw-mul/libc.a(lib_a-atexit.o)
 .bss           0x0000000000022e9c        0x0 /opt/Quartus/nios2eds/bin/gnu/H-x86_64-pc-linux-gnu/bin/../lib/gcc/nios2-elf/5.3.0/../../../../../H-x86_64-pc-linux-gnu/nios2-elf/lib/mno-hw-mul/libc.a(lib_a-exit.o)
 .bss           0x0000000000022e9c        0x0 /opt/Quartus/nios2eds/bin/gnu/H-x86_64-pc-linux-gnu/bin/../lib/gcc/nios2-elf/5.3.0/../../../../../H-x86_64-pc-linux-gnu/nios2-elf/lib/mno-hw-mul/libc.a(lib_a-impure.o)
 .bss           0x0000000000022e9c        0x0 /opt/Quartus/nios2eds/bin/gnu/H-x86_64-pc-linux-gnu/bin/../lib/gcc/nios2-elf/5.3.0/../../../../../H-x86_64-pc-linux-gnu/nios2-elf/lib/mno-hw-mul/libc.a(lib_a-int_errno.o)
 .bss           0x0000000000022e9c        0x0 /opt/Quartus/nios2eds/bin/gnu/H-x86_64-pc-linux-gnu/bin/../lib/gcc/nios2-elf/5.3.0/../../../../../H-x86_64-pc-linux-gnu/nios2-elf/lib/mno-hw-mul/libc.a(lib_a-memcmp.o)
 .bss           0x0000000000022e9c        0x0 /opt/Quartus/nios2eds/bin/gnu/H-x86_64-pc-linux-gnu/bin/../lib/gcc/nios2-elf/5.3.0/../../../../../H-x86_64-pc-linux-gnu/nios2-elf/lib/mno-hw-mul/libc.a(lib_a-strlen.o)
 .bss           0x0000000000022e9c        0x0 /opt/Quartus/nios2eds/bin/gnu/H-x86_64-pc-linux-gnu/bin/../lib/gcc/nios2-elf/5.3.0/../../../../../H-x86_64-pc-linux-gnu/nios2-elf/lib/mno-hw-mul/libc.a(lib_a-__atexit.o)
 .bss           0x0000000000022e9c        0x0 /opt/Quartus/nios2eds/bin/gnu/H-x86_64-pc-linux-gnu/bin/../lib/gcc/nios2-elf/5.3.0/../../../../../H-x86_64-pc-linux-gnu/nios2-elf/lib/mno-hw-mul/libc.a(lib_a-__call_atexit.o)
 .bss           0x0000000000022e9c        0x0 /opt/Quartus/nios2eds/bin/gnu/H-x86_64-pc-linux-gnu/bin/../lib/gcc/nios2-elf/5.3.0/mno-hw-mul/libgcc.a(lib2-mul.o)
 .bss           0x0000000000022e9c        0x0 ../traffic_core_bsp//libhal_bsp.a(alt_exit.o)
 *(COMMON)
 COMMON         0x0000000000022e9c      0x100 ../traffic_core_bsp//libhal_bsp.a(alt_irq_handler.o)
                0x0000000000022e9c                alt_irq
                0x0000000000022f9c                . = ALIGN (0x4)
                0x0000000000022f9c                __bss_end = ABSOLUTE (.)

.CODE_MEMORY    0x0000000000022f9c        0x0
                [!provide]                        PROVIDE (_alt_partition_CODE_MEMORY_start, ABSOLUTE (.))
 *(.CODE_MEMORY .CODE_MEMORY. CODE_MEMORY.*)
                0x0000000000022f9c                . = ALIGN (0x4)
                [!provide]                        PROVIDE (_alt_partition_CODE_MEMORY_end, ABSOLUTE (.))
                0x0000000000022f9c                _end = ABSOLUTE (.)
                0x0000000000022f9c                end = ABSOLUTE (.)
                0x0000000000022f9c                __alt_stack_base = ABSOLUTE (.)
                [!provide]                        PROVIDE (_alt_partition_CODE_MEMORY_load_addr, LOADADDR (.CODE_MEMORY))

.stab
 *(.stab)

.stabstr
 *(.stabstr)

.stab.excl
 *(.stab.excl)

.stab.exclstr
 *(.stab.exclstr)

.stab.index
 *(.stab.index)

.stab.indexstr
 *(.stab.indexstr)

.comment        0x0000000000000000       0x23
 *(.comment)
 .comment       0x0000000000000000       0x23 obj/default/main.o
                                         0x24 (size before relaxing)
 .comment       0x0000000000000023       0x24 /opt/Quartus/nios2eds/bin/gnu/H-x86_64-pc-linux-gnu/bin/../lib/gcc/nios2-elf/5.3.0/mno-hw-mul/libgcc.a(lib2-divmod.o)
 .comment       0x0000000000000023       0x24 ../traffic_core_bsp//libhal_bsp.a(alt_load.o)
 .comment       0x0000000000000023       0x24 ../traffic_core_bsp//libhal_bsp.a(alt_main.o)
 .comment       0x0000000000000023       0x24 ../traffic_core_bsp//libhal_bsp.a(alt_tick.o)
 .comment       0x0000000000000023       0x24 ../traffic_core_bsp//libhal_bsp.a(alt_sys_init.o)
 .comment       0x0000000000000023       0x24 ../traffic_core_bsp//libhal_bsp.a(altera_avalon_jtag_uart_fd.o)
 .comment       0x0000000000000023       0x24 ../traffic_core_bsp//libhal_bsp.a(altera_avalon_jtag_uart_read.o)
 .comment       0x0000000000000023       0x24 ../traffic_core_bsp//libhal_bsp.a(altera_avalon_jtag_uart_write.o)
 .comment       0x0000000000000023       0x24 ../traffic_core_bsp//libhal_bsp.a(altera_avalon_timer_sc.o)
 .comment       0x0000000000000023       0x24 ../traffic_core_bsp//libhal_bsp.a(alt_close.o)
 .comment       0x0000000000000023       0x24 ../traffic_core_bsp//libhal_bsp.a(alt_dcache_flush_all.o)
 .comment       0x0000000000000023       0x24 ../traffic_core_bsp//libhal_bsp.a(alt_dev.o)
 .comment       0x0000000000000023       0x24 ../traffic_core_bsp//libhal_bsp.a(alt_dev_llist_insert.o)
 .comment       0x0000000000000023       0x24 ../traffic_core_bsp//libhal_bsp.a(alt_do_ctors.o)
 .comment       0x0000000000000023       0x24 ../traffic_core_bsp//libhal_bsp.a(alt_do_dtors.o)
 .comment       0x0000000000000023       0x24 ../traffic_core_bsp//libhal_bsp.a(alt_errno.o)
 .comment       0x0000000000000023       0x24 ../traffic_core_bsp//libhal_bsp.a(alt_icache_flush_all.o)
 .comment       0x0000000000000023       0x24 ../traffic_core_bsp//libhal_bsp.a(alt_iic.o)
 .comment       0x0000000000000023       0x24 ../traffic_core_bsp//libhal_bsp.a(alt_iic_isr_register.o)
 .comment       0x0000000000000023       0x24 ../traffic_core_bsp//libhal_bsp.a(alt_io_redirect.o)
 .comment       0x0000000000000023       0x24 ../traffic_core_bsp//libhal_bsp.a(alt_irq_handler.o)
 .comment       0x0000000000000023       0x24 ../traffic_core_bsp//libhal_bsp.a(alt_irq_vars.o)
 .comment       0x0000000000000023       0x24 ../traffic_core_bsp//libhal_bsp.a(alt_open.o)
 .comment       0x0000000000000023       0x24 ../traffic_core_bsp//libhal_bsp.a(alt_release_fd.o)
 .comment       0x0000000000000023       0x24 ../traffic_core_bsp//libhal_bsp.a(altera_nios2_gen2_irq.o)
 .comment       0x0000000000000023       0x24 ../traffic_core_bsp//libhal_bsp.a(alt_find_dev.o)
 .comment       0x0000000000000023       0x24 ../traffic_core_bsp//libhal_bsp.a(alt_find_file.o)
 .comment       0x0000000000000023       0x24 ../traffic_core_bsp//libhal_bsp.a(alt_get_fd.o)
 .comment       0x0000000000000023       0x24 ../traffic_core_bsp//libhal_bsp.a(alt_instruction_exception_entry.o)
 .comment       0x0000000000000023       0x24 /opt/Quartus/nios2eds/bin/gnu/H-x86_64-pc-linux-gnu/bin/../lib/gcc/nios2-elf/5.3.0/../../../../../H-x86_64-pc-linux-gnu/nios2-elf/lib/mno-hw-mul/libc.a(lib_a-atexit.o)
 .comment       0x0000000000000023       0x24 /opt/Quartus/nios2eds/bin/gnu/H-x86_64-pc-linux-gnu/bin/../lib/gcc/nios2-elf/5.3.0/../../../../../H-x86_64-pc-linux-gnu/nios2-elf/lib/mno-hw-mul/libc.a(lib_a-exit.o)
 .comment       0x0000000000000023       0x24 /opt/Quartus/nios2eds/bin/gnu/H-x86_64-pc-linux-gnu/bin/../lib/gcc/nios2-elf/5.3.0/../../../../../H-x86_64-pc-linux-gnu/nios2-elf/lib/mno-hw-mul/libc.a(lib_a-impure.o)
 .comment       0x0000000000000023       0x24 /opt/Quartus/nios2eds/bin/gnu/H-x86_64-pc-linux-gnu/bin/../lib/gcc/nios2-elf/5.3.0/../../../../../H-x86_64-pc-linux-gnu/nios2-elf/lib/mno-hw-mul/libc.a(lib_a-int_errno.o)
 .comment       0x0000000000000023       0x24 /opt/Quartus/nios2eds/bin/gnu/H-x86_64-pc-linux-gnu/bin/../lib/gcc/nios2-elf/5.3.0/../../../../../H-x86_64-pc-linux-gnu/nios2-elf/lib/mno-hw-mul/libc.a(lib_a-memcmp.o)
 .comment       0x0000000000000023       0x24 /opt/Quartus/nios2eds/bin/gnu/H-x86_64-pc-linux-gnu/bin/../lib/gcc/nios2-elf/5.3.0/../../../../../H-x86_64-pc-linux-gnu/nios2-elf/lib/mno-hw-mul/libc.a(lib_a-strlen.o)
 .comment       0x0000000000000023       0x24 /opt/Quartus/nios2eds/bin/gnu/H-x86_64-pc-linux-gnu/bin/../lib/gcc/nios2-elf/5.3.0/../../../../../H-x86_64-pc-linux-gnu/nios2-elf/lib/mno-hw-mul/libc.a(lib_a-__atexit.o)
 .comment       0x0000000000000023       0x24 /opt/Quartus/nios2eds/bin/gnu/H-x86_64-pc-linux-gnu/bin/../lib/gcc/nios2-elf/5.3.0/../../../../../H-x86_64-pc-linux-gnu/nios2-elf/lib/mno-hw-mul/libc.a(lib_a-__call_atexit.o)
 .comment       0x0000000000000023       0x24 /opt/Quartus/nios2eds/bin/gnu/H-x86_64-pc-linux-gnu/bin/../lib/gcc/nios2-elf/5.3.0/mno-hw-mul/libgcc.a(lib2-mul.o)
 .comment       0x0000000000000023       0x24 ../traffic_core_bsp//libhal_bsp.a(alt_exit.o)

.debug
 *(.debug)

.line
 *(.line)

.debug_srcinfo
 *(.debug_srcinfo)

.debug_sfnames
 *(.debug_sfnames)

.debug_aranges  0x0000000000000000      0x578
 *(.debug_aranges)
 .debug_aranges
                0x0000000000000000       0x28 ../traffic_core_bsp//obj/HAL/src/crt0.o
 .debug_aranges
                0x0000000000000028       0x20 obj/default/main.o
 .debug_aranges
                0x0000000000000048       0x20 /opt/Quartus/nios2eds/bin/gnu/H-x86_64-pc-linux-gnu/bin/../lib/gcc/nios2-elf/5.3.0/mno-hw-mul/libgcc.a(lib2-divmod.o)
 .debug_aranges
                0x0000000000000068       0x20 ../traffic_core_bsp//libhal_bsp.a(alt_load.o)
 .debug_aranges
                0x0000000000000088       0x20 ../traffic_core_bsp//libhal_bsp.a(alt_main.o)
 .debug_aranges
                0x00000000000000a8       0x20 ../traffic_core_bsp//libhal_bsp.a(alt_tick.o)
 .debug_aranges
                0x00000000000000c8       0x20 ../traffic_core_bsp//libhal_bsp.a(alt_sys_init.o)
 .debug_aranges
                0x00000000000000e8       0x20 ../traffic_core_bsp//libhal_bsp.a(altera_avalon_jtag_uart_fd.o)
 .debug_aranges
                0x0000000000000108       0x20 ../traffic_core_bsp//libhal_bsp.a(altera_avalon_jtag_uart_read.o)
 .debug_aranges
                0x0000000000000128       0x20 ../traffic_core_bsp//libhal_bsp.a(altera_avalon_jtag_uart_write.o)
 .debug_aranges
                0x0000000000000148       0x20 ../traffic_core_bsp//libhal_bsp.a(altera_avalon_timer_sc.o)
 .debug_aranges
                0x0000000000000168       0x20 ../traffic_core_bsp//libhal_bsp.a(alt_close.o)
 .debug_aranges
                0x0000000000000188       0x20 ../traffic_core_bsp//libhal_bsp.a(alt_dcache_flush_all.o)
 .debug_aranges
                0x00000000000001a8       0x20 ../traffic_core_bsp//libhal_bsp.a(alt_dev.o)
 .debug_aranges
                0x00000000000001c8       0x20 ../traffic_core_bsp//libhal_bsp.a(alt_dev_llist_insert.o)
 .debug_aranges
                0x00000000000001e8       0x20 ../traffic_core_bsp//libhal_bsp.a(alt_do_ctors.o)
 .debug_aranges
                0x0000000000000208       0x20 ../traffic_core_bsp//libhal_bsp.a(alt_do_dtors.o)
 .debug_aranges
                0x0000000000000228       0x18 ../traffic_core_bsp//libhal_bsp.a(alt_errno.o)
 .debug_aranges
                0x0000000000000240       0x20 ../traffic_core_bsp//libhal_bsp.a(alt_icache_flush_all.o)
 .debug_aranges
                0x0000000000000260       0x20 ../traffic_core_bsp//libhal_bsp.a(alt_iic.o)
 .debug_aranges
                0x0000000000000280       0x20 ../traffic_core_bsp//libhal_bsp.a(alt_iic_isr_register.o)
 .debug_aranges
                0x00000000000002a0       0x20 ../traffic_core_bsp//libhal_bsp.a(alt_io_redirect.o)
 .debug_aranges
                0x00000000000002c0       0x30 ../traffic_core_bsp//libhal_bsp.a(alt_irq_entry.o)
 .debug_aranges
                0x00000000000002f0       0x20 ../traffic_core_bsp//libhal_bsp.a(alt_irq_handler.o)
 .debug_aranges
                0x0000000000000310       0x18 ../traffic_core_bsp//libhal_bsp.a(alt_irq_vars.o)
 .debug_aranges
                0x0000000000000328       0x20 ../traffic_core_bsp//libhal_bsp.a(alt_open.o)
 .debug_aranges
                0x0000000000000348       0x20 ../traffic_core_bsp//libhal_bsp.a(alt_release_fd.o)
 .debug_aranges
                0x0000000000000368       0x20 ../traffic_core_bsp//libhal_bsp.a(altera_nios2_gen2_irq.o)
 .debug_aranges
                0x0000000000000388       0x38 ../traffic_core_bsp//libhal_bsp.a(alt_exception_entry.o)
 .debug_aranges
                0x00000000000003c0       0x20 ../traffic_core_bsp//libhal_bsp.a(alt_find_dev.o)
 .debug_aranges
                0x00000000000003e0       0x20 ../traffic_core_bsp//libhal_bsp.a(alt_find_file.o)
 .debug_aranges
                0x0000000000000400       0x20 ../traffic_core_bsp//libhal_bsp.a(alt_get_fd.o)
 .debug_aranges
                0x0000000000000420       0x28 ../traffic_core_bsp//libhal_bsp.a(alt_instruction_exception_entry.o)
 .debug_aranges
                0x0000000000000448       0x20 /opt/Quartus/nios2eds/bin/gnu/H-x86_64-pc-linux-gnu/bin/../lib/gcc/nios2-elf/5.3.0/../../../../../H-x86_64-pc-linux-gnu/nios2-elf/lib/mno-hw-mul/libc.a(lib_a-atexit.o)
 .debug_aranges
                0x0000000000000468       0x20 /opt/Quartus/nios2eds/bin/gnu/H-x86_64-pc-linux-gnu/bin/../lib/gcc/nios2-elf/5.3.0/../../../../../H-x86_64-pc-linux-gnu/nios2-elf/lib/mno-hw-mul/libc.a(lib_a-exit.o)
 .debug_aranges
                0x0000000000000488       0x18 /opt/Quartus/nios2eds/bin/gnu/H-x86_64-pc-linux-gnu/bin/../lib/gcc/nios2-elf/5.3.0/../../../../../H-x86_64-pc-linux-gnu/nios2-elf/lib/mno-hw-mul/libc.a(lib_a-impure.o)
 .debug_aranges
                0x00000000000004a0       0x18 /opt/Quartus/nios2eds/bin/gnu/H-x86_64-pc-linux-gnu/bin/../lib/gcc/nios2-elf/5.3.0/../../../../../H-x86_64-pc-linux-gnu/nios2-elf/lib/mno-hw-mul/libc.a(lib_a-int_errno.o)
 .debug_aranges
                0x00000000000004b8       0x20 /opt/Quartus/nios2eds/bin/gnu/H-x86_64-pc-linux-gnu/bin/../lib/gcc/nios2-elf/5.3.0/../../../../../H-x86_64-pc-linux-gnu/nios2-elf/lib/mno-hw-mul/libc.a(lib_a-memcmp.o)
 .debug_aranges
                0x00000000000004d8       0x20 /opt/Quartus/nios2eds/bin/gnu/H-x86_64-pc-linux-gnu/bin/../lib/gcc/nios2-elf/5.3.0/../../../../../H-x86_64-pc-linux-gnu/nios2-elf/lib/mno-hw-mul/libc.a(lib_a-strlen.o)
 .debug_aranges
                0x00000000000004f8       0x20 /opt/Quartus/nios2eds/bin/gnu/H-x86_64-pc-linux-gnu/bin/../lib/gcc/nios2-elf/5.3.0/../../../../../H-x86_64-pc-linux-gnu/nios2-elf/lib/mno-hw-mul/libc.a(lib_a-__atexit.o)
 .debug_aranges
                0x0000000000000518       0x20 /opt/Quartus/nios2eds/bin/gnu/H-x86_64-pc-linux-gnu/bin/../lib/gcc/nios2-elf/5.3.0/../../../../../H-x86_64-pc-linux-gnu/nios2-elf/lib/mno-hw-mul/libc.a(lib_a-__call_atexit.o)
 .debug_aranges
                0x0000000000000538       0x20 /opt/Quartus/nios2eds/bin/gnu/H-x86_64-pc-linux-gnu/bin/../lib/gcc/nios2-elf/5.3.0/mno-hw-mul/libgcc.a(lib2-mul.o)
 .debug_aranges
                0x0000000000000558       0x20 ../traffic_core_bsp//libhal_bsp.a(alt_exit.o)

.debug_pubnames
 *(.debug_pubnames)

.debug_info     0x0000000000000000     0x6bfb
 *(.debug_info .gnu.linkonce.wi.*)
 .debug_info    0x0000000000000000       0xa8 ../traffic_core_bsp//obj/HAL/src/crt0.o
 .debug_info    0x00000000000000a8      0x1f5 obj/default/main.o
 .debug_info    0x000000000000029d      0x2c6 /opt/Quartus/nios2eds/bin/gnu/H-x86_64-pc-linux-gnu/bin/../lib/gcc/nios2-elf/5.3.0/mno-hw-mul/libgcc.a(lib2-divmod.o)
 .debug_info    0x0000000000000563      0x145 ../traffic_core_bsp//libhal_bsp.a(alt_load.o)
 .debug_info    0x00000000000006a8      0x131 ../traffic_core_bsp//libhal_bsp.a(alt_main.o)
 .debug_info    0x00000000000007d9      0x299 ../traffic_core_bsp//libhal_bsp.a(alt_tick.o)
 .debug_info    0x0000000000000a72      0x3df ../traffic_core_bsp//libhal_bsp.a(alt_sys_init.o)
 .debug_info    0x0000000000000e51      0x3a7 ../traffic_core_bsp//libhal_bsp.a(altera_avalon_jtag_uart_fd.o)
 .debug_info    0x00000000000011f8      0x1b2 ../traffic_core_bsp//libhal_bsp.a(altera_avalon_jtag_uart_read.o)
 .debug_info    0x00000000000013aa      0x195 ../traffic_core_bsp//libhal_bsp.a(altera_avalon_jtag_uart_write.o)
 .debug_info    0x000000000000153f      0x226 ../traffic_core_bsp//libhal_bsp.a(altera_avalon_timer_sc.o)
 .debug_info    0x0000000000001765      0x321 ../traffic_core_bsp//libhal_bsp.a(alt_close.o)
 .debug_info    0x0000000000001a86       0x92 ../traffic_core_bsp//libhal_bsp.a(alt_dcache_flush_all.o)
 .debug_info    0x0000000000001b18      0x49c ../traffic_core_bsp//libhal_bsp.a(alt_dev.o)
 .debug_info    0x0000000000001fb4      0x1a9 ../traffic_core_bsp//libhal_bsp.a(alt_dev_llist_insert.o)
 .debug_info    0x000000000000215d       0x83 ../traffic_core_bsp//libhal_bsp.a(alt_do_ctors.o)
 .debug_info    0x00000000000021e0       0x83 ../traffic_core_bsp//libhal_bsp.a(alt_do_dtors.o)
 .debug_info    0x0000000000002263       0xa6 ../traffic_core_bsp//libhal_bsp.a(alt_errno.o)
 .debug_info    0x0000000000002309       0x92 ../traffic_core_bsp//libhal_bsp.a(alt_icache_flush_all.o)
 .debug_info    0x000000000000239b      0x350 ../traffic_core_bsp//libhal_bsp.a(alt_iic.o)
 .debug_info    0x00000000000026eb      0x1ef ../traffic_core_bsp//libhal_bsp.a(alt_iic_isr_register.o)
 .debug_info    0x00000000000028da      0x4a5 ../traffic_core_bsp//libhal_bsp.a(alt_io_redirect.o)
 .debug_info    0x0000000000002d7f       0xb1 ../traffic_core_bsp//libhal_bsp.a(alt_irq_entry.o)
 .debug_info    0x0000000000002e30      0x187 ../traffic_core_bsp//libhal_bsp.a(alt_irq_handler.o)
 .debug_info    0x0000000000002fb7       0x88 ../traffic_core_bsp//libhal_bsp.a(alt_irq_vars.o)
 .debug_info    0x000000000000303f      0x3bb ../traffic_core_bsp//libhal_bsp.a(alt_open.o)
 .debug_info    0x00000000000033fa      0x2b0 ../traffic_core_bsp//libhal_bsp.a(alt_release_fd.o)
 .debug_info    0x00000000000036aa       0x92 ../traffic_core_bsp//libhal_bsp.a(altera_nios2_gen2_irq.o)
 .debug_info    0x000000000000373c       0xb7 ../traffic_core_bsp//libhal_bsp.a(alt_exception_entry.o)
 .debug_info    0x00000000000037f3      0x2e9 ../traffic_core_bsp//libhal_bsp.a(alt_find_dev.o)
 .debug_info    0x0000000000003adc      0x2e6 ../traffic_core_bsp//libhal_bsp.a(alt_find_file.o)
 .debug_info    0x0000000000003dc2      0x310 ../traffic_core_bsp//libhal_bsp.a(alt_get_fd.o)
 .debug_info    0x00000000000040d2      0x1e7 ../traffic_core_bsp//libhal_bsp.a(alt_instruction_exception_entry.o)
 .debug_info    0x00000000000042b9       0xfe /opt/Quartus/nios2eds/bin/gnu/H-x86_64-pc-linux-gnu/bin/../lib/gcc/nios2-elf/5.3.0/../../../../../H-x86_64-pc-linux-gnu/nios2-elf/lib/mno-hw-mul/libc.a(lib_a-atexit.o)
 .debug_info    0x00000000000043b7      0x8e4 /opt/Quartus/nios2eds/bin/gnu/H-x86_64-pc-linux-gnu/bin/../lib/gcc/nios2-elf/5.3.0/../../../../../H-x86_64-pc-linux-gnu/nios2-elf/lib/mno-hw-mul/libc.a(lib_a-exit.o)
 .debug_info    0x0000000000004c9b      0x8a1 /opt/Quartus/nios2eds/bin/gnu/H-x86_64-pc-linux-gnu/bin/../lib/gcc/nios2-elf/5.3.0/../../../../../H-x86_64-pc-linux-gnu/nios2-elf/lib/mno-hw-mul/libc.a(lib_a-impure.o)
 .debug_info    0x000000000000553c       0x8a /opt/Quartus/nios2eds/bin/gnu/H-x86_64-pc-linux-gnu/bin/../lib/gcc/nios2-elf/5.3.0/../../../../../H-x86_64-pc-linux-gnu/nios2-elf/lib/mno-hw-mul/libc.a(lib_a-int_errno.o)
 .debug_info    0x00000000000055c6      0x11a /opt/Quartus/nios2eds/bin/gnu/H-x86_64-pc-linux-gnu/bin/../lib/gcc/nios2-elf/5.3.0/../../../../../H-x86_64-pc-linux-gnu/nios2-elf/lib/mno-hw-mul/libc.a(lib_a-memcmp.o)
 .debug_info    0x00000000000056e0       0xe2 /opt/Quartus/nios2eds/bin/gnu/H-x86_64-pc-linux-gnu/bin/../lib/gcc/nios2-elf/5.3.0/../../../../../H-x86_64-pc-linux-gnu/nios2-elf/lib/mno-hw-mul/libc.a(lib_a-strlen.o)
 .debug_info    0x00000000000057c2      0x934 /opt/Quartus/nios2eds/bin/gnu/H-x86_64-pc-linux-gnu/bin/../lib/gcc/nios2-elf/5.3.0/../../../../../H-x86_64-pc-linux-gnu/nios2-elf/lib/mno-hw-mul/libc.a(lib_a-__atexit.o)
 .debug_info    0x00000000000060f6      0x965 /opt/Quartus/nios2eds/bin/gnu/H-x86_64-pc-linux-gnu/bin/../lib/gcc/nios2-elf/5.3.0/../../../../../H-x86_64-pc-linux-gnu/nios2-elf/lib/mno-hw-mul/libc.a(lib_a-__call_atexit.o)
 .debug_info    0x0000000000006a5b       0xb4 /opt/Quartus/nios2eds/bin/gnu/H-x86_64-pc-linux-gnu/bin/../lib/gcc/nios2-elf/5.3.0/mno-hw-mul/libgcc.a(lib2-mul.o)
 .debug_info    0x0000000000006b0f       0xec ../traffic_core_bsp//libhal_bsp.a(alt_exit.o)

.debug_abbrev   0x0000000000000000     0x2543
 *(.debug_abbrev)
 .debug_abbrev  0x0000000000000000       0x12 ../traffic_core_bsp//obj/HAL/src/crt0.o
 .debug_abbrev  0x0000000000000012       0xe8 obj/default/main.o
 .debug_abbrev  0x00000000000000fa      0x10e /opt/Quartus/nios2eds/bin/gnu/H-x86_64-pc-linux-gnu/bin/../lib/gcc/nios2-elf/5.3.0/mno-hw-mul/libgcc.a(lib2-divmod.o)
 .debug_abbrev  0x0000000000000208       0x9f ../traffic_core_bsp//libhal_bsp.a(alt_load.o)
 .debug_abbrev  0x00000000000002a7       0xba ../traffic_core_bsp//libhal_bsp.a(alt_main.o)
 .debug_abbrev  0x0000000000000361      0x15a ../traffic_core_bsp//libhal_bsp.a(alt_tick.o)
 .debug_abbrev  0x00000000000004bb      0x157 ../traffic_core_bsp//libhal_bsp.a(alt_sys_init.o)
 .debug_abbrev  0x0000000000000612       0xf7 ../traffic_core_bsp//libhal_bsp.a(altera_avalon_jtag_uart_fd.o)
 .debug_abbrev  0x0000000000000709       0xd5 ../traffic_core_bsp//libhal_bsp.a(altera_avalon_jtag_uart_read.o)
 .debug_abbrev  0x00000000000007de       0xd5 ../traffic_core_bsp//libhal_bsp.a(altera_avalon_jtag_uart_write.o)
 .debug_abbrev  0x00000000000008b3      0x155 ../traffic_core_bsp//libhal_bsp.a(altera_avalon_timer_sc.o)
 .debug_abbrev  0x0000000000000a08      0x11f ../traffic_core_bsp//libhal_bsp.a(alt_close.o)
 .debug_abbrev  0x0000000000000b27       0x42 ../traffic_core_bsp//libhal_bsp.a(alt_dcache_flush_all.o)
 .debug_abbrev  0x0000000000000b69       0xd9 ../traffic_core_bsp//libhal_bsp.a(alt_dev.o)
 .debug_abbrev  0x0000000000000c42      0x114 ../traffic_core_bsp//libhal_bsp.a(alt_dev_llist_insert.o)
 .debug_abbrev  0x0000000000000d56       0x79 ../traffic_core_bsp//libhal_bsp.a(alt_do_ctors.o)
 .debug_abbrev  0x0000000000000dcf       0x79 ../traffic_core_bsp//libhal_bsp.a(alt_do_dtors.o)
 .debug_abbrev  0x0000000000000e48       0x5a ../traffic_core_bsp//libhal_bsp.a(alt_errno.o)
 .debug_abbrev  0x0000000000000ea2       0x42 ../traffic_core_bsp//libhal_bsp.a(alt_icache_flush_all.o)
 .debug_abbrev  0x0000000000000ee4      0x163 ../traffic_core_bsp//libhal_bsp.a(alt_iic.o)
 .debug_abbrev  0x0000000000001047      0x169 ../traffic_core_bsp//libhal_bsp.a(alt_iic_isr_register.o)
 .debug_abbrev  0x00000000000011b0      0x114 ../traffic_core_bsp//libhal_bsp.a(alt_io_redirect.o)
 .debug_abbrev  0x00000000000012c4       0x12 ../traffic_core_bsp//libhal_bsp.a(alt_irq_entry.o)
 .debug_abbrev  0x00000000000012d6      0x122 ../traffic_core_bsp//libhal_bsp.a(alt_irq_handler.o)
 .debug_abbrev  0x00000000000013f8       0x40 ../traffic_core_bsp//libhal_bsp.a(alt_irq_vars.o)
 .debug_abbrev  0x0000000000001438      0x148 ../traffic_core_bsp//libhal_bsp.a(alt_open.o)
 .debug_abbrev  0x0000000000001580       0xde ../traffic_core_bsp//libhal_bsp.a(alt_release_fd.o)
 .debug_abbrev  0x000000000000165e       0x42 ../traffic_core_bsp//libhal_bsp.a(altera_nios2_gen2_irq.o)
 .debug_abbrev  0x00000000000016a0       0x12 ../traffic_core_bsp//libhal_bsp.a(alt_exception_entry.o)
 .debug_abbrev  0x00000000000016b2       0xf0 ../traffic_core_bsp//libhal_bsp.a(alt_find_dev.o)
 .debug_abbrev  0x00000000000017a2       0xf0 ../traffic_core_bsp//libhal_bsp.a(alt_find_file.o)
 .debug_abbrev  0x0000000000001892      0x10d ../traffic_core_bsp//libhal_bsp.a(alt_get_fd.o)
 .debug_abbrev  0x000000000000199f       0xdc ../traffic_core_bsp//libhal_bsp.a(alt_instruction_exception_entry.o)
 .debug_abbrev  0x0000000000001a7b       0xaa /opt/Quartus/nios2eds/bin/gnu/H-x86_64-pc-linux-gnu/bin/../lib/gcc/nios2-elf/5.3.0/../../../../../H-x86_64-pc-linux-gnu/nios2-elf/lib/mno-hw-mul/libc.a(lib_a-atexit.o)
 .debug_abbrev  0x0000000000001b25      0x1e5 /opt/Quartus/nios2eds/bin/gnu/H-x86_64-pc-linux-gnu/bin/../lib/gcc/nios2-elf/5.3.0/../../../../../H-x86_64-pc-linux-gnu/nios2-elf/lib/mno-hw-mul/libc.a(lib_a-exit.o)
 .debug_abbrev  0x0000000000001d0a      0x18f /opt/Quartus/nios2eds/bin/gnu/H-x86_64-pc-linux-gnu/bin/../lib/gcc/nios2-elf/5.3.0/../../../../../H-x86_64-pc-linux-gnu/nios2-elf/lib/mno-hw-mul/libc.a(lib_a-impure.o)
 .debug_abbrev  0x0000000000001e99       0x37 /opt/Quartus/nios2eds/bin/gnu/H-x86_64-pc-linux-gnu/bin/../lib/gcc/nios2-elf/5.3.0/../../../../../H-x86_64-pc-linux-gnu/nios2-elf/lib/mno-hw-mul/libc.a(lib_a-int_errno.o)
 .debug_abbrev  0x0000000000001ed0       0x7f /opt/Quartus/nios2eds/bin/gnu/H-x86_64-pc-linux-gnu/bin/../lib/gcc/nios2-elf/5.3.0/../../../../../H-x86_64-pc-linux-gnu/nios2-elf/lib/mno-hw-mul/libc.a(lib_a-memcmp.o)
 .debug_abbrev  0x0000000000001f4f       0x90 /opt/Quartus/nios2eds/bin/gnu/H-x86_64-pc-linux-gnu/bin/../lib/gcc/nios2-elf/5.3.0/../../../../../H-x86_64-pc-linux-gnu/nios2-elf/lib/mno-hw-mul/libc.a(lib_a-strlen.o)
 .debug_abbrev  0x0000000000001fdf      0x21e /opt/Quartus/nios2eds/bin/gnu/H-x86_64-pc-linux-gnu/bin/../lib/gcc/nios2-elf/5.3.0/../../../../../H-x86_64-pc-linux-gnu/nios2-elf/lib/mno-hw-mul/libc.a(lib_a-__atexit.o)
 .debug_abbrev  0x00000000000021fd      0x22e /opt/Quartus/nios2eds/bin/gnu/H-x86_64-pc-linux-gnu/bin/../lib/gcc/nios2-elf/5.3.0/../../../../../H-x86_64-pc-linux-gnu/nios2-elf/lib/mno-hw-mul/libc.a(lib_a-__call_atexit.o)
 .debug_abbrev  0x000000000000242b       0x6f /opt/Quartus/nios2eds/bin/gnu/H-x86_64-pc-linux-gnu/bin/../lib/gcc/nios2-elf/5.3.0/mno-hw-mul/libgcc.a(lib2-mul.o)
 .debug_abbrev  0x000000000000249a       0xa9 ../traffic_core_bsp//libhal_bsp.a(alt_exit.o)

.debug_line     0x0000000000000000     0x263a
 *(.debug_line)
 .debug_line    0x0000000000000000       0x66 ../traffic_core_bsp//obj/HAL/src/crt0.o
 .debug_line    0x0000000000000066      0x176 obj/default/main.o
 .debug_line    0x00000000000001dc      0x105 /opt/Quartus/nios2eds/bin/gnu/H-x86_64-pc-linux-gnu/bin/../lib/gcc/nios2-elf/5.3.0/mno-hw-mul/libgcc.a(lib2-divmod.o)
 .debug_line    0x00000000000002e1       0x8e ../traffic_core_bsp//libhal_bsp.a(alt_load.o)
 .debug_line    0x000000000000036f       0xa4 ../traffic_core_bsp//libhal_bsp.a(alt_main.o)
 .debug_line    0x0000000000000413       0xff ../traffic_core_bsp//libhal_bsp.a(alt_tick.o)
 .debug_line    0x0000000000000512      0x142 ../traffic_core_bsp//libhal_bsp.a(alt_sys_init.o)
 .debug_line    0x0000000000000654      0x112 ../traffic_core_bsp//libhal_bsp.a(altera_avalon_jtag_uart_fd.o)
 .debug_line    0x0000000000000766       0xfd ../traffic_core_bsp//libhal_bsp.a(altera_avalon_jtag_uart_read.o)
 .debug_line    0x0000000000000863       0xf4 ../traffic_core_bsp//libhal_bsp.a(altera_avalon_jtag_uart_write.o)
 .debug_line    0x0000000000000957       0xfd ../traffic_core_bsp//libhal_bsp.a(altera_avalon_timer_sc.o)
 .debug_line    0x0000000000000a54      0x160 ../traffic_core_bsp//libhal_bsp.a(alt_close.o)
 .debug_line    0x0000000000000bb4       0x51 ../traffic_core_bsp//libhal_bsp.a(alt_dcache_flush_all.o)
 .debug_line    0x0000000000000c05       0xf3 ../traffic_core_bsp//libhal_bsp.a(alt_dev.o)
 .debug_line    0x0000000000000cf8       0xcf ../traffic_core_bsp//libhal_bsp.a(alt_dev_llist_insert.o)
 .debug_line    0x0000000000000dc7       0x59 ../traffic_core_bsp//libhal_bsp.a(alt_do_ctors.o)
 .debug_line    0x0000000000000e20       0x59 ../traffic_core_bsp//libhal_bsp.a(alt_do_dtors.o)
 .debug_line    0x0000000000000e79       0x51 ../traffic_core_bsp//libhal_bsp.a(alt_errno.o)
 .debug_line    0x0000000000000eca       0x4f ../traffic_core_bsp//libhal_bsp.a(alt_icache_flush_all.o)
 .debug_line    0x0000000000000f19       0xeb ../traffic_core_bsp//libhal_bsp.a(alt_iic.o)
 .debug_line    0x0000000000001004       0xdb ../traffic_core_bsp//libhal_bsp.a(alt_iic_isr_register.o)
 .debug_line    0x00000000000010df      0x130 ../traffic_core_bsp//libhal_bsp.a(alt_io_redirect.o)
 .debug_line    0x000000000000120f       0x6b ../traffic_core_bsp//libhal_bsp.a(alt_irq_entry.o)
 .debug_line    0x000000000000127a       0xaa ../traffic_core_bsp//libhal_bsp.a(alt_irq_handler.o)
 .debug_line    0x0000000000001324       0x50 ../traffic_core_bsp//libhal_bsp.a(alt_irq_vars.o)
 .debug_line    0x0000000000001374      0x12b ../traffic_core_bsp//libhal_bsp.a(alt_open.o)
 .debug_line    0x000000000000149f       0xb0 ../traffic_core_bsp//libhal_bsp.a(alt_release_fd.o)
 .debug_line    0x000000000000154f       0x51 ../traffic_core_bsp//libhal_bsp.a(altera_nios2_gen2_irq.o)
 .debug_line    0x00000000000015a0       0xb3 ../traffic_core_bsp//libhal_bsp.a(alt_exception_entry.o)
 .debug_line    0x0000000000001653       0xb5 ../traffic_core_bsp//libhal_bsp.a(alt_find_dev.o)
 .debug_line    0x0000000000001708       0xd1 ../traffic_core_bsp//libhal_bsp.a(alt_find_file.o)
 .debug_line    0x00000000000017d9       0xd7 ../traffic_core_bsp//libhal_bsp.a(alt_get_fd.o)
 .debug_line    0x00000000000018b0       0xb9 ../traffic_core_bsp//libhal_bsp.a(alt_instruction_exception_entry.o)
 .debug_line    0x0000000000001969       0xe7 /opt/Quartus/nios2eds/bin/gnu/H-x86_64-pc-linux-gnu/bin/../lib/gcc/nios2-elf/5.3.0/../../../../../H-x86_64-pc-linux-gnu/nios2-elf/lib/mno-hw-mul/libc.a(lib_a-atexit.o)
 .debug_line    0x0000000000001a50      0x1fc /opt/Quartus/nios2eds/bin/gnu/H-x86_64-pc-linux-gnu/bin/../lib/gcc/nios2-elf/5.3.0/../../../../../H-x86_64-pc-linux-gnu/nios2-elf/lib/mno-hw-mul/libc.a(lib_a-exit.o)
 .debug_line    0x0000000000001c4c      0x160 /opt/Quartus/nios2eds/bin/gnu/H-x86_64-pc-linux-gnu/bin/../lib/gcc/nios2-elf/5.3.0/../../../../../H-x86_64-pc-linux-gnu/nios2-elf/lib/mno-hw-mul/libc.a(lib_a-impure.o)
 .debug_line    0x0000000000001dac       0x5f /opt/Quartus/nios2eds/bin/gnu/H-x86_64-pc-linux-gnu/bin/../lib/gcc/nios2-elf/5.3.0/../../../../../H-x86_64-pc-linux-gnu/nios2-elf/lib/mno-hw-mul/libc.a(lib_a-int_errno.o)
 .debug_line    0x0000000000001e0b      0x176 /opt/Quartus/nios2eds/bin/gnu/H-x86_64-pc-linux-gnu/bin/../lib/gcc/nios2-elf/5.3.0/../../../../../H-x86_64-pc-linux-gnu/nios2-elf/lib/mno-hw-mul/libc.a(lib_a-memcmp.o)
 .debug_line    0x0000000000001f81      0x16f /opt/Quartus/nios2eds/bin/gnu/H-x86_64-pc-linux-gnu/bin/../lib/gcc/nios2-elf/5.3.0/../../../../../H-x86_64-pc-linux-gnu/nios2-elf/lib/mno-hw-mul/libc.a(lib_a-strlen.o)
 .debug_line    0x00000000000020f0      0x21f /opt/Quartus/nios2eds/bin/gnu/H-x86_64-pc-linux-gnu/bin/../lib/gcc/nios2-elf/5.3.0/../../../../../H-x86_64-pc-linux-gnu/nios2-elf/lib/mno-hw-mul/libc.a(lib_a-__atexit.o)
 .debug_line    0x000000000000230f      0x23a /opt/Quartus/nios2eds/bin/gnu/H-x86_64-pc-linux-gnu/bin/../lib/gcc/nios2-elf/5.3.0/../../../../../H-x86_64-pc-linux-gnu/nios2-elf/lib/mno-hw-mul/libc.a(lib_a-__call_atexit.o)
 .debug_line    0x0000000000002549       0x80 /opt/Quartus/nios2eds/bin/gnu/H-x86_64-pc-linux-gnu/bin/../lib/gcc/nios2-elf/5.3.0/mno-hw-mul/libgcc.a(lib2-mul.o)
 .debug_line    0x00000000000025c9       0x71 ../traffic_core_bsp//libhal_bsp.a(alt_exit.o)

.debug_frame    0x0000000000000000      0x9dc
 *(.debug_frame)
 .debug_frame   0x0000000000000000       0x50 obj/default/main.o
 .debug_frame   0x0000000000000050       0x50 /opt/Quartus/nios2eds/bin/gnu/H-x86_64-pc-linux-gnu/bin/../lib/gcc/nios2-elf/5.3.0/mno-hw-mul/libgcc.a(lib2-divmod.o)
 .debug_frame   0x00000000000000a0       0x5c ../traffic_core_bsp//libhal_bsp.a(alt_load.o)
 .debug_frame   0x00000000000000fc       0x2c ../traffic_core_bsp//libhal_bsp.a(alt_main.o)
 .debug_frame   0x0000000000000128       0x5c ../traffic_core_bsp//libhal_bsp.a(alt_tick.o)
 .debug_frame   0x0000000000000184       0x88 ../traffic_core_bsp//libhal_bsp.a(alt_sys_init.o)
 .debug_frame   0x000000000000020c       0x60 ../traffic_core_bsp//libhal_bsp.a(altera_avalon_jtag_uart_fd.o)
 .debug_frame   0x000000000000026c       0x34 ../traffic_core_bsp//libhal_bsp.a(altera_avalon_jtag_uart_read.o)
 .debug_frame   0x00000000000002a0       0x34 ../traffic_core_bsp//libhal_bsp.a(altera_avalon_jtag_uart_write.o)
 .debug_frame   0x00000000000002d4       0x60 ../traffic_core_bsp//libhal_bsp.a(altera_avalon_timer_sc.o)
 .debug_frame   0x0000000000000334       0x60 ../traffic_core_bsp//libhal_bsp.a(alt_close.o)
 .debug_frame   0x0000000000000394       0x34 ../traffic_core_bsp//libhal_bsp.a(alt_dcache_flush_all.o)
 .debug_frame   0x00000000000003c8       0x34 ../traffic_core_bsp//libhal_bsp.a(alt_dev.o)
 .debug_frame   0x00000000000003fc       0x60 ../traffic_core_bsp//libhal_bsp.a(alt_dev_llist_insert.o)
 .debug_frame   0x000000000000045c       0x38 ../traffic_core_bsp//libhal_bsp.a(alt_do_ctors.o)
 .debug_frame   0x0000000000000494       0x38 ../traffic_core_bsp//libhal_bsp.a(alt_do_dtors.o)
 .debug_frame   0x00000000000004cc       0x34 ../traffic_core_bsp//libhal_bsp.a(alt_icache_flush_all.o)
 .debug_frame   0x0000000000000500       0xa4 ../traffic_core_bsp//libhal_bsp.a(alt_iic.o)
 .debug_frame   0x00000000000005a4       0x38 ../traffic_core_bsp//libhal_bsp.a(alt_iic_isr_register.o)
 .debug_frame   0x00000000000005dc       0x64 ../traffic_core_bsp//libhal_bsp.a(alt_io_redirect.o)
 .debug_frame   0x0000000000000640       0x38 ../traffic_core_bsp//libhal_bsp.a(alt_irq_handler.o)
 .debug_frame   0x0000000000000678       0x8c ../traffic_core_bsp//libhal_bsp.a(alt_open.o)
 .debug_frame   0x0000000000000704       0x3c ../traffic_core_bsp//libhal_bsp.a(alt_release_fd.o)
 .debug_frame   0x0000000000000740       0x34 ../traffic_core_bsp//libhal_bsp.a(altera_nios2_gen2_irq.o)
 .debug_frame   0x0000000000000774       0x38 ../traffic_core_bsp//libhal_bsp.a(alt_find_dev.o)
 .debug_frame   0x00000000000007ac       0x38 ../traffic_core_bsp//libhal_bsp.a(alt_find_file.o)
 .debug_frame   0x00000000000007e4       0x3c ../traffic_core_bsp//libhal_bsp.a(alt_get_fd.o)
 .debug_frame   0x0000000000000820       0x5c ../traffic_core_bsp//libhal_bsp.a(alt_instruction_exception_entry.o)
 .debug_frame   0x000000000000087c       0x20 /opt/Quartus/nios2eds/bin/gnu/H-x86_64-pc-linux-gnu/bin/../lib/gcc/nios2-elf/5.3.0/../../../../../H-x86_64-pc-linux-gnu/nios2-elf/lib/mno-hw-mul/libc.a(lib_a-atexit.o)
 .debug_frame   0x000000000000089c       0x28 /opt/Quartus/nios2eds/bin/gnu/H-x86_64-pc-linux-gnu/bin/../lib/gcc/nios2-elf/5.3.0/../../../../../H-x86_64-pc-linux-gnu/nios2-elf/lib/mno-hw-mul/libc.a(lib_a-exit.o)
 .debug_frame   0x00000000000008c4       0x20 /opt/Quartus/nios2eds/bin/gnu/H-x86_64-pc-linux-gnu/bin/../lib/gcc/nios2-elf/5.3.0/../../../../../H-x86_64-pc-linux-gnu/nios2-elf/lib/mno-hw-mul/libc.a(lib_a-memcmp.o)
 .debug_frame   0x00000000000008e4       0x20 /opt/Quartus/nios2eds/bin/gnu/H-x86_64-pc-linux-gnu/bin/../lib/gcc/nios2-elf/5.3.0/../../../../../H-x86_64-pc-linux-gnu/nios2-elf/lib/mno-hw-mul/libc.a(lib_a-strlen.o)
 .debug_frame   0x0000000000000904       0x38 /opt/Quartus/nios2eds/bin/gnu/H-x86_64-pc-linux-gnu/bin/../lib/gcc/nios2-elf/5.3.0/../../../../../H-x86_64-pc-linux-gnu/nios2-elf/lib/mno-hw-mul/libc.a(lib_a-__atexit.o)
 .debug_frame   0x000000000000093c       0x54 /opt/Quartus/nios2eds/bin/gnu/H-x86_64-pc-linux-gnu/bin/../lib/gcc/nios2-elf/5.3.0/../../../../../H-x86_64-pc-linux-gnu/nios2-elf/lib/mno-hw-mul/libc.a(lib_a-__call_atexit.o)
 .debug_frame   0x0000000000000990       0x20 /opt/Quartus/nios2eds/bin/gnu/H-x86_64-pc-linux-gnu/bin/../lib/gcc/nios2-elf/5.3.0/mno-hw-mul/libgcc.a(lib2-mul.o)
 .debug_frame   0x00000000000009b0       0x2c ../traffic_core_bsp//libhal_bsp.a(alt_exit.o)

.debug_str      0x0000000000000000     0x1b13
 *(.debug_str)
 .debug_str     0x0000000000000000      0x1c2 obj/default/main.o
                                        0x223 (size before relaxing)
 .debug_str     0x00000000000001c2      0x188 /opt/Quartus/nios2eds/bin/gnu/H-x86_64-pc-linux-gnu/bin/../lib/gcc/nios2-elf/5.3.0/mno-hw-mul/libgcc.a(lib2-divmod.o)
                                        0x1d3 (size before relaxing)
 .debug_str     0x000000000000034a      0x15d ../traffic_core_bsp//libhal_bsp.a(alt_load.o)
                                        0x24c (size before relaxing)
 .debug_str     0x00000000000004a7       0x44 ../traffic_core_bsp//libhal_bsp.a(alt_main.o)
                                        0x1d7 (size before relaxing)
 .debug_str     0x00000000000004eb       0xaf ../traffic_core_bsp//libhal_bsp.a(alt_tick.o)
                                        0x28c (size before relaxing)
 .debug_str     0x000000000000059a      0x167 ../traffic_core_bsp//libhal_bsp.a(alt_sys_init.o)
                                        0x344 (size before relaxing)
 .debug_str     0x0000000000000701       0x77 ../traffic_core_bsp//libhal_bsp.a(altera_avalon_jtag_uart_fd.o)
                                        0x30f (size before relaxing)
 .debug_str     0x0000000000000778       0x48 ../traffic_core_bsp//libhal_bsp.a(altera_avalon_jtag_uart_read.o)
                                        0x259 (size before relaxing)
 .debug_str     0x00000000000007c0       0x4a ../traffic_core_bsp//libhal_bsp.a(altera_avalon_jtag_uart_write.o)
                                        0x24f (size before relaxing)
 .debug_str     0x000000000000080a       0x7f ../traffic_core_bsp//libhal_bsp.a(altera_avalon_timer_sc.o)
                                        0x285 (size before relaxing)
 .debug_str     0x0000000000000889       0x44 ../traffic_core_bsp//libhal_bsp.a(alt_close.o)
                                        0x245 (size before relaxing)
 .debug_str     0x00000000000008cd       0x34 ../traffic_core_bsp//libhal_bsp.a(alt_dcache_flush_all.o)
                                        0x18f (size before relaxing)
 .debug_str     0x0000000000000901      0x120 ../traffic_core_bsp//libhal_bsp.a(alt_dev.o)
                                        0x33f (size before relaxing)
 .debug_str     0x0000000000000a21       0x45 ../traffic_core_bsp//libhal_bsp.a(alt_dev_llist_insert.o)
                                        0x206 (size before relaxing)
 .debug_str     0x0000000000000a66       0x48 ../traffic_core_bsp//libhal_bsp.a(alt_do_ctors.o)
                                        0x10a (size before relaxing)
 .debug_str     0x0000000000000aae       0x4c ../traffic_core_bsp//libhal_bsp.a(alt_do_dtors.o)
                                        0x109 (size before relaxing)
 .debug_str     0x0000000000000afa       0x14 ../traffic_core_bsp//libhal_bsp.a(alt_errno.o)
                                        0x17f (size before relaxing)
 .debug_str     0x0000000000000b0e       0x34 ../traffic_core_bsp//libhal_bsp.a(alt_icache_flush_all.o)
                                        0x18f (size before relaxing)
 .debug_str     0x0000000000000b42       0xc4 ../traffic_core_bsp//libhal_bsp.a(alt_iic.o)
                                        0x278 (size before relaxing)
 .debug_str     0x0000000000000c06       0x4c ../traffic_core_bsp//libhal_bsp.a(alt_iic_isr_register.o)
                                        0x222 (size before relaxing)
 .debug_str     0x0000000000000c52       0x56 ../traffic_core_bsp//libhal_bsp.a(alt_io_redirect.o)
                                        0x350 (size before relaxing)
 .debug_str     0x0000000000000ca8       0x3a ../traffic_core_bsp//libhal_bsp.a(alt_irq_handler.o)
                                        0x1d1 (size before relaxing)
 .debug_str     0x0000000000000ce2       0x17 ../traffic_core_bsp//libhal_bsp.a(alt_irq_vars.o)
                                        0x174 (size before relaxing)
 .debug_str     0x0000000000000cf9       0x2f ../traffic_core_bsp//libhal_bsp.a(alt_open.o)
                                        0x285 (size before relaxing)
 .debug_str     0x0000000000000d28       0x28 ../traffic_core_bsp//libhal_bsp.a(alt_release_fd.o)
                                        0x20d (size before relaxing)
 .debug_str     0x0000000000000d50       0x3b ../traffic_core_bsp//libhal_bsp.a(altera_nios2_gen2_irq.o)
                                        0x196 (size before relaxing)
 .debug_str     0x0000000000000d8b       0x24 ../traffic_core_bsp//libhal_bsp.a(alt_find_dev.o)
                                        0x226 (size before relaxing)
 .debug_str     0x0000000000000daf       0x26 ../traffic_core_bsp//libhal_bsp.a(alt_find_file.o)
                                        0x234 (size before relaxing)
 .debug_str     0x0000000000000dd5       0x30 ../traffic_core_bsp//libhal_bsp.a(alt_get_fd.o)
                                        0x256 (size before relaxing)
 .debug_str     0x0000000000000e05      0x48b ../traffic_core_bsp//libhal_bsp.a(alt_instruction_exception_entry.o)
                                        0x5da (size before relaxing)
 .debug_str     0x0000000000001290      0x17d /opt/Quartus/nios2eds/bin/gnu/H-x86_64-pc-linux-gnu/bin/../lib/gcc/nios2-elf/5.3.0/../../../../../H-x86_64-pc-linux-gnu/nios2-elf/lib/mno-hw-mul/libc.a(lib_a-atexit.o)
                                        0x222 (size before relaxing)
 .debug_str     0x000000000000140d      0x3b6 /opt/Quartus/nios2eds/bin/gnu/H-x86_64-pc-linux-gnu/bin/../lib/gcc/nios2-elf/5.3.0/../../../../../H-x86_64-pc-linux-gnu/nios2-elf/lib/mno-hw-mul/libc.a(lib_a-exit.o)
                                        0x5bf (size before relaxing)
 .debug_str     0x00000000000017c3       0xd7 /opt/Quartus/nios2eds/bin/gnu/H-x86_64-pc-linux-gnu/bin/../lib/gcc/nios2-elf/5.3.0/../../../../../H-x86_64-pc-linux-gnu/nios2-elf/lib/mno-hw-mul/libc.a(lib_a-impure.o)
                                        0x5b6 (size before relaxing)
 .debug_str     0x000000000000189a       0x3f /opt/Quartus/nios2eds/bin/gnu/H-x86_64-pc-linux-gnu/bin/../lib/gcc/nios2-elf/5.3.0/../../../../../H-x86_64-pc-linux-gnu/nios2-elf/lib/mno-hw-mul/libc.a(lib_a-int_errno.o)
                                        0x1de (size before relaxing)
 .debug_str     0x00000000000018d9       0xdb /opt/Quartus/nios2eds/bin/gnu/H-x86_64-pc-linux-gnu/bin/../lib/gcc/nios2-elf/5.3.0/../../../../../H-x86_64-pc-linux-gnu/nios2-elf/lib/mno-hw-mul/libc.a(lib_a-memcmp.o)
                                        0x1e5 (size before relaxing)
 .debug_str     0x00000000000019b4       0x51 /opt/Quartus/nios2eds/bin/gnu/H-x86_64-pc-linux-gnu/bin/../lib/gcc/nios2-elf/5.3.0/../../../../../H-x86_64-pc-linux-gnu/nios2-elf/lib/mno-hw-mul/libc.a(lib_a-strlen.o)
                                        0x1f8 (size before relaxing)
 .debug_str     0x0000000000001a05       0x3f /opt/Quartus/nios2eds/bin/gnu/H-x86_64-pc-linux-gnu/bin/../lib/gcc/nios2-elf/5.3.0/../../../../../H-x86_64-pc-linux-gnu/nios2-elf/lib/mno-hw-mul/libc.a(lib_a-__atexit.o)
                                        0x5f7 (size before relaxing)
 .debug_str     0x0000000000001a44       0x65 /opt/Quartus/nios2eds/bin/gnu/H-x86_64-pc-linux-gnu/bin/../lib/gcc/nios2-elf/5.3.0/../../../../../H-x86_64-pc-linux-gnu/nios2-elf/lib/mno-hw-mul/libc.a(lib_a-__call_atexit.o)
                                        0x5e3 (size before relaxing)
 .debug_str     0x0000000000001aa9       0x40 /opt/Quartus/nios2eds/bin/gnu/H-x86_64-pc-linux-gnu/bin/../lib/gcc/nios2-elf/5.3.0/mno-hw-mul/libgcc.a(lib2-mul.o)
                                        0x194 (size before relaxing)
 .debug_str     0x0000000000001ae9       0x2a ../traffic_core_bsp//libhal_bsp.a(alt_exit.o)
                                        0x18b (size before relaxing)

.debug_loc      0x0000000000000000      0xa6b
 *(.debug_loc)
 .debug_loc     0x0000000000000000      0x4ce /opt/Quartus/nios2eds/bin/gnu/H-x86_64-pc-linux-gnu/bin/../lib/gcc/nios2-elf/5.3.0/mno-hw-mul/libgcc.a(lib2-divmod.o)
 .debug_loc     0x00000000000004ce       0x2c /opt/Quartus/nios2eds/bin/gnu/H-x86_64-pc-linux-gnu/bin/../lib/gcc/nios2-elf/5.3.0/../../../../../H-x86_64-pc-linux-gnu/nios2-elf/lib/mno-hw-mul/libc.a(lib_a-atexit.o)
 .debug_loc     0x00000000000004fa       0x1e /opt/Quartus/nios2eds/bin/gnu/H-x86_64-pc-linux-gnu/bin/../lib/gcc/nios2-elf/5.3.0/../../../../../H-x86_64-pc-linux-gnu/nios2-elf/lib/mno-hw-mul/libc.a(lib_a-exit.o)
 .debug_loc     0x0000000000000518      0x126 /opt/Quartus/nios2eds/bin/gnu/H-x86_64-pc-linux-gnu/bin/../lib/gcc/nios2-elf/5.3.0/../../../../../H-x86_64-pc-linux-gnu/nios2-elf/lib/mno-hw-mul/libc.a(lib_a-memcmp.o)
 .debug_loc     0x000000000000063e       0x47 /opt/Quartus/nios2eds/bin/gnu/H-x86_64-pc-linux-gnu/bin/../lib/gcc/nios2-elf/5.3.0/../../../../../H-x86_64-pc-linux-gnu/nios2-elf/lib/mno-hw-mul/libc.a(lib_a-strlen.o)
 .debug_loc     0x0000000000000685      0x185 /opt/Quartus/nios2eds/bin/gnu/H-x86_64-pc-linux-gnu/bin/../lib/gcc/nios2-elf/5.3.0/../../../../../H-x86_64-pc-linux-gnu/nios2-elf/lib/mno-hw-mul/libc.a(lib_a-__atexit.o)
 .debug_loc     0x000000000000080a      0x1ce /opt/Quartus/nios2eds/bin/gnu/H-x86_64-pc-linux-gnu/bin/../lib/gcc/nios2-elf/5.3.0/../../../../../H-x86_64-pc-linux-gnu/nios2-elf/lib/mno-hw-mul/libc.a(lib_a-__call_atexit.o)
 .debug_loc     0x00000000000009d8       0x93 /opt/Quartus/nios2eds/bin/gnu/H-x86_64-pc-linux-gnu/bin/../lib/gcc/nios2-elf/5.3.0/mno-hw-mul/libgcc.a(lib2-mul.o)

.debug_macinfo
 *(.debug_macinfo)

.debug_weaknames
 *(.debug_weaknames)

.debug_funcnames
 *(.debug_funcnames)

.debug_typenames
 *(.debug_typenames)

.debug_varnames
 *(.debug_varnames)

.debug_alt_sim_info
                0x0000000000000000       0x10
 *(.debug_alt_sim_info)
 .debug_alt_sim_info
                0x0000000000000000       0x10 ../traffic_core_bsp//obj/HAL/src/crt0.o
                0x000000000002c000                __alt_data_end = 0x2c000
                0x000000000002c000                PROVIDE (__alt_stack_pointer, __alt_data_end)
                [!provide]                        PROVIDE (__alt_stack_limit, __alt_stack_base)
                [!provide]                        PROVIDE (__alt_heap_start, end)
                [!provide]                        PROVIDE (__alt_heap_limit, 0x2c000)
OUTPUT(traffic_core.elf elf32-littlenios2)

.debug_ranges   0x0000000000000000      0x198
 .debug_ranges  0x0000000000000000       0x20 ../traffic_core_bsp//obj/HAL/src/crt0.o
 .debug_ranges  0x0000000000000020       0x60 /opt/Quartus/nios2eds/bin/gnu/H-x86_64-pc-linux-gnu/bin/../lib/gcc/nios2-elf/5.3.0/mno-hw-mul/libgcc.a(lib2-divmod.o)
 .debug_ranges  0x0000000000000080       0x18 ../traffic_core_bsp//libhal_bsp.a(altera_avalon_jtag_uart_read.o)
 .debug_ranges  0x0000000000000098       0x28 ../traffic_core_bsp//libhal_bsp.a(alt_irq_entry.o)
 .debug_ranges  0x00000000000000c0       0x10 ../traffic_core_bsp//libhal_bsp.a(alt_irq_handler.o)
 .debug_ranges  0x00000000000000d0       0x30 ../traffic_core_bsp//libhal_bsp.a(alt_exception_entry.o)
 .debug_ranges  0x0000000000000100       0x18 ../traffic_core_bsp//libhal_bsp.a(alt_instruction_exception_entry.o)
 .debug_ranges  0x0000000000000118       0x10 /opt/Quartus/nios2eds/bin/gnu/H-x86_64-pc-linux-gnu/bin/../lib/gcc/nios2-elf/5.3.0/../../../../../H-x86_64-pc-linux-gnu/nios2-elf/lib/mno-hw-mul/libc.a(lib_a-atexit.o)
 .debug_ranges  0x0000000000000128       0x10 /opt/Quartus/nios2eds/bin/gnu/H-x86_64-pc-linux-gnu/bin/../lib/gcc/nios2-elf/5.3.0/../../../../../H-x86_64-pc-linux-gnu/nios2-elf/lib/mno-hw-mul/libc.a(lib_a-exit.o)
 .debug_ranges  0x0000000000000138       0x10 /opt/Quartus/nios2eds/bin/gnu/H-x86_64-pc-linux-gnu/bin/../lib/gcc/nios2-elf/5.3.0/../../../../../H-x86_64-pc-linux-gnu/nios2-elf/lib/mno-hw-mul/libc.a(lib_a-memcmp.o)
 .debug_ranges  0x0000000000000148       0x10 /opt/Quartus/nios2eds/bin/gnu/H-x86_64-pc-linux-gnu/bin/../lib/gcc/nios2-elf/5.3.0/../../../../../H-x86_64-pc-linux-gnu/nios2-elf/lib/mno-hw-mul/libc.a(lib_a-strlen.o)
 .debug_ranges  0x0000000000000158       0x10 /opt/Quartus/nios2eds/bin/gnu/H-x86_64-pc-linux-gnu/bin/../lib/gcc/nios2-elf/5.3.0/../../../../../H-x86_64-pc-linux-gnu/nios2-elf/lib/mno-hw-mul/libc.a(lib_a-__atexit.o)
 .debug_ranges  0x0000000000000168       0x30 /opt/Quartus/nios2eds/bin/gnu/H-x86_64-pc-linux-gnu/bin/../lib/gcc/nios2-elf/5.3.0/../../../../../H-x86_64-pc-linux-gnu/nios2-elf/lib/mno-hw-mul/libc.a(lib_a-__call_atexit.o)
