Archive member included to satisfy reference by file (symbol)

/opt/Quartus/nios2eds/bin/gnu/H-x86_64-pc-linux-gnu/bin/../lib/gcc/nios2-elf/5.3.0/mno-hw-mul/libgcc.a(lib2-divmod.o)
                              obj/default/main.o (__divsi3)
../traffic_core_DE10_bsp//libhal_bsp.a(alt_load.o)
                              ../traffic_core_DE10_bsp//obj/HAL/src/crt0.o (alt_load)
../traffic_core_DE10_bsp//libhal_bsp.a(alt_main.o)
                              ../traffic_core_DE10_bsp//obj/HAL/src/crt0.o (alt_main)
../traffic_core_DE10_bsp//libhal_bsp.a(alt_tick.o)
                              obj/default/main.o (_alt_tick_rate)
../traffic_core_DE10_bsp//libhal_bsp.a(alt_sys_init.o)
                              ../traffic_core_DE10_bsp//libhal_bsp.a(alt_main.o) (alt_irq_init)
../traffic_core_DE10_bsp//libhal_bsp.a(altera_avalon_jtag_uart_fd.o)
                              ../traffic_core_DE10_bsp//libhal_bsp.a(alt_sys_init.o) (altera_avalon_jtag_uart_read_fd)
../traffic_core_DE10_bsp//libhal_bsp.a(altera_avalon_jtag_uart_init.o)
                              ../traffic_core_DE10_bsp//libhal_bsp.a(alt_sys_init.o) (altera_avalon_jtag_uart_init)
../traffic_core_DE10_bsp//libhal_bsp.a(altera_avalon_jtag_uart_ioctl.o)
                              ../traffic_core_DE10_bsp//libhal_bsp.a(altera_avalon_jtag_uart_fd.o) (altera_avalon_jtag_uart_ioctl)
../traffic_core_DE10_bsp//libhal_bsp.a(altera_avalon_jtag_uart_read.o)
                              ../traffic_core_DE10_bsp//libhal_bsp.a(altera_avalon_jtag_uart_fd.o) (altera_avalon_jtag_uart_read)
../traffic_core_DE10_bsp//libhal_bsp.a(altera_avalon_jtag_uart_write.o)
                              ../traffic_core_DE10_bsp//libhal_bsp.a(altera_avalon_jtag_uart_fd.o) (altera_avalon_jtag_uart_write)
../traffic_core_DE10_bsp//libhal_bsp.a(altera_avalon_timer_sc.o)
                              ../traffic_core_DE10_bsp//libhal_bsp.a(alt_sys_init.o) (alt_avalon_timer_sc_init)
../traffic_core_DE10_bsp//libhal_bsp.a(alt_alarm_start.o)
                              ../traffic_core_DE10_bsp//libhal_bsp.a(altera_avalon_jtag_uart_init.o) (alt_alarm_start)
../traffic_core_DE10_bsp//libhal_bsp.a(alt_close.o)
                              ../traffic_core_DE10_bsp//libhal_bsp.a(alt_main.o) (close)
../traffic_core_DE10_bsp//libhal_bsp.a(alt_dcache_flush_all.o)
                              ../traffic_core_DE10_bsp//libhal_bsp.a(alt_load.o) (alt_dcache_flush_all)
../traffic_core_DE10_bsp//libhal_bsp.a(alt_dev.o)
                              ../traffic_core_DE10_bsp//libhal_bsp.a(alt_sys_init.o) (alt_dev_list)
../traffic_core_DE10_bsp//libhal_bsp.a(alt_dev_llist_insert.o)
                              ../traffic_core_DE10_bsp//libhal_bsp.a(alt_sys_init.o) (alt_dev_llist_insert)
../traffic_core_DE10_bsp//libhal_bsp.a(alt_do_ctors.o)
                              ../traffic_core_DE10_bsp//libhal_bsp.a(alt_main.o) (_do_ctors)
../traffic_core_DE10_bsp//libhal_bsp.a(alt_do_dtors.o)
                              ../traffic_core_DE10_bsp//libhal_bsp.a(alt_main.o) (_do_dtors)
../traffic_core_DE10_bsp//libhal_bsp.a(alt_errno.o)
                              ../traffic_core_DE10_bsp//libhal_bsp.a(alt_close.o) (alt_errno)
../traffic_core_DE10_bsp//libhal_bsp.a(alt_icache_flush_all.o)
                              ../traffic_core_DE10_bsp//libhal_bsp.a(alt_load.o) (alt_icache_flush_all)
../traffic_core_DE10_bsp//libhal_bsp.a(alt_iic.o)
                              ../traffic_core_DE10_bsp//libhal_bsp.a(altera_avalon_jtag_uart_init.o) (alt_ic_isr_register)
../traffic_core_DE10_bsp//libhal_bsp.a(alt_iic_isr_register.o)
                              ../traffic_core_DE10_bsp//libhal_bsp.a(alt_iic.o) (alt_iic_isr_register)
../traffic_core_DE10_bsp//libhal_bsp.a(alt_io_redirect.o)
                              ../traffic_core_DE10_bsp//libhal_bsp.a(alt_main.o) (alt_io_redirect)
../traffic_core_DE10_bsp//libhal_bsp.a(alt_irq_entry.o)
                              ../traffic_core_DE10_bsp//libhal_bsp.a(alt_iic_isr_register.o) (alt_irq_entry)
../traffic_core_DE10_bsp//libhal_bsp.a(alt_irq_handler.o)
                              ../traffic_core_DE10_bsp//libhal_bsp.a(alt_iic_isr_register.o) (alt_irq)
../traffic_core_DE10_bsp//libhal_bsp.a(alt_irq_vars.o)
                              ../traffic_core_DE10_bsp//libhal_bsp.a(alt_iic.o) (alt_irq_active)
../traffic_core_DE10_bsp//libhal_bsp.a(alt_open.o)
                              ../traffic_core_DE10_bsp//libhal_bsp.a(alt_io_redirect.o) (open)
../traffic_core_DE10_bsp//libhal_bsp.a(alt_release_fd.o)
                              ../traffic_core_DE10_bsp//libhal_bsp.a(alt_close.o) (alt_release_fd)
../traffic_core_DE10_bsp//libhal_bsp.a(altera_nios2_gen2_irq.o)
                              ../traffic_core_DE10_bsp//libhal_bsp.a(alt_sys_init.o) (altera_nios2_gen2_irq_init)
../traffic_core_DE10_bsp//libhal_bsp.a(alt_exception_entry.o)
                              ../traffic_core_DE10_bsp//libhal_bsp.a(alt_irq_entry.o) (alt_exception)
../traffic_core_DE10_bsp//libhal_bsp.a(alt_find_dev.o)
                              ../traffic_core_DE10_bsp//libhal_bsp.a(alt_open.o) (alt_find_dev)
../traffic_core_DE10_bsp//libhal_bsp.a(alt_find_file.o)
                              ../traffic_core_DE10_bsp//libhal_bsp.a(alt_open.o) (alt_find_file)
../traffic_core_DE10_bsp//libhal_bsp.a(alt_get_fd.o)
                              ../traffic_core_DE10_bsp//libhal_bsp.a(alt_open.o) (alt_get_fd)
../traffic_core_DE10_bsp//libhal_bsp.a(alt_instruction_exception_entry.o)
                              ../traffic_core_DE10_bsp//libhal_bsp.a(alt_exception_entry.o) (alt_instruction_exception_entry)
/opt/Quartus/nios2eds/bin/gnu/H-x86_64-pc-linux-gnu/bin/../lib/gcc/nios2-elf/5.3.0/../../../../../H-x86_64-pc-linux-gnu/nios2-elf/lib/mno-hw-mul/libc.a(lib_a-atexit.o)
                              ../traffic_core_DE10_bsp//libhal_bsp.a(alt_main.o) (atexit)
/opt/Quartus/nios2eds/bin/gnu/H-x86_64-pc-linux-gnu/bin/../lib/gcc/nios2-elf/5.3.0/../../../../../H-x86_64-pc-linux-gnu/nios2-elf/lib/mno-hw-mul/libc.a(lib_a-exit.o)
                              ../traffic_core_DE10_bsp//libhal_bsp.a(alt_main.o) (exit)
/opt/Quartus/nios2eds/bin/gnu/H-x86_64-pc-linux-gnu/bin/../lib/gcc/nios2-elf/5.3.0/../../../../../H-x86_64-pc-linux-gnu/nios2-elf/lib/mno-hw-mul/libc.a(lib_a-impure.o)
                              /opt/Quartus/nios2eds/bin/gnu/H-x86_64-pc-linux-gnu/bin/../lib/gcc/nios2-elf/5.3.0/../../../../../H-x86_64-pc-linux-gnu/nios2-elf/lib/mno-hw-mul/libc.a(lib_a-exit.o) (_global_impure_ptr)
/opt/Quartus/nios2eds/bin/gnu/H-x86_64-pc-linux-gnu/bin/../lib/gcc/nios2-elf/5.3.0/../../../../../H-x86_64-pc-linux-gnu/nios2-elf/lib/mno-hw-mul/libc.a(lib_a-int_errno.o)
                              ../traffic_core_DE10_bsp//libhal_bsp.a(alt_close.o) (errno)
/opt/Quartus/nios2eds/bin/gnu/H-x86_64-pc-linux-gnu/bin/../lib/gcc/nios2-elf/5.3.0/../../../../../H-x86_64-pc-linux-gnu/nios2-elf/lib/mno-hw-mul/libc.a(lib_a-memcmp.o)
                              ../traffic_core_DE10_bsp//libhal_bsp.a(alt_find_dev.o) (memcmp)
/opt/Quartus/nios2eds/bin/gnu/H-x86_64-pc-linux-gnu/bin/../lib/gcc/nios2-elf/5.3.0/../../../../../H-x86_64-pc-linux-gnu/nios2-elf/lib/mno-hw-mul/libc.a(lib_a-memcpy.o)
                              ../traffic_core_DE10_bsp//libhal_bsp.a(altera_avalon_jtag_uart_read.o) (memcpy)
/opt/Quartus/nios2eds/bin/gnu/H-x86_64-pc-linux-gnu/bin/../lib/gcc/nios2-elf/5.3.0/../../../../../H-x86_64-pc-linux-gnu/nios2-elf/lib/mno-hw-mul/libc.a(lib_a-strlen.o)
                              ../traffic_core_DE10_bsp//libhal_bsp.a(alt_find_dev.o) (strlen)
/opt/Quartus/nios2eds/bin/gnu/H-x86_64-pc-linux-gnu/bin/../lib/gcc/nios2-elf/5.3.0/../../../../../H-x86_64-pc-linux-gnu/nios2-elf/lib/mno-hw-mul/libc.a(lib_a-__atexit.o)
                              /opt/Quartus/nios2eds/bin/gnu/H-x86_64-pc-linux-gnu/bin/../lib/gcc/nios2-elf/5.3.0/../../../../../H-x86_64-pc-linux-gnu/nios2-elf/lib/mno-hw-mul/libc.a(lib_a-atexit.o) (__register_exitproc)
/opt/Quartus/nios2eds/bin/gnu/H-x86_64-pc-linux-gnu/bin/../lib/gcc/nios2-elf/5.3.0/../../../../../H-x86_64-pc-linux-gnu/nios2-elf/lib/mno-hw-mul/libc.a(lib_a-__call_atexit.o)
                              /opt/Quartus/nios2eds/bin/gnu/H-x86_64-pc-linux-gnu/bin/../lib/gcc/nios2-elf/5.3.0/../../../../../H-x86_64-pc-linux-gnu/nios2-elf/lib/mno-hw-mul/libc.a(lib_a-exit.o) (__call_exitprocs)
/opt/Quartus/nios2eds/bin/gnu/H-x86_64-pc-linux-gnu/bin/../lib/gcc/nios2-elf/5.3.0/mno-hw-mul/libgcc.a(lib2-mul.o)
                              ../traffic_core_DE10_bsp//libhal_bsp.a(alt_close.o) (__mulsi3)
../traffic_core_DE10_bsp//libhal_bsp.a(alt_exit.o)
                              /opt/Quartus/nios2eds/bin/gnu/H-x86_64-pc-linux-gnu/bin/../lib/gcc/nios2-elf/5.3.0/../../../../../H-x86_64-pc-linux-gnu/nios2-elf/lib/mno-hw-mul/libc.a(lib_a-exit.o) (_exit)

Allocating common symbols
Common symbol       size              file

alt_irq             0x100             ../traffic_core_DE10_bsp//libhal_bsp.a(alt_irq_handler.o)
errno               0x4               /opt/Quartus/nios2eds/bin/gnu/H-x86_64-pc-linux-gnu/bin/../lib/gcc/nios2-elf/5.3.0/../../../../../H-x86_64-pc-linux-gnu/nios2-elf/lib/mno-hw-mul/libc.a(lib_a-int_errno.o)

Memory Configuration

Name             Origin             Length             Attributes
reset            0x0000000000020000 0x0000000000000020
CODE_MEMORY      0x0000000000020020 0x0000000000013860
*default*        0x0000000000000000 0xffffffffffffffff

Linker script and memory map

LOAD ../traffic_core_DE10_bsp//obj/HAL/src/crt0.o
LOAD obj/default/main.o
LOAD /opt/Quartus/nios2eds/bin/gnu/H-x86_64-pc-linux-gnu/bin/../lib/gcc/nios2-elf/5.3.0/../../../../../H-x86_64-pc-linux-gnu/nios2-elf/lib/mno-hw-mul/libstdc++.a
LOAD /opt/Quartus/nios2eds/bin/gnu/H-x86_64-pc-linux-gnu/bin/../lib/gcc/nios2-elf/5.3.0/../../../../../H-x86_64-pc-linux-gnu/nios2-elf/lib/mno-hw-mul/libm.a
LOAD /opt/Quartus/nios2eds/bin/gnu/H-x86_64-pc-linux-gnu/bin/../lib/gcc/nios2-elf/5.3.0/mno-hw-mul/libgcc.a
START GROUP
LOAD /opt/Quartus/nios2eds/bin/gnu/H-x86_64-pc-linux-gnu/bin/../lib/gcc/nios2-elf/5.3.0/../../../../../H-x86_64-pc-linux-gnu/nios2-elf/lib/mno-hw-mul/libc.a
LOAD /opt/Quartus/nios2eds/bin/gnu/H-x86_64-pc-linux-gnu/bin/../lib/gcc/nios2-elf/5.3.0/mno-hw-mul/libgcc.a
LOAD ../traffic_core_DE10_bsp//libhal_bsp.a
LOAD /opt/Quartus/nios2eds/bin/gnu/H-x86_64-pc-linux-gnu/bin/../lib/gcc/nios2-elf/5.3.0/../../../../../H-x86_64-pc-linux-gnu/nios2-elf/lib/mno-hw-mul/libm.a
END GROUP
LOAD /opt/Quartus/nios2eds/bin/gnu/H-x86_64-pc-linux-gnu/bin/../lib/gcc/nios2-elf/5.3.0/mno-hw-mul/libgcc.a
                0x0000000000020000                __alt_mem_CODE_MEMORY = 0x20000

.entry          0x0000000000020000       0x20
 *(.entry)
 .entry         0x0000000000020000       0x20 ../traffic_core_DE10_bsp//obj/HAL/src/crt0.o
                0x0000000000020000                __reset

.exceptions     0x0000000000020020      0x210
                0x0000000000020020                PROVIDE (__ram_exceptions_start, ABSOLUTE (.))
                0x0000000000020020                . = ALIGN (0x20)
 *(.irq)
 *(.exceptions.entry.label)
 .exceptions.entry.label
                0x0000000000020020        0x0 ../traffic_core_DE10_bsp//libhal_bsp.a(alt_irq_entry.o)
                0x0000000000020020                alt_irq_entry
 .exceptions.entry.label
                0x0000000000020020        0x0 ../traffic_core_DE10_bsp//libhal_bsp.a(alt_exception_entry.o)
                0x0000000000020020                alt_exception
 *(.exceptions.entry.user)
 *(.exceptions.entry.ecc_fatal)
 *(.exceptions.entry)
 .exceptions.entry
                0x0000000000020020       0x54 ../traffic_core_DE10_bsp//libhal_bsp.a(alt_exception_entry.o)
 *(.exceptions.irqtest.user)
 *(.exceptions.irqtest)
 .exceptions.irqtest
                0x0000000000020074       0x10 ../traffic_core_DE10_bsp//libhal_bsp.a(alt_irq_entry.o)
 *(.exceptions.irqhandler.user)
 *(.exceptions.irqhandler)
 .exceptions.irqhandler
                0x0000000000020084        0x4 ../traffic_core_DE10_bsp//libhal_bsp.a(alt_irq_entry.o)
 *(.exceptions.irqreturn.user)
 *(.exceptions.irqreturn)
 .exceptions.irqreturn
                0x0000000000020088        0x4 ../traffic_core_DE10_bsp//libhal_bsp.a(alt_irq_entry.o)
 *(.exceptions.notirq.label)
 .exceptions.notirq.label
                0x000000000002008c        0x0 ../traffic_core_DE10_bsp//libhal_bsp.a(alt_irq_entry.o)
 *(.exceptions.notirq.user)
 *(.exceptions.notirq)
 .exceptions.notirq
                0x000000000002008c        0x8 ../traffic_core_DE10_bsp//libhal_bsp.a(alt_exception_entry.o)
 *(.exceptions.soft.user)
 *(.exceptions.soft)
 *(.exceptions.unknown.user)
 *(.exceptions.unknown)
 .exceptions.unknown
                0x0000000000020094       0x14 ../traffic_core_DE10_bsp//libhal_bsp.a(alt_exception_entry.o)
 *(.exceptions.exit.label)
 .exceptions.exit.label
                0x00000000000200a8        0x0 ../traffic_core_DE10_bsp//libhal_bsp.a(alt_irq_entry.o)
 .exceptions.exit.label
                0x00000000000200a8        0x0 ../traffic_core_DE10_bsp//libhal_bsp.a(alt_exception_entry.o)
 *(.exceptions.exit.user)
 *(.exceptions.exit)
 .exceptions.exit
                0x00000000000200a8       0x54 ../traffic_core_DE10_bsp//libhal_bsp.a(alt_exception_entry.o)
 *(.exceptions)
 .exceptions    0x00000000000200fc       0xd4 ../traffic_core_DE10_bsp//libhal_bsp.a(alt_irq_handler.o)
                0x00000000000200fc                alt_irq_handler
 .exceptions    0x00000000000201d0       0x60 ../traffic_core_DE10_bsp//libhal_bsp.a(alt_instruction_exception_entry.o)
                0x00000000000201d0                alt_instruction_exception_entry
                0x0000000000020230                PROVIDE (__ram_exceptions_end, ABSOLUTE (.))
                0x0000000000020020                PROVIDE (__flash_exceptions_start, LOADADDR (.exceptions))

.text           0x0000000000020230     0x2a84
                [!provide]                        PROVIDE (stext, ABSOLUTE (.))
 *(.interp)
 *(.hash)
 *(.dynsym)
 *(.dynstr)
 *(.gnu.version)
 *(.gnu.version_d)
 *(.gnu.version_r)
 *(.rel.init)
 *(.rela.init)
 *(.rel.text .rel.text.* .rel.gnu.linkonce.t.*)
 *(.rela.text .rela.text.* .rela.gnu.linkonce.t.*)
 *(.rel.fini)
 *(.rela.fini)
 *(.rel.rodata .rel.rodata.* .rel.gnu.linkonce.r.*)
 *(.rela.rodata .rela.rodata.* .rela.gnu.linkonce.r.*)
 *(.rel.data .rel.data.* .rel.gnu.linkonce.d.*)
 *(.rela.data .rela.data.* .rela.gnu.linkonce.d.*)
 *(.rel.tdata .rel.tdata.* .rel.gnu.linkonce.td.*)
 *(.rela.tdata .rela.tdata.* .rela.gnu.linkonce.td.*)
 *(.rel.tbss .rel.tbss.* .rel.gnu.linkonce.tb.*)
 *(.rela.tbss .rela.tbss.* .rela.gnu.linkonce.tb.*)
 *(.rel.ctors)
 *(.rela.ctors)
 *(.rel.dtors)
 *(.rela.dtors)
 *(.rel.got)
 *(.rela.got)
 *(.rel.sdata .rel.sdata.* .rel.gnu.linkonce.s.*)
 *(.rela.sdata .rela.sdata.* .rela.gnu.linkonce.s.*)
 *(.rel.sbss .rel.sbss.* .rel.gnu.linkonce.sb.*)
 *(.rela.sbss .rela.sbss.* .rela.gnu.linkonce.sb.*)
 *(.rel.sdata2 .rel.sdata2.* .rel.gnu.linkonce.s2.*)
 *(.rela.sdata2 .rela.sdata2.* .rela.gnu.linkonce.s2.*)
 *(.rel.sbss2 .rel.sbss2.* .rel.gnu.linkonce.sb2.*)
 *(.rela.sbss2 .rela.sbss2.* .rela.gnu.linkonce.sb2.*)
 *(.rel.bss .rel.bss.* .rel.gnu.linkonce.b.*)
 *(.rela.bss .rela.bss.* .rela.gnu.linkonce.b.*)
 *(.rel.plt)
 *(.rela.plt)
 *(.rel.dyn)
 *(.init)
 *(.plt)
 *(.text .stub .text.* .gnu.linkonce.t.*)
 .text          0x0000000000020230       0x3c ../traffic_core_DE10_bsp//obj/HAL/src/crt0.o
                0x0000000000020230                _start
 .text          0x000000000002026c      0x550 obj/default/main.o
                0x000000000002026c                main
                0x0000000000020440                simple_control
 .text          0x00000000000207bc      0x1b4 /opt/Quartus/nios2eds/bin/gnu/H-x86_64-pc-linux-gnu/bin/../lib/gcc/nios2-elf/5.3.0/mno-hw-mul/libgcc.a(lib2-divmod.o)
                0x00000000000207bc                __divsi3
                0x0000000000020840                __modsi3
                0x00000000000208b4                __udivsi3
                0x0000000000020918                __umodsi3
 .text          0x0000000000020970       0xec ../traffic_core_DE10_bsp//libhal_bsp.a(alt_load.o)
                0x00000000000209d8                alt_load
 .text          0x0000000000020a5c       0x7c ../traffic_core_DE10_bsp//libhal_bsp.a(alt_main.o)
                0x0000000000020a5c                alt_main
 .text          0x0000000000020ad8      0x1a4 ../traffic_core_DE10_bsp//libhal_bsp.a(alt_tick.o)
                0x0000000000020ad8                alt_alarm_stop
                0x0000000000020b74                alt_tick
 .text          0x0000000000020c7c       0xd0 ../traffic_core_DE10_bsp//libhal_bsp.a(alt_sys_init.o)
                0x0000000000020cb0                alt_irq_init
                0x0000000000020ce8                alt_sys_init
 .text          0x0000000000020d4c      0x164 ../traffic_core_DE10_bsp//libhal_bsp.a(altera_avalon_jtag_uart_fd.o)
                0x0000000000020d4c                altera_avalon_jtag_uart_read_fd
                0x0000000000020dac                altera_avalon_jtag_uart_write_fd
                0x0000000000020e0c                altera_avalon_jtag_uart_close_fd
                0x0000000000020e5c                altera_avalon_jtag_uart_ioctl_fd
 .text          0x0000000000020eb0      0x3d4 ../traffic_core_DE10_bsp//libhal_bsp.a(altera_avalon_jtag_uart_init.o)
                0x0000000000020eb0                altera_avalon_jtag_uart_init
                0x000000000002121c                altera_avalon_jtag_uart_close
 .text          0x0000000000021284       0xf0 ../traffic_core_DE10_bsp//libhal_bsp.a(altera_avalon_jtag_uart_ioctl.o)
                0x0000000000021284                altera_avalon_jtag_uart_ioctl
 .text          0x0000000000021374      0x21c ../traffic_core_DE10_bsp//libhal_bsp.a(altera_avalon_jtag_uart_read.o)
                0x0000000000021374                altera_avalon_jtag_uart_read
 .text          0x0000000000021590      0x224 ../traffic_core_DE10_bsp//libhal_bsp.a(altera_avalon_jtag_uart_write.o)
                0x0000000000021590                altera_avalon_jtag_uart_write
 .text          0x00000000000217b4       0xf4 ../traffic_core_DE10_bsp//libhal_bsp.a(altera_avalon_timer_sc.o)
                0x000000000002182c                alt_avalon_timer_sc_init
 .text          0x00000000000218a8      0x12c ../traffic_core_DE10_bsp//libhal_bsp.a(alt_alarm_start.o)
                0x00000000000218a8                alt_alarm_start
 .text          0x00000000000219d4      0x114 ../traffic_core_DE10_bsp//libhal_bsp.a(alt_close.o)
                0x0000000000021a10                close
 .text          0x0000000000021ae8       0x20 ../traffic_core_DE10_bsp//libhal_bsp.a(alt_dcache_flush_all.o)
                0x0000000000021ae8                alt_dcache_flush_all
 .text          0x0000000000021b08       0x2c ../traffic_core_DE10_bsp//libhal_bsp.a(alt_dev.o)
 .text          0x0000000000021b34       0xe0 ../traffic_core_DE10_bsp//libhal_bsp.a(alt_dev_llist_insert.o)
                0x0000000000021b70                alt_dev_llist_insert
 .text          0x0000000000021c14       0x60 ../traffic_core_DE10_bsp//libhal_bsp.a(alt_do_ctors.o)
                0x0000000000021c14                _do_ctors
 .text          0x0000000000021c74       0x60 ../traffic_core_DE10_bsp//libhal_bsp.a(alt_do_dtors.o)
                0x0000000000021c74                _do_dtors
 .text          0x0000000000021cd4        0x0 ../traffic_core_DE10_bsp//libhal_bsp.a(alt_errno.o)
 .text          0x0000000000021cd4       0x20 ../traffic_core_DE10_bsp//libhal_bsp.a(alt_icache_flush_all.o)
                0x0000000000021cd4                alt_icache_flush_all
 .text          0x0000000000021cf4      0x1b0 ../traffic_core_DE10_bsp//libhal_bsp.a(alt_iic.o)
                0x0000000000021cf4                alt_ic_isr_register
                0x0000000000021d44                alt_ic_irq_enable
                0x0000000000021dcc                alt_ic_irq_disable
                0x0000000000021e58                alt_ic_irq_enabled
 .text          0x0000000000021ea4       0xf0 ../traffic_core_DE10_bsp//libhal_bsp.a(alt_iic_isr_register.o)
                0x0000000000021ea4                alt_iic_isr_register
 .text          0x0000000000021f94      0x160 ../traffic_core_DE10_bsp//libhal_bsp.a(alt_io_redirect.o)
                0x0000000000022078                alt_io_redirect
 .text          0x00000000000220f4        0x0 ../traffic_core_DE10_bsp//libhal_bsp.a(alt_irq_entry.o)
 .text          0x00000000000220f4        0x0 ../traffic_core_DE10_bsp//libhal_bsp.a(alt_irq_handler.o)
 .text          0x00000000000220f4        0x0 ../traffic_core_DE10_bsp//libhal_bsp.a(alt_irq_vars.o)
 .text          0x00000000000220f4      0x284 ../traffic_core_DE10_bsp//libhal_bsp.a(alt_open.o)
                0x000000000002221c                open
 .text          0x0000000000022378       0x84 ../traffic_core_DE10_bsp//libhal_bsp.a(alt_release_fd.o)
                0x0000000000022378                alt_release_fd
 .text          0x00000000000223fc       0x24 ../traffic_core_DE10_bsp//libhal_bsp.a(altera_nios2_gen2_irq.o)
                0x00000000000223fc                altera_nios2_gen2_irq_init
 .text          0x0000000000022420        0x0 ../traffic_core_DE10_bsp//libhal_bsp.a(alt_exception_entry.o)
 .text          0x0000000000022420       0x90 ../traffic_core_DE10_bsp//libhal_bsp.a(alt_find_dev.o)
                0x0000000000022420                alt_find_dev
 .text          0x00000000000224b0      0x108 ../traffic_core_DE10_bsp//libhal_bsp.a(alt_find_file.o)
                0x00000000000224b0                alt_find_file
 .text          0x00000000000225b8       0xc4 ../traffic_core_DE10_bsp//libhal_bsp.a(alt_get_fd.o)
                0x00000000000225b8                alt_get_fd
 .text          0x000000000002267c       0x9c ../traffic_core_DE10_bsp//libhal_bsp.a(alt_instruction_exception_entry.o)
                0x000000000002267c                alt_exception_cause_generated_bad_addr
 .text          0x0000000000022718        0x0 /opt/Quartus/nios2eds/bin/gnu/H-x86_64-pc-linux-gnu/bin/../lib/gcc/nios2-elf/5.3.0/../../../../../H-x86_64-pc-linux-gnu/nios2-elf/lib/mno-hw-mul/libc.a(lib_a-atexit.o)
 .text.atexit   0x0000000000022718       0x14 /opt/Quartus/nios2eds/bin/gnu/H-x86_64-pc-linux-gnu/bin/../lib/gcc/nios2-elf/5.3.0/../../../../../H-x86_64-pc-linux-gnu/nios2-elf/lib/mno-hw-mul/libc.a(lib_a-atexit.o)
                0x0000000000022718                atexit
 .text          0x000000000002272c        0x0 /opt/Quartus/nios2eds/bin/gnu/H-x86_64-pc-linux-gnu/bin/../lib/gcc/nios2-elf/5.3.0/../../../../../H-x86_64-pc-linux-gnu/nios2-elf/lib/mno-hw-mul/libc.a(lib_a-exit.o)
 .text.exit     0x000000000002272c       0x38 /opt/Quartus/nios2eds/bin/gnu/H-x86_64-pc-linux-gnu/bin/../lib/gcc/nios2-elf/5.3.0/../../../../../H-x86_64-pc-linux-gnu/nios2-elf/lib/mno-hw-mul/libc.a(lib_a-exit.o)
                0x000000000002272c                exit
 .text          0x0000000000022764        0x0 /opt/Quartus/nios2eds/bin/gnu/H-x86_64-pc-linux-gnu/bin/../lib/gcc/nios2-elf/5.3.0/../../../../../H-x86_64-pc-linux-gnu/nios2-elf/lib/mno-hw-mul/libc.a(lib_a-impure.o)
 .text          0x0000000000022764        0x0 /opt/Quartus/nios2eds/bin/gnu/H-x86_64-pc-linux-gnu/bin/../lib/gcc/nios2-elf/5.3.0/../../../../../H-x86_64-pc-linux-gnu/nios2-elf/lib/mno-hw-mul/libc.a(lib_a-int_errno.o)
 .text          0x0000000000022764        0x0 /opt/Quartus/nios2eds/bin/gnu/H-x86_64-pc-linux-gnu/bin/../lib/gcc/nios2-elf/5.3.0/../../../../../H-x86_64-pc-linux-gnu/nios2-elf/lib/mno-hw-mul/libc.a(lib_a-memcmp.o)
 .text.memcmp   0x0000000000022764       0x7c /opt/Quartus/nios2eds/bin/gnu/H-x86_64-pc-linux-gnu/bin/../lib/gcc/nios2-elf/5.3.0/../../../../../H-x86_64-pc-linux-gnu/nios2-elf/lib/mno-hw-mul/libc.a(lib_a-memcmp.o)
                0x0000000000022764                memcmp
 .text          0x00000000000227e0        0x0 /opt/Quartus/nios2eds/bin/gnu/H-x86_64-pc-linux-gnu/bin/../lib/gcc/nios2-elf/5.3.0/../../../../../H-x86_64-pc-linux-gnu/nios2-elf/lib/mno-hw-mul/libc.a(lib_a-memcpy.o)
 .text.memcpy   0x00000000000227e0      0x148 /opt/Quartus/nios2eds/bin/gnu/H-x86_64-pc-linux-gnu/bin/../lib/gcc/nios2-elf/5.3.0/../../../../../H-x86_64-pc-linux-gnu/nios2-elf/lib/mno-hw-mul/libc.a(lib_a-memcpy.o)
                0x00000000000227e0                memcpy
 .text          0x0000000000022928        0x0 /opt/Quartus/nios2eds/bin/gnu/H-x86_64-pc-linux-gnu/bin/../lib/gcc/nios2-elf/5.3.0/../../../../../H-x86_64-pc-linux-gnu/nios2-elf/lib/mno-hw-mul/libc.a(lib_a-strlen.o)
 .text.strlen   0x0000000000022928       0x98 /opt/Quartus/nios2eds/bin/gnu/H-x86_64-pc-linux-gnu/bin/../lib/gcc/nios2-elf/5.3.0/../../../../../H-x86_64-pc-linux-gnu/nios2-elf/lib/mno-hw-mul/libc.a(lib_a-strlen.o)
                0x0000000000022928                strlen
 .text          0x00000000000229c0        0x0 /opt/Quartus/nios2eds/bin/gnu/H-x86_64-pc-linux-gnu/bin/../lib/gcc/nios2-elf/5.3.0/../../../../../H-x86_64-pc-linux-gnu/nios2-elf/lib/mno-hw-mul/libc.a(lib_a-__atexit.o)
 .text.__register_exitproc
                0x00000000000229c0      0x118 /opt/Quartus/nios2eds/bin/gnu/H-x86_64-pc-linux-gnu/bin/../lib/gcc/nios2-elf/5.3.0/../../../../../H-x86_64-pc-linux-gnu/nios2-elf/lib/mno-hw-mul/libc.a(lib_a-__atexit.o)
                0x00000000000229c0                __register_exitproc
 .text          0x0000000000022ad8        0x0 /opt/Quartus/nios2eds/bin/gnu/H-x86_64-pc-linux-gnu/bin/../lib/gcc/nios2-elf/5.3.0/../../../../../H-x86_64-pc-linux-gnu/nios2-elf/lib/mno-hw-mul/libc.a(lib_a-__call_atexit.o)
 .text.__call_exitprocs
                0x0000000000022ad8      0x180 /opt/Quartus/nios2eds/bin/gnu/H-x86_64-pc-linux-gnu/bin/../lib/gcc/nios2-elf/5.3.0/../../../../../H-x86_64-pc-linux-gnu/nios2-elf/lib/mno-hw-mul/libc.a(lib_a-__call_atexit.o)
                0x0000000000022ad8                __call_exitprocs
 .text          0x0000000000022c58       0x28 /opt/Quartus/nios2eds/bin/gnu/H-x86_64-pc-linux-gnu/bin/../lib/gcc/nios2-elf/5.3.0/mno-hw-mul/libgcc.a(lib2-mul.o)
                0x0000000000022c58                __mulsi3
 .text          0x0000000000022c80       0x34 ../traffic_core_DE10_bsp//libhal_bsp.a(alt_exit.o)
                0x0000000000022c80                _exit
 *(.gnu.warning.*)
 *(.fini)
                [!provide]                        PROVIDE (__etext, ABSOLUTE (.))
                [!provide]                        PROVIDE (_etext, ABSOLUTE (.))
                [!provide]                        PROVIDE (etext, ABSOLUTE (.))
 *(.eh_frame_hdr)
                0x0000000000022cb4                . = ALIGN (0x4)
                [!provide]                        PROVIDE (__preinit_array_start, ABSOLUTE (.))
 *(.preinit_array)
                [!provide]                        PROVIDE (__preinit_array_end, ABSOLUTE (.))
                [!provide]                        PROVIDE (__init_array_start, ABSOLUTE (.))
 *(.init_array)
                [!provide]                        PROVIDE (__init_array_end, ABSOLUTE (.))
                [!provide]                        PROVIDE (__fini_array_start, ABSOLUTE (.))
 *(.fini_array)
                [!provide]                        PROVIDE (__fini_array_end, ABSOLUTE (.))
 *(.eh_frame)
 *(.gcc_except_table .gcc_except_table.*)
 *(.dynamic)
                0x0000000000022cb4                PROVIDE (__CTOR_LIST__, ABSOLUTE (.))
 *(.ctors)
 *(SORT(.ctors.*))
                0x0000000000022cb4                PROVIDE (__CTOR_END__, ABSOLUTE (.))
                0x0000000000022cb4                PROVIDE (__DTOR_LIST__, ABSOLUTE (.))
 *(.dtors)
 *(SORT(.dtors.*))
                0x0000000000022cb4                PROVIDE (__DTOR_END__, ABSOLUTE (.))
 *(.jcr)
                0x0000000000022cb4                . = ALIGN (0x4)

.rodata         0x0000000000022cb4       0x30
                0x0000000000022cb4                PROVIDE (__ram_rodata_start, ABSOLUTE (.))
                0x0000000000022cb4                . = ALIGN (0x4)
 *(.rodata .rodata.* .gnu.linkonce.r.*)
 .rodata        0x0000000000022cb4        0xf ../traffic_core_DE10_bsp//libhal_bsp.a(alt_main.o)
 *fill*         0x0000000000022cc3        0x1 
 .rodata        0x0000000000022cc4        0xf ../traffic_core_DE10_bsp//libhal_bsp.a(alt_sys_init.o)
 *fill*         0x0000000000022cd3        0x1 
 .rodata        0x0000000000022cd4        0xa ../traffic_core_DE10_bsp//libhal_bsp.a(alt_dev.o)
 *fill*         0x0000000000022cde        0x2 
 .rodata.str1.4
                0x0000000000022ce0        0x4 /opt/Quartus/nios2eds/bin/gnu/H-x86_64-pc-linux-gnu/bin/../lib/gcc/nios2-elf/5.3.0/../../../../../H-x86_64-pc-linux-gnu/nios2-elf/lib/mno-hw-mul/libc.a(lib_a-impure.o)
                                          0x2 (size before relaxing)
 *(.rodata1)
                0x0000000000022ce4                . = ALIGN (0x4)
                0x0000000000022ce4                PROVIDE (__ram_rodata_end, ABSOLUTE (.))
                0x0000000000022cb4                PROVIDE (__flash_rodata_start, LOADADDR (.rodata))

.rwdata         0x0000000000022ce4     0x1658 load address 0x000000000002433c
                0x0000000000022ce4                PROVIDE (__ram_rwdata_start, ABSOLUTE (.))
                0x0000000000022ce4                . = ALIGN (0x4)
 *(.got.plt)
 *(.got)
 *(.data1)
 *(.data .data.* .gnu.linkonce.d.*)
 .data          0x0000000000022ce4        0x0 ../traffic_core_DE10_bsp//obj/HAL/src/crt0.o
 .data          0x0000000000022ce4        0x0 obj/default/main.o
 .data          0x0000000000022ce4        0x0 /opt/Quartus/nios2eds/bin/gnu/H-x86_64-pc-linux-gnu/bin/../lib/gcc/nios2-elf/5.3.0/mno-hw-mul/libgcc.a(lib2-divmod.o)
 .data          0x0000000000022ce4        0x0 ../traffic_core_DE10_bsp//libhal_bsp.a(alt_load.o)
 .data          0x0000000000022ce4        0x0 ../traffic_core_DE10_bsp//libhal_bsp.a(alt_main.o)
 .data          0x0000000000022ce4        0x0 ../traffic_core_DE10_bsp//libhal_bsp.a(alt_tick.o)
 .data          0x0000000000022ce4     0x1060 ../traffic_core_DE10_bsp//libhal_bsp.a(alt_sys_init.o)
 .data          0x0000000000023d44        0x0 ../traffic_core_DE10_bsp//libhal_bsp.a(altera_avalon_jtag_uart_fd.o)
 .data          0x0000000000023d44        0x0 ../traffic_core_DE10_bsp//libhal_bsp.a(altera_avalon_jtag_uart_init.o)
 .data          0x0000000000023d44        0x0 ../traffic_core_DE10_bsp//libhal_bsp.a(altera_avalon_jtag_uart_ioctl.o)
 .data          0x0000000000023d44        0x0 ../traffic_core_DE10_bsp//libhal_bsp.a(altera_avalon_jtag_uart_read.o)
 .data          0x0000000000023d44        0x0 ../traffic_core_DE10_bsp//libhal_bsp.a(altera_avalon_jtag_uart_write.o)
 .data          0x0000000000023d44        0x0 ../traffic_core_DE10_bsp//libhal_bsp.a(altera_avalon_timer_sc.o)
 .data          0x0000000000023d44        0x0 ../traffic_core_DE10_bsp//libhal_bsp.a(alt_alarm_start.o)
 .data          0x0000000000023d44        0x0 ../traffic_core_DE10_bsp//libhal_bsp.a(alt_close.o)
 .data          0x0000000000023d44        0x0 ../traffic_core_DE10_bsp//libhal_bsp.a(alt_dcache_flush_all.o)
 .data          0x0000000000023d44      0x1a8 ../traffic_core_DE10_bsp//libhal_bsp.a(alt_dev.o)
                0x0000000000023d44                alt_dev_null
                0x0000000000023d6c                alt_fd_list
 .data          0x0000000000023eec        0x0 ../traffic_core_DE10_bsp//libhal_bsp.a(alt_dev_llist_insert.o)
 .data          0x0000000000023eec        0x0 ../traffic_core_DE10_bsp//libhal_bsp.a(alt_do_ctors.o)
 .data          0x0000000000023eec        0x0 ../traffic_core_DE10_bsp//libhal_bsp.a(alt_do_dtors.o)
 .data          0x0000000000023eec        0x0 ../traffic_core_DE10_bsp//libhal_bsp.a(alt_errno.o)
 .data          0x0000000000023eec        0x0 ../traffic_core_DE10_bsp//libhal_bsp.a(alt_icache_flush_all.o)
 .data          0x0000000000023eec        0x0 ../traffic_core_DE10_bsp//libhal_bsp.a(alt_iic.o)
 .data          0x0000000000023eec        0x0 ../traffic_core_DE10_bsp//libhal_bsp.a(alt_iic_isr_register.o)
 .data          0x0000000000023eec        0x0 ../traffic_core_DE10_bsp//libhal_bsp.a(alt_io_redirect.o)
 .data          0x0000000000023eec        0x0 ../traffic_core_DE10_bsp//libhal_bsp.a(alt_irq_entry.o)
 .data          0x0000000000023eec        0x0 ../traffic_core_DE10_bsp//libhal_bsp.a(alt_irq_handler.o)
 .data          0x0000000000023eec        0x0 ../traffic_core_DE10_bsp//libhal_bsp.a(alt_irq_vars.o)
 .data          0x0000000000023eec        0x0 ../traffic_core_DE10_bsp//libhal_bsp.a(alt_open.o)
 .data          0x0000000000023eec        0x0 ../traffic_core_DE10_bsp//libhal_bsp.a(alt_release_fd.o)
 .data          0x0000000000023eec        0x0 ../traffic_core_DE10_bsp//libhal_bsp.a(altera_nios2_gen2_irq.o)
 .data          0x0000000000023eec        0x0 ../traffic_core_DE10_bsp//libhal_bsp.a(alt_exception_entry.o)
 .data          0x0000000000023eec        0x0 ../traffic_core_DE10_bsp//libhal_bsp.a(alt_find_dev.o)
 .data          0x0000000000023eec        0x0 ../traffic_core_DE10_bsp//libhal_bsp.a(alt_find_file.o)
 .data          0x0000000000023eec        0x0 ../traffic_core_DE10_bsp//libhal_bsp.a(alt_get_fd.o)
 .data          0x0000000000023eec        0x0 ../traffic_core_DE10_bsp//libhal_bsp.a(alt_instruction_exception_entry.o)
 .data          0x0000000000023eec        0x0 /opt/Quartus/nios2eds/bin/gnu/H-x86_64-pc-linux-gnu/bin/../lib/gcc/nios2-elf/5.3.0/../../../../../H-x86_64-pc-linux-gnu/nios2-elf/lib/mno-hw-mul/libc.a(lib_a-atexit.o)
 .data          0x0000000000023eec        0x0 /opt/Quartus/nios2eds/bin/gnu/H-x86_64-pc-linux-gnu/bin/../lib/gcc/nios2-elf/5.3.0/../../../../../H-x86_64-pc-linux-gnu/nios2-elf/lib/mno-hw-mul/libc.a(lib_a-exit.o)
 .data          0x0000000000023eec        0x0 /opt/Quartus/nios2eds/bin/gnu/H-x86_64-pc-linux-gnu/bin/../lib/gcc/nios2-elf/5.3.0/../../../../../H-x86_64-pc-linux-gnu/nios2-elf/lib/mno-hw-mul/libc.a(lib_a-impure.o)
 .data.impure_data
                0x0000000000023eec      0x424 /opt/Quartus/nios2eds/bin/gnu/H-x86_64-pc-linux-gnu/bin/../lib/gcc/nios2-elf/5.3.0/../../../../../H-x86_64-pc-linux-gnu/nios2-elf/lib/mno-hw-mul/libc.a(lib_a-impure.o)
 .data          0x0000000000024310        0x0 /opt/Quartus/nios2eds/bin/gnu/H-x86_64-pc-linux-gnu/bin/../lib/gcc/nios2-elf/5.3.0/../../../../../H-x86_64-pc-linux-gnu/nios2-elf/lib/mno-hw-mul/libc.a(lib_a-int_errno.o)
 .data          0x0000000000024310        0x0 /opt/Quartus/nios2eds/bin/gnu/H-x86_64-pc-linux-gnu/bin/../lib/gcc/nios2-elf/5.3.0/../../../../../H-x86_64-pc-linux-gnu/nios2-elf/lib/mno-hw-mul/libc.a(lib_a-memcmp.o)
 .data          0x0000000000024310        0x0 /opt/Quartus/nios2eds/bin/gnu/H-x86_64-pc-linux-gnu/bin/../lib/gcc/nios2-elf/5.3.0/../../../../../H-x86_64-pc-linux-gnu/nios2-elf/lib/mno-hw-mul/libc.a(lib_a-memcpy.o)
 .data          0x0000000000024310        0x0 /opt/Quartus/nios2eds/bin/gnu/H-x86_64-pc-linux-gnu/bin/../lib/gcc/nios2-elf/5.3.0/../../../../../H-x86_64-pc-linux-gnu/nios2-elf/lib/mno-hw-mul/libc.a(lib_a-strlen.o)
 .data          0x0000000000024310        0x0 /opt/Quartus/nios2eds/bin/gnu/H-x86_64-pc-linux-gnu/bin/../lib/gcc/nios2-elf/5.3.0/../../../../../H-x86_64-pc-linux-gnu/nios2-elf/lib/mno-hw-mul/libc.a(lib_a-__atexit.o)
 .data          0x0000000000024310        0x0 /opt/Quartus/nios2eds/bin/gnu/H-x86_64-pc-linux-gnu/bin/../lib/gcc/nios2-elf/5.3.0/../../../../../H-x86_64-pc-linux-gnu/nios2-elf/lib/mno-hw-mul/libc.a(lib_a-__call_atexit.o)
 .data          0x0000000000024310        0x0 /opt/Quartus/nios2eds/bin/gnu/H-x86_64-pc-linux-gnu/bin/../lib/gcc/nios2-elf/5.3.0/mno-hw-mul/libgcc.a(lib2-mul.o)
 .data          0x0000000000024310        0x0 ../traffic_core_DE10_bsp//libhal_bsp.a(alt_exit.o)
                0x000000000002c310                _gp = ABSOLUTE ((. + 0x8000))
                [!provide]                        PROVIDE (gp, _gp)
 *(.rwdata .rwdata.*)
 *(.sdata .sdata.* .gnu.linkonce.s.*)
 .sdata         0x0000000000024310        0x8 ../traffic_core_DE10_bsp//libhal_bsp.a(alt_tick.o)
                0x0000000000024310                alt_alarm_list
 .sdata         0x0000000000024318       0x14 ../traffic_core_DE10_bsp//libhal_bsp.a(alt_dev.o)
                0x0000000000024318                alt_fs_list
                0x0000000000024320                alt_dev_list
                0x0000000000024328                alt_max_fd
 .sdata         0x000000000002432c        0x4 ../traffic_core_DE10_bsp//libhal_bsp.a(alt_errno.o)
                0x000000000002432c                alt_errno
 .sdata         0x0000000000024330        0x4 ../traffic_core_DE10_bsp//libhal_bsp.a(alt_irq_vars.o)
                0x0000000000024330                alt_priority_mask
 .sdata._global_impure_ptr
                0x0000000000024334        0x4 /opt/Quartus/nios2eds/bin/gnu/H-x86_64-pc-linux-gnu/bin/../lib/gcc/nios2-elf/5.3.0/../../../../../H-x86_64-pc-linux-gnu/nios2-elf/lib/mno-hw-mul/libc.a(lib_a-impure.o)
                0x0000000000024334                _global_impure_ptr
 .sdata._impure_ptr
                0x0000000000024338        0x4 /opt/Quartus/nios2eds/bin/gnu/H-x86_64-pc-linux-gnu/bin/../lib/gcc/nios2-elf/5.3.0/../../../../../H-x86_64-pc-linux-gnu/nios2-elf/lib/mno-hw-mul/libc.a(lib_a-impure.o)
                0x0000000000024338                _impure_ptr
 *(.sdata2 .sdata2.* .gnu.linkonce.s2.*)
                0x000000000002433c                . = ALIGN (0x4)
                0x000000000002433c                _edata = ABSOLUTE (.)
                [!provide]                        PROVIDE (edata, ABSOLUTE (.))
                0x000000000002433c                PROVIDE (__ram_rwdata_end, ABSOLUTE (.))
                0x000000000002433c                PROVIDE (__flash_rwdata_start, LOADADDR (.rwdata))

.bss            0x0000000000025994      0x120
                0x0000000000025994                __bss_start = ABSOLUTE (.)
                [!provide]                        PROVIDE (__sbss_start, ABSOLUTE (.))
                [!provide]                        PROVIDE (___sbss_start, ABSOLUTE (.))
 *(.dynsbss)
 *(.sbss .sbss.* .gnu.linkonce.sb.*)
 .sbss          0x0000000000025994        0xc ../traffic_core_DE10_bsp//libhal_bsp.a(alt_main.o)
                0x0000000000025994                alt_argc
                0x0000000000025998                alt_argv
                0x000000000002599c                alt_envp
 .sbss          0x00000000000259a0        0x8 ../traffic_core_DE10_bsp//libhal_bsp.a(alt_tick.o)
                0x00000000000259a0                _alt_tick_rate
                0x00000000000259a4                _alt_nticks
 .sbss          0x00000000000259a8        0x4 ../traffic_core_DE10_bsp//libhal_bsp.a(alt_irq_vars.o)
                0x00000000000259a8                alt_irq_active
 .sbss          0x00000000000259ac        0x4 ../traffic_core_DE10_bsp//libhal_bsp.a(alt_instruction_exception_entry.o)
                0x00000000000259ac                alt_instruction_exception_handler
 .sbss          0x00000000000259b0        0x4 /opt/Quartus/nios2eds/bin/gnu/H-x86_64-pc-linux-gnu/bin/../lib/gcc/nios2-elf/5.3.0/../../../../../H-x86_64-pc-linux-gnu/nios2-elf/lib/mno-hw-mul/libc.a(lib_a-int_errno.o)
                0x00000000000259b0                errno
 *(.sbss2 .sbss2.* .gnu.linkonce.sb2.*)
 *(.scommon)
                [!provide]                        PROVIDE (__sbss_end, ABSOLUTE (.))
                [!provide]                        PROVIDE (___sbss_end, ABSOLUTE (.))
 *(.dynbss)
 *(.bss .bss.* .gnu.linkonce.b.*)
 .bss           0x00000000000259b4        0x0 ../traffic_core_DE10_bsp//obj/HAL/src/crt0.o
 .bss           0x00000000000259b4        0x0 obj/default/main.o
 .bss           0x00000000000259b4        0x0 /opt/Quartus/nios2eds/bin/gnu/H-x86_64-pc-linux-gnu/bin/../lib/gcc/nios2-elf/5.3.0/mno-hw-mul/libgcc.a(lib2-divmod.o)
 .bss           0x00000000000259b4        0x0 ../traffic_core_DE10_bsp//libhal_bsp.a(alt_load.o)
 .bss           0x00000000000259b4        0x0 ../traffic_core_DE10_bsp//libhal_bsp.a(alt_main.o)
 .bss           0x00000000000259b4        0x0 ../traffic_core_DE10_bsp//libhal_bsp.a(alt_tick.o)
 .bss           0x00000000000259b4        0x0 ../traffic_core_DE10_bsp//libhal_bsp.a(alt_sys_init.o)
 .bss           0x00000000000259b4        0x0 ../traffic_core_DE10_bsp//libhal_bsp.a(altera_avalon_jtag_uart_fd.o)
 .bss           0x00000000000259b4        0x0 ../traffic_core_DE10_bsp//libhal_bsp.a(altera_avalon_jtag_uart_init.o)
 .bss           0x00000000000259b4        0x0 ../traffic_core_DE10_bsp//libhal_bsp.a(altera_avalon_jtag_uart_ioctl.o)
 .bss           0x00000000000259b4        0x0 ../traffic_core_DE10_bsp//libhal_bsp.a(altera_avalon_jtag_uart_read.o)
 .bss           0x00000000000259b4        0x0 ../traffic_core_DE10_bsp//libhal_bsp.a(altera_avalon_jtag_uart_write.o)
 .bss           0x00000000000259b4        0x0 ../traffic_core_DE10_bsp//libhal_bsp.a(altera_avalon_timer_sc.o)
 .bss           0x00000000000259b4        0x0 ../traffic_core_DE10_bsp//libhal_bsp.a(alt_alarm_start.o)
 .bss           0x00000000000259b4        0x0 ../traffic_core_DE10_bsp//libhal_bsp.a(alt_close.o)
 .bss           0x00000000000259b4        0x0 ../traffic_core_DE10_bsp//libhal_bsp.a(alt_dcache_flush_all.o)
 .bss           0x00000000000259b4        0x0 ../traffic_core_DE10_bsp//libhal_bsp.a(alt_dev.o)
 .bss           0x00000000000259b4        0x0 ../traffic_core_DE10_bsp//libhal_bsp.a(alt_dev_llist_insert.o)
 .bss           0x00000000000259b4        0x0 ../traffic_core_DE10_bsp//libhal_bsp.a(alt_do_ctors.o)
 .bss           0x00000000000259b4        0x0 ../traffic_core_DE10_bsp//libhal_bsp.a(alt_do_dtors.o)
 .bss           0x00000000000259b4        0x0 ../traffic_core_DE10_bsp//libhal_bsp.a(alt_errno.o)
 .bss           0x00000000000259b4        0x0 ../traffic_core_DE10_bsp//libhal_bsp.a(alt_icache_flush_all.o)
 .bss           0x00000000000259b4        0x0 ../traffic_core_DE10_bsp//libhal_bsp.a(alt_iic.o)
 .bss           0x00000000000259b4        0x0 ../traffic_core_DE10_bsp//libhal_bsp.a(alt_iic_isr_register.o)
 .bss           0x00000000000259b4        0x0 ../traffic_core_DE10_bsp//libhal_bsp.a(alt_io_redirect.o)
 .bss           0x00000000000259b4        0x0 ../traffic_core_DE10_bsp//libhal_bsp.a(alt_irq_entry.o)
 .bss           0x00000000000259b4        0x0 ../traffic_core_DE10_bsp//libhal_bsp.a(alt_irq_handler.o)
 .bss           0x00000000000259b4        0x0 ../traffic_core_DE10_bsp//libhal_bsp.a(alt_irq_vars.o)
 .bss           0x00000000000259b4        0x0 ../traffic_core_DE10_bsp//libhal_bsp.a(alt_open.o)
 .bss           0x00000000000259b4        0x0 ../traffic_core_DE10_bsp//libhal_bsp.a(alt_release_fd.o)
 .bss           0x00000000000259b4        0x0 ../traffic_core_DE10_bsp//libhal_bsp.a(altera_nios2_gen2_irq.o)
 .bss           0x00000000000259b4        0x0 ../traffic_core_DE10_bsp//libhal_bsp.a(alt_exception_entry.o)
 .bss           0x00000000000259b4        0x0 ../traffic_core_DE10_bsp//libhal_bsp.a(alt_find_dev.o)
 .bss           0x00000000000259b4        0x0 ../traffic_core_DE10_bsp//libhal_bsp.a(alt_find_file.o)
 .bss           0x00000000000259b4        0x0 ../traffic_core_DE10_bsp//libhal_bsp.a(alt_get_fd.o)
 .bss           0x00000000000259b4        0x0 ../traffic_core_DE10_bsp//libhal_bsp.a(alt_instruction_exception_entry.o)
 .bss           0x00000000000259b4        0x0 /opt/Quartus/nios2eds/bin/gnu/H-x86_64-pc-linux-gnu/bin/../lib/gcc/nios2-elf/5.3.0/../../../../../H-x86_64-pc-linux-gnu/nios2-elf/lib/mno-hw-mul/libc.a(lib_a-atexit.o)
 .bss           0x00000000000259b4        0x0 /opt/Quartus/nios2eds/bin/gnu/H-x86_64-pc-linux-gnu/bin/../lib/gcc/nios2-elf/5.3.0/../../../../../H-x86_64-pc-linux-gnu/nios2-elf/lib/mno-hw-mul/libc.a(lib_a-exit.o)
 .bss           0x00000000000259b4        0x0 /opt/Quartus/nios2eds/bin/gnu/H-x86_64-pc-linux-gnu/bin/../lib/gcc/nios2-elf/5.3.0/../../../../../H-x86_64-pc-linux-gnu/nios2-elf/lib/mno-hw-mul/libc.a(lib_a-impure.o)
 .bss           0x00000000000259b4        0x0 /opt/Quartus/nios2eds/bin/gnu/H-x86_64-pc-linux-gnu/bin/../lib/gcc/nios2-elf/5.3.0/../../../../../H-x86_64-pc-linux-gnu/nios2-elf/lib/mno-hw-mul/libc.a(lib_a-int_errno.o)
 .bss           0x00000000000259b4        0x0 /opt/Quartus/nios2eds/bin/gnu/H-x86_64-pc-linux-gnu/bin/../lib/gcc/nios2-elf/5.3.0/../../../../../H-x86_64-pc-linux-gnu/nios2-elf/lib/mno-hw-mul/libc.a(lib_a-memcmp.o)
 .bss           0x00000000000259b4        0x0 /opt/Quartus/nios2eds/bin/gnu/H-x86_64-pc-linux-gnu/bin/../lib/gcc/nios2-elf/5.3.0/../../../../../H-x86_64-pc-linux-gnu/nios2-elf/lib/mno-hw-mul/libc.a(lib_a-memcpy.o)
 .bss           0x00000000000259b4        0x0 /opt/Quartus/nios2eds/bin/gnu/H-x86_64-pc-linux-gnu/bin/../lib/gcc/nios2-elf/5.3.0/../../../../../H-x86_64-pc-linux-gnu/nios2-elf/lib/mno-hw-mul/libc.a(lib_a-strlen.o)
 .bss           0x00000000000259b4        0x0 /opt/Quartus/nios2eds/bin/gnu/H-x86_64-pc-linux-gnu/bin/../lib/gcc/nios2-elf/5.3.0/../../../../../H-x86_64-pc-linux-gnu/nios2-elf/lib/mno-hw-mul/libc.a(lib_a-__atexit.o)
 .bss           0x00000000000259b4        0x0 /opt/Quartus/nios2eds/bin/gnu/H-x86_64-pc-linux-gnu/bin/../lib/gcc/nios2-elf/5.3.0/../../../../../H-x86_64-pc-linux-gnu/nios2-elf/lib/mno-hw-mul/libc.a(lib_a-__call_atexit.o)
 .bss           0x00000000000259b4        0x0 /opt/Quartus/nios2eds/bin/gnu/H-x86_64-pc-linux-gnu/bin/../lib/gcc/nios2-elf/5.3.0/mno-hw-mul/libgcc.a(lib2-mul.o)
 .bss           0x00000000000259b4        0x0 ../traffic_core_DE10_bsp//libhal_bsp.a(alt_exit.o)
 *(COMMON)
 COMMON         0x00000000000259b4      0x100 ../traffic_core_DE10_bsp//libhal_bsp.a(alt_irq_handler.o)
                0x00000000000259b4                alt_irq
                0x0000000000025ab4                . = ALIGN (0x4)
                0x0000000000025ab4                __bss_end = ABSOLUTE (.)

.CODE_MEMORY    0x0000000000025ab4        0x0
                [!provide]                        PROVIDE (_alt_partition_CODE_MEMORY_start, ABSOLUTE (.))
 *(.CODE_MEMORY .CODE_MEMORY. CODE_MEMORY.*)
                0x0000000000025ab4                . = ALIGN (0x4)
                [!provide]                        PROVIDE (_alt_partition_CODE_MEMORY_end, ABSOLUTE (.))
                0x0000000000025ab4                _end = ABSOLUTE (.)
                0x0000000000025ab4                end = ABSOLUTE (.)
                0x0000000000025ab4                __alt_stack_base = ABSOLUTE (.)
                [!provide]                        PROVIDE (_alt_partition_CODE_MEMORY_load_addr, LOADADDR (.CODE_MEMORY))

.stab
 *(.stab)

.stabstr
 *(.stabstr)

.stab.excl
 *(.stab.excl)

.stab.exclstr
 *(.stab.exclstr)

.stab.index
 *(.stab.index)

.stab.indexstr
 *(.stab.indexstr)

.comment        0x0000000000000000       0x23
 *(.comment)
 .comment       0x0000000000000000       0x23 obj/default/main.o
                                         0x24 (size before relaxing)
 .comment       0x0000000000000023       0x24 /opt/Quartus/nios2eds/bin/gnu/H-x86_64-pc-linux-gnu/bin/../lib/gcc/nios2-elf/5.3.0/mno-hw-mul/libgcc.a(lib2-divmod.o)
 .comment       0x0000000000000023       0x24 ../traffic_core_DE10_bsp//libhal_bsp.a(alt_load.o)
 .comment       0x0000000000000023       0x24 ../traffic_core_DE10_bsp//libhal_bsp.a(alt_main.o)
 .comment       0x0000000000000023       0x24 ../traffic_core_DE10_bsp//libhal_bsp.a(alt_tick.o)
 .comment       0x0000000000000023       0x24 ../traffic_core_DE10_bsp//libhal_bsp.a(alt_sys_init.o)
 .comment       0x0000000000000023       0x24 ../traffic_core_DE10_bsp//libhal_bsp.a(altera_avalon_jtag_uart_fd.o)
 .comment       0x0000000000000023       0x24 ../traffic_core_DE10_bsp//libhal_bsp.a(altera_avalon_jtag_uart_init.o)
 .comment       0x0000000000000023       0x24 ../traffic_core_DE10_bsp//libhal_bsp.a(altera_avalon_jtag_uart_ioctl.o)
 .comment       0x0000000000000023       0x24 ../traffic_core_DE10_bsp//libhal_bsp.a(altera_avalon_jtag_uart_read.o)
 .comment       0x0000000000000023       0x24 ../traffic_core_DE10_bsp//libhal_bsp.a(altera_avalon_jtag_uart_write.o)
 .comment       0x0000000000000023       0x24 ../traffic_core_DE10_bsp//libhal_bsp.a(altera_avalon_timer_sc.o)
 .comment       0x0000000000000023       0x24 ../traffic_core_DE10_bsp//libhal_bsp.a(alt_alarm_start.o)
 .comment       0x0000000000000023       0x24 ../traffic_core_DE10_bsp//libhal_bsp.a(alt_close.o)
 .comment       0x0000000000000023       0x24 ../traffic_core_DE10_bsp//libhal_bsp.a(alt_dcache_flush_all.o)
 .comment       0x0000000000000023       0x24 ../traffic_core_DE10_bsp//libhal_bsp.a(alt_dev.o)
 .comment       0x0000000000000023       0x24 ../traffic_core_DE10_bsp//libhal_bsp.a(alt_dev_llist_insert.o)
 .comment       0x0000000000000023       0x24 ../traffic_core_DE10_bsp//libhal_bsp.a(alt_do_ctors.o)
 .comment       0x0000000000000023       0x24 ../traffic_core_DE10_bsp//libhal_bsp.a(alt_do_dtors.o)
 .comment       0x0000000000000023       0x24 ../traffic_core_DE10_bsp//libhal_bsp.a(alt_errno.o)
 .comment       0x0000000000000023       0x24 ../traffic_core_DE10_bsp//libhal_bsp.a(alt_icache_flush_all.o)
 .comment       0x0000000000000023       0x24 ../traffic_core_DE10_bsp//libhal_bsp.a(alt_iic.o)
 .comment       0x0000000000000023       0x24 ../traffic_core_DE10_bsp//libhal_bsp.a(alt_iic_isr_register.o)
 .comment       0x0000000000000023       0x24 ../traffic_core_DE10_bsp//libhal_bsp.a(alt_io_redirect.o)
 .comment       0x0000000000000023       0x24 ../traffic_core_DE10_bsp//libhal_bsp.a(alt_irq_handler.o)
 .comment       0x0000000000000023       0x24 ../traffic_core_DE10_bsp//libhal_bsp.a(alt_irq_vars.o)
 .comment       0x0000000000000023       0x24 ../traffic_core_DE10_bsp//libhal_bsp.a(alt_open.o)
 .comment       0x0000000000000023       0x24 ../traffic_core_DE10_bsp//libhal_bsp.a(alt_release_fd.o)
 .comment       0x0000000000000023       0x24 ../traffic_core_DE10_bsp//libhal_bsp.a(altera_nios2_gen2_irq.o)
 .comment       0x0000000000000023       0x24 ../traffic_core_DE10_bsp//libhal_bsp.a(alt_find_dev.o)
 .comment       0x0000000000000023       0x24 ../traffic_core_DE10_bsp//libhal_bsp.a(alt_find_file.o)
 .comment       0x0000000000000023       0x24 ../traffic_core_DE10_bsp//libhal_bsp.a(alt_get_fd.o)
 .comment       0x0000000000000023       0x24 ../traffic_core_DE10_bsp//libhal_bsp.a(alt_instruction_exception_entry.o)
 .comment       0x0000000000000023       0x24 /opt/Quartus/nios2eds/bin/gnu/H-x86_64-pc-linux-gnu/bin/../lib/gcc/nios2-elf/5.3.0/../../../../../H-x86_64-pc-linux-gnu/nios2-elf/lib/mno-hw-mul/libc.a(lib_a-atexit.o)
 .comment       0x0000000000000023       0x24 /opt/Quartus/nios2eds/bin/gnu/H-x86_64-pc-linux-gnu/bin/../lib/gcc/nios2-elf/5.3.0/../../../../../H-x86_64-pc-linux-gnu/nios2-elf/lib/mno-hw-mul/libc.a(lib_a-exit.o)
 .comment       0x0000000000000023       0x24 /opt/Quartus/nios2eds/bin/gnu/H-x86_64-pc-linux-gnu/bin/../lib/gcc/nios2-elf/5.3.0/../../../../../H-x86_64-pc-linux-gnu/nios2-elf/lib/mno-hw-mul/libc.a(lib_a-impure.o)
 .comment       0x0000000000000023       0x24 /opt/Quartus/nios2eds/bin/gnu/H-x86_64-pc-linux-gnu/bin/../lib/gcc/nios2-elf/5.3.0/../../../../../H-x86_64-pc-linux-gnu/nios2-elf/lib/mno-hw-mul/libc.a(lib_a-int_errno.o)
 .comment       0x0000000000000023       0x24 /opt/Quartus/nios2eds/bin/gnu/H-x86_64-pc-linux-gnu/bin/../lib/gcc/nios2-elf/5.3.0/../../../../../H-x86_64-pc-linux-gnu/nios2-elf/lib/mno-hw-mul/libc.a(lib_a-memcmp.o)
 .comment       0x0000000000000023       0x24 /opt/Quartus/nios2eds/bin/gnu/H-x86_64-pc-linux-gnu/bin/../lib/gcc/nios2-elf/5.3.0/../../../../../H-x86_64-pc-linux-gnu/nios2-elf/lib/mno-hw-mul/libc.a(lib_a-memcpy.o)
 .comment       0x0000000000000023       0x24 /opt/Quartus/nios2eds/bin/gnu/H-x86_64-pc-linux-gnu/bin/../lib/gcc/nios2-elf/5.3.0/../../../../../H-x86_64-pc-linux-gnu/nios2-elf/lib/mno-hw-mul/libc.a(lib_a-strlen.o)
 .comment       0x0000000000000023       0x24 /opt/Quartus/nios2eds/bin/gnu/H-x86_64-pc-linux-gnu/bin/../lib/gcc/nios2-elf/5.3.0/../../../../../H-x86_64-pc-linux-gnu/nios2-elf/lib/mno-hw-mul/libc.a(lib_a-__atexit.o)
 .comment       0x0000000000000023       0x24 /opt/Quartus/nios2eds/bin/gnu/H-x86_64-pc-linux-gnu/bin/../lib/gcc/nios2-elf/5.3.0/../../../../../H-x86_64-pc-linux-gnu/nios2-elf/lib/mno-hw-mul/libc.a(lib_a-__call_atexit.o)
 .comment       0x0000000000000023       0x24 /opt/Quartus/nios2eds/bin/gnu/H-x86_64-pc-linux-gnu/bin/../lib/gcc/nios2-elf/5.3.0/mno-hw-mul/libgcc.a(lib2-mul.o)
 .comment       0x0000000000000023       0x24 ../traffic_core_DE10_bsp//libhal_bsp.a(alt_exit.o)

.debug
 *(.debug)

.line
 *(.line)

.debug_srcinfo
 *(.debug_srcinfo)

.debug_sfnames
 *(.debug_sfnames)

.debug_aranges  0x0000000000000000      0x5f8
 *(.debug_aranges)
 .debug_aranges
                0x0000000000000000       0x28 ../traffic_core_DE10_bsp//obj/HAL/src/crt0.o
 .debug_aranges
                0x0000000000000028       0x20 obj/default/main.o
 .debug_aranges
                0x0000000000000048       0x20 /opt/Quartus/nios2eds/bin/gnu/H-x86_64-pc-linux-gnu/bin/../lib/gcc/nios2-elf/5.3.0/mno-hw-mul/libgcc.a(lib2-divmod.o)
 .debug_aranges
                0x0000000000000068       0x20 ../traffic_core_DE10_bsp//libhal_bsp.a(alt_load.o)
 .debug_aranges
                0x0000000000000088       0x20 ../traffic_core_DE10_bsp//libhal_bsp.a(alt_main.o)
 .debug_aranges
                0x00000000000000a8       0x20 ../traffic_core_DE10_bsp//libhal_bsp.a(alt_tick.o)
 .debug_aranges
                0x00000000000000c8       0x20 ../traffic_core_DE10_bsp//libhal_bsp.a(alt_sys_init.o)
 .debug_aranges
                0x00000000000000e8       0x20 ../traffic_core_DE10_bsp//libhal_bsp.a(altera_avalon_jtag_uart_fd.o)
 .debug_aranges
                0x0000000000000108       0x20 ../traffic_core_DE10_bsp//libhal_bsp.a(altera_avalon_jtag_uart_init.o)
 .debug_aranges
                0x0000000000000128       0x20 ../traffic_core_DE10_bsp//libhal_bsp.a(altera_avalon_jtag_uart_ioctl.o)
 .debug_aranges
                0x0000000000000148       0x20 ../traffic_core_DE10_bsp//libhal_bsp.a(altera_avalon_jtag_uart_read.o)
 .debug_aranges
                0x0000000000000168       0x20 ../traffic_core_DE10_bsp//libhal_bsp.a(altera_avalon_jtag_uart_write.o)
 .debug_aranges
                0x0000000000000188       0x20 ../traffic_core_DE10_bsp//libhal_bsp.a(altera_avalon_timer_sc.o)
 .debug_aranges
                0x00000000000001a8       0x20 ../traffic_core_DE10_bsp//libhal_bsp.a(alt_alarm_start.o)
 .debug_aranges
                0x00000000000001c8       0x20 ../traffic_core_DE10_bsp//libhal_bsp.a(alt_close.o)
 .debug_aranges
                0x00000000000001e8       0x20 ../traffic_core_DE10_bsp//libhal_bsp.a(alt_dcache_flush_all.o)
 .debug_aranges
                0x0000000000000208       0x20 ../traffic_core_DE10_bsp//libhal_bsp.a(alt_dev.o)
 .debug_aranges
                0x0000000000000228       0x20 ../traffic_core_DE10_bsp//libhal_bsp.a(alt_dev_llist_insert.o)
 .debug_aranges
                0x0000000000000248       0x20 ../traffic_core_DE10_bsp//libhal_bsp.a(alt_do_ctors.o)
 .debug_aranges
                0x0000000000000268       0x20 ../traffic_core_DE10_bsp//libhal_bsp.a(alt_do_dtors.o)
 .debug_aranges
                0x0000000000000288       0x18 ../traffic_core_DE10_bsp//libhal_bsp.a(alt_errno.o)
 .debug_aranges
                0x00000000000002a0       0x20 ../traffic_core_DE10_bsp//libhal_bsp.a(alt_icache_flush_all.o)
 .debug_aranges
                0x00000000000002c0       0x20 ../traffic_core_DE10_bsp//libhal_bsp.a(alt_iic.o)
 .debug_aranges
                0x00000000000002e0       0x20 ../traffic_core_DE10_bsp//libhal_bsp.a(alt_iic_isr_register.o)
 .debug_aranges
                0x0000000000000300       0x20 ../traffic_core_DE10_bsp//libhal_bsp.a(alt_io_redirect.o)
 .debug_aranges
                0x0000000000000320       0x30 ../traffic_core_DE10_bsp//libhal_bsp.a(alt_irq_entry.o)
 .debug_aranges
                0x0000000000000350       0x20 ../traffic_core_DE10_bsp//libhal_bsp.a(alt_irq_handler.o)
 .debug_aranges
                0x0000000000000370       0x18 ../traffic_core_DE10_bsp//libhal_bsp.a(alt_irq_vars.o)
 .debug_aranges
                0x0000000000000388       0x20 ../traffic_core_DE10_bsp//libhal_bsp.a(alt_open.o)
 .debug_aranges
                0x00000000000003a8       0x20 ../traffic_core_DE10_bsp//libhal_bsp.a(alt_release_fd.o)
 .debug_aranges
                0x00000000000003c8       0x20 ../traffic_core_DE10_bsp//libhal_bsp.a(altera_nios2_gen2_irq.o)
 .debug_aranges
                0x00000000000003e8       0x38 ../traffic_core_DE10_bsp//libhal_bsp.a(alt_exception_entry.o)
 .debug_aranges
                0x0000000000000420       0x20 ../traffic_core_DE10_bsp//libhal_bsp.a(alt_find_dev.o)
 .debug_aranges
                0x0000000000000440       0x20 ../traffic_core_DE10_bsp//libhal_bsp.a(alt_find_file.o)
 .debug_aranges
                0x0000000000000460       0x20 ../traffic_core_DE10_bsp//libhal_bsp.a(alt_get_fd.o)
 .debug_aranges
                0x0000000000000480       0x28 ../traffic_core_DE10_bsp//libhal_bsp.a(alt_instruction_exception_entry.o)
 .debug_aranges
                0x00000000000004a8       0x20 /opt/Quartus/nios2eds/bin/gnu/H-x86_64-pc-linux-gnu/bin/../lib/gcc/nios2-elf/5.3.0/../../../../../H-x86_64-pc-linux-gnu/nios2-elf/lib/mno-hw-mul/libc.a(lib_a-atexit.o)
 .debug_aranges
                0x00000000000004c8       0x20 /opt/Quartus/nios2eds/bin/gnu/H-x86_64-pc-linux-gnu/bin/../lib/gcc/nios2-elf/5.3.0/../../../../../H-x86_64-pc-linux-gnu/nios2-elf/lib/mno-hw-mul/libc.a(lib_a-exit.o)
 .debug_aranges
                0x00000000000004e8       0x18 /opt/Quartus/nios2eds/bin/gnu/H-x86_64-pc-linux-gnu/bin/../lib/gcc/nios2-elf/5.3.0/../../../../../H-x86_64-pc-linux-gnu/nios2-elf/lib/mno-hw-mul/libc.a(lib_a-impure.o)
 .debug_aranges
                0x0000000000000500       0x18 /opt/Quartus/nios2eds/bin/gnu/H-x86_64-pc-linux-gnu/bin/../lib/gcc/nios2-elf/5.3.0/../../../../../H-x86_64-pc-linux-gnu/nios2-elf/lib/mno-hw-mul/libc.a(lib_a-int_errno.o)
 .debug_aranges
                0x0000000000000518       0x20 /opt/Quartus/nios2eds/bin/gnu/H-x86_64-pc-linux-gnu/bin/../lib/gcc/nios2-elf/5.3.0/../../../../../H-x86_64-pc-linux-gnu/nios2-elf/lib/mno-hw-mul/libc.a(lib_a-memcmp.o)
 .debug_aranges
                0x0000000000000538       0x20 /opt/Quartus/nios2eds/bin/gnu/H-x86_64-pc-linux-gnu/bin/../lib/gcc/nios2-elf/5.3.0/../../../../../H-x86_64-pc-linux-gnu/nios2-elf/lib/mno-hw-mul/libc.a(lib_a-memcpy.o)
 .debug_aranges
                0x0000000000000558       0x20 /opt/Quartus/nios2eds/bin/gnu/H-x86_64-pc-linux-gnu/bin/../lib/gcc/nios2-elf/5.3.0/../../../../../H-x86_64-pc-linux-gnu/nios2-elf/lib/mno-hw-mul/libc.a(lib_a-strlen.o)
 .debug_aranges
                0x0000000000000578       0x20 /opt/Quartus/nios2eds/bin/gnu/H-x86_64-pc-linux-gnu/bin/../lib/gcc/nios2-elf/5.3.0/../../../../../H-x86_64-pc-linux-gnu/nios2-elf/lib/mno-hw-mul/libc.a(lib_a-__atexit.o)
 .debug_aranges
                0x0000000000000598       0x20 /opt/Quartus/nios2eds/bin/gnu/H-x86_64-pc-linux-gnu/bin/../lib/gcc/nios2-elf/5.3.0/../../../../../H-x86_64-pc-linux-gnu/nios2-elf/lib/mno-hw-mul/libc.a(lib_a-__call_atexit.o)
 .debug_aranges
                0x00000000000005b8       0x20 /opt/Quartus/nios2eds/bin/gnu/H-x86_64-pc-linux-gnu/bin/../lib/gcc/nios2-elf/5.3.0/mno-hw-mul/libgcc.a(lib2-mul.o)
 .debug_aranges
                0x00000000000005d8       0x20 ../traffic_core_DE10_bsp//libhal_bsp.a(alt_exit.o)

.debug_pubnames
 *(.debug_pubnames)

.debug_info     0x0000000000000000     0x7bfc
 *(.debug_info .gnu.linkonce.wi.*)
 .debug_info    0x0000000000000000       0xae ../traffic_core_DE10_bsp//obj/HAL/src/crt0.o
 .debug_info    0x00000000000000ae      0x1f5 obj/default/main.o
 .debug_info    0x00000000000002a3      0x2c6 /opt/Quartus/nios2eds/bin/gnu/H-x86_64-pc-linux-gnu/bin/../lib/gcc/nios2-elf/5.3.0/mno-hw-mul/libgcc.a(lib2-divmod.o)
 .debug_info    0x0000000000000569      0x145 ../traffic_core_DE10_bsp//libhal_bsp.a(alt_load.o)
 .debug_info    0x00000000000006ae      0x131 ../traffic_core_DE10_bsp//libhal_bsp.a(alt_main.o)
 .debug_info    0x00000000000007df      0x299 ../traffic_core_DE10_bsp//libhal_bsp.a(alt_tick.o)
 .debug_info    0x0000000000000a78      0x4d9 ../traffic_core_DE10_bsp//libhal_bsp.a(alt_sys_init.o)
 .debug_info    0x0000000000000f51      0x52e ../traffic_core_DE10_bsp//libhal_bsp.a(altera_avalon_jtag_uart_fd.o)
 .debug_info    0x000000000000147f      0x3a0 ../traffic_core_DE10_bsp//libhal_bsp.a(altera_avalon_jtag_uart_init.o)
 .debug_info    0x000000000000181f      0x280 ../traffic_core_DE10_bsp//libhal_bsp.a(altera_avalon_jtag_uart_ioctl.o)
 .debug_info    0x0000000000001a9f      0x345 ../traffic_core_DE10_bsp//libhal_bsp.a(altera_avalon_jtag_uart_read.o)
 .debug_info    0x0000000000001de4      0x340 ../traffic_core_DE10_bsp//libhal_bsp.a(altera_avalon_jtag_uart_write.o)
 .debug_info    0x0000000000002124      0x226 ../traffic_core_DE10_bsp//libhal_bsp.a(altera_avalon_timer_sc.o)
 .debug_info    0x000000000000234a      0x2cc ../traffic_core_DE10_bsp//libhal_bsp.a(alt_alarm_start.o)
 .debug_info    0x0000000000002616      0x321 ../traffic_core_DE10_bsp//libhal_bsp.a(alt_close.o)
 .debug_info    0x0000000000002937       0x92 ../traffic_core_DE10_bsp//libhal_bsp.a(alt_dcache_flush_all.o)
 .debug_info    0x00000000000029c9      0x49c ../traffic_core_DE10_bsp//libhal_bsp.a(alt_dev.o)
 .debug_info    0x0000000000002e65      0x1a9 ../traffic_core_DE10_bsp//libhal_bsp.a(alt_dev_llist_insert.o)
 .debug_info    0x000000000000300e       0x83 ../traffic_core_DE10_bsp//libhal_bsp.a(alt_do_ctors.o)
 .debug_info    0x0000000000003091       0x83 ../traffic_core_DE10_bsp//libhal_bsp.a(alt_do_dtors.o)
 .debug_info    0x0000000000003114       0xa6 ../traffic_core_DE10_bsp//libhal_bsp.a(alt_errno.o)
 .debug_info    0x00000000000031ba       0x92 ../traffic_core_DE10_bsp//libhal_bsp.a(alt_icache_flush_all.o)
 .debug_info    0x000000000000324c      0x350 ../traffic_core_DE10_bsp//libhal_bsp.a(alt_iic.o)
 .debug_info    0x000000000000359c      0x1ef ../traffic_core_DE10_bsp//libhal_bsp.a(alt_iic_isr_register.o)
 .debug_info    0x000000000000378b      0x4a5 ../traffic_core_DE10_bsp//libhal_bsp.a(alt_io_redirect.o)
 .debug_info    0x0000000000003c30       0xb7 ../traffic_core_DE10_bsp//libhal_bsp.a(alt_irq_entry.o)
 .debug_info    0x0000000000003ce7      0x187 ../traffic_core_DE10_bsp//libhal_bsp.a(alt_irq_handler.o)
 .debug_info    0x0000000000003e6e       0x88 ../traffic_core_DE10_bsp//libhal_bsp.a(alt_irq_vars.o)
 .debug_info    0x0000000000003ef6      0x3bb ../traffic_core_DE10_bsp//libhal_bsp.a(alt_open.o)
 .debug_info    0x00000000000042b1      0x2b0 ../traffic_core_DE10_bsp//libhal_bsp.a(alt_release_fd.o)
 .debug_info    0x0000000000004561       0x92 ../traffic_core_DE10_bsp//libhal_bsp.a(altera_nios2_gen2_irq.o)
 .debug_info    0x00000000000045f3       0xbd ../traffic_core_DE10_bsp//libhal_bsp.a(alt_exception_entry.o)
 .debug_info    0x00000000000046b0      0x2e9 ../traffic_core_DE10_bsp//libhal_bsp.a(alt_find_dev.o)
 .debug_info    0x0000000000004999      0x2e6 ../traffic_core_DE10_bsp//libhal_bsp.a(alt_find_file.o)
 .debug_info    0x0000000000004c7f      0x310 ../traffic_core_DE10_bsp//libhal_bsp.a(alt_get_fd.o)
 .debug_info    0x0000000000004f8f      0x1e7 ../traffic_core_DE10_bsp//libhal_bsp.a(alt_instruction_exception_entry.o)
 .debug_info    0x0000000000005176       0xfe /opt/Quartus/nios2eds/bin/gnu/H-x86_64-pc-linux-gnu/bin/../lib/gcc/nios2-elf/5.3.0/../../../../../H-x86_64-pc-linux-gnu/nios2-elf/lib/mno-hw-mul/libc.a(lib_a-atexit.o)
 .debug_info    0x0000000000005274      0x8e4 /opt/Quartus/nios2eds/bin/gnu/H-x86_64-pc-linux-gnu/bin/../lib/gcc/nios2-elf/5.3.0/../../../../../H-x86_64-pc-linux-gnu/nios2-elf/lib/mno-hw-mul/libc.a(lib_a-exit.o)
 .debug_info    0x0000000000005b58      0x8a1 /opt/Quartus/nios2eds/bin/gnu/H-x86_64-pc-linux-gnu/bin/../lib/gcc/nios2-elf/5.3.0/../../../../../H-x86_64-pc-linux-gnu/nios2-elf/lib/mno-hw-mul/libc.a(lib_a-impure.o)
 .debug_info    0x00000000000063f9       0x8a /opt/Quartus/nios2eds/bin/gnu/H-x86_64-pc-linux-gnu/bin/../lib/gcc/nios2-elf/5.3.0/../../../../../H-x86_64-pc-linux-gnu/nios2-elf/lib/mno-hw-mul/libc.a(lib_a-int_errno.o)
 .debug_info    0x0000000000006483      0x11a /opt/Quartus/nios2eds/bin/gnu/H-x86_64-pc-linux-gnu/bin/../lib/gcc/nios2-elf/5.3.0/../../../../../H-x86_64-pc-linux-gnu/nios2-elf/lib/mno-hw-mul/libc.a(lib_a-memcmp.o)
 .debug_info    0x000000000000659d      0x144 /opt/Quartus/nios2eds/bin/gnu/H-x86_64-pc-linux-gnu/bin/../lib/gcc/nios2-elf/5.3.0/../../../../../H-x86_64-pc-linux-gnu/nios2-elf/lib/mno-hw-mul/libc.a(lib_a-memcpy.o)
 .debug_info    0x00000000000066e1       0xe2 /opt/Quartus/nios2eds/bin/gnu/H-x86_64-pc-linux-gnu/bin/../lib/gcc/nios2-elf/5.3.0/../../../../../H-x86_64-pc-linux-gnu/nios2-elf/lib/mno-hw-mul/libc.a(lib_a-strlen.o)
 .debug_info    0x00000000000067c3      0x934 /opt/Quartus/nios2eds/bin/gnu/H-x86_64-pc-linux-gnu/bin/../lib/gcc/nios2-elf/5.3.0/../../../../../H-x86_64-pc-linux-gnu/nios2-elf/lib/mno-hw-mul/libc.a(lib_a-__atexit.o)
 .debug_info    0x00000000000070f7      0x965 /opt/Quartus/nios2eds/bin/gnu/H-x86_64-pc-linux-gnu/bin/../lib/gcc/nios2-elf/5.3.0/../../../../../H-x86_64-pc-linux-gnu/nios2-elf/lib/mno-hw-mul/libc.a(lib_a-__call_atexit.o)
 .debug_info    0x0000000000007a5c       0xb4 /opt/Quartus/nios2eds/bin/gnu/H-x86_64-pc-linux-gnu/bin/../lib/gcc/nios2-elf/5.3.0/mno-hw-mul/libgcc.a(lib2-mul.o)
 .debug_info    0x0000000000007b10       0xec ../traffic_core_DE10_bsp//libhal_bsp.a(alt_exit.o)

.debug_abbrev   0x0000000000000000     0x2bff
 *(.debug_abbrev)
 .debug_abbrev  0x0000000000000000       0x12 ../traffic_core_DE10_bsp//obj/HAL/src/crt0.o
 .debug_abbrev  0x0000000000000012       0xe8 obj/default/main.o
 .debug_abbrev  0x00000000000000fa      0x10e /opt/Quartus/nios2eds/bin/gnu/H-x86_64-pc-linux-gnu/bin/../lib/gcc/nios2-elf/5.3.0/mno-hw-mul/libgcc.a(lib2-divmod.o)
 .debug_abbrev  0x0000000000000208       0x9f ../traffic_core_DE10_bsp//libhal_bsp.a(alt_load.o)
 .debug_abbrev  0x00000000000002a7       0xba ../traffic_core_DE10_bsp//libhal_bsp.a(alt_main.o)
 .debug_abbrev  0x0000000000000361      0x15a ../traffic_core_DE10_bsp//libhal_bsp.a(alt_tick.o)
 .debug_abbrev  0x00000000000004bb      0x187 ../traffic_core_DE10_bsp//libhal_bsp.a(alt_sys_init.o)
 .debug_abbrev  0x0000000000000642      0x127 ../traffic_core_DE10_bsp//libhal_bsp.a(altera_avalon_jtag_uart_fd.o)
 .debug_abbrev  0x0000000000000769      0x19e ../traffic_core_DE10_bsp//libhal_bsp.a(altera_avalon_jtag_uart_init.o)
 .debug_abbrev  0x0000000000000907      0x111 ../traffic_core_DE10_bsp//libhal_bsp.a(altera_avalon_jtag_uart_ioctl.o)
 .debug_abbrev  0x0000000000000a18      0x1aa ../traffic_core_DE10_bsp//libhal_bsp.a(altera_avalon_jtag_uart_read.o)
 .debug_abbrev  0x0000000000000bc2      0x1a8 ../traffic_core_DE10_bsp//libhal_bsp.a(altera_avalon_jtag_uart_write.o)
 .debug_abbrev  0x0000000000000d6a      0x155 ../traffic_core_DE10_bsp//libhal_bsp.a(altera_avalon_timer_sc.o)
 .debug_abbrev  0x0000000000000ebf      0x162 ../traffic_core_DE10_bsp//libhal_bsp.a(alt_alarm_start.o)
 .debug_abbrev  0x0000000000001021      0x11f ../traffic_core_DE10_bsp//libhal_bsp.a(alt_close.o)
 .debug_abbrev  0x0000000000001140       0x42 ../traffic_core_DE10_bsp//libhal_bsp.a(alt_dcache_flush_all.o)
 .debug_abbrev  0x0000000000001182       0xd9 ../traffic_core_DE10_bsp//libhal_bsp.a(alt_dev.o)
 .debug_abbrev  0x000000000000125b      0x114 ../traffic_core_DE10_bsp//libhal_bsp.a(alt_dev_llist_insert.o)
 .debug_abbrev  0x000000000000136f       0x79 ../traffic_core_DE10_bsp//libhal_bsp.a(alt_do_ctors.o)
 .debug_abbrev  0x00000000000013e8       0x79 ../traffic_core_DE10_bsp//libhal_bsp.a(alt_do_dtors.o)
 .debug_abbrev  0x0000000000001461       0x5a ../traffic_core_DE10_bsp//libhal_bsp.a(alt_errno.o)
 .debug_abbrev  0x00000000000014bb       0x42 ../traffic_core_DE10_bsp//libhal_bsp.a(alt_icache_flush_all.o)
 .debug_abbrev  0x00000000000014fd      0x163 ../traffic_core_DE10_bsp//libhal_bsp.a(alt_iic.o)
 .debug_abbrev  0x0000000000001660      0x169 ../traffic_core_DE10_bsp//libhal_bsp.a(alt_iic_isr_register.o)
 .debug_abbrev  0x00000000000017c9      0x114 ../traffic_core_DE10_bsp//libhal_bsp.a(alt_io_redirect.o)
 .debug_abbrev  0x00000000000018dd       0x12 ../traffic_core_DE10_bsp//libhal_bsp.a(alt_irq_entry.o)
 .debug_abbrev  0x00000000000018ef      0x122 ../traffic_core_DE10_bsp//libhal_bsp.a(alt_irq_handler.o)
 .debug_abbrev  0x0000000000001a11       0x40 ../traffic_core_DE10_bsp//libhal_bsp.a(alt_irq_vars.o)
 .debug_abbrev  0x0000000000001a51      0x148 ../traffic_core_DE10_bsp//libhal_bsp.a(alt_open.o)
 .debug_abbrev  0x0000000000001b99       0xde ../traffic_core_DE10_bsp//libhal_bsp.a(alt_release_fd.o)
 .debug_abbrev  0x0000000000001c77       0x42 ../traffic_core_DE10_bsp//libhal_bsp.a(altera_nios2_gen2_irq.o)
 .debug_abbrev  0x0000000000001cb9       0x12 ../traffic_core_DE10_bsp//libhal_bsp.a(alt_exception_entry.o)
 .debug_abbrev  0x0000000000001ccb       0xf0 ../traffic_core_DE10_bsp//libhal_bsp.a(alt_find_dev.o)
 .debug_abbrev  0x0000000000001dbb       0xf0 ../traffic_core_DE10_bsp//libhal_bsp.a(alt_find_file.o)
 .debug_abbrev  0x0000000000001eab      0x10d ../traffic_core_DE10_bsp//libhal_bsp.a(alt_get_fd.o)
 .debug_abbrev  0x0000000000001fb8       0xdc ../traffic_core_DE10_bsp//libhal_bsp.a(alt_instruction_exception_entry.o)
 .debug_abbrev  0x0000000000002094       0xaa /opt/Quartus/nios2eds/bin/gnu/H-x86_64-pc-linux-gnu/bin/../lib/gcc/nios2-elf/5.3.0/../../../../../H-x86_64-pc-linux-gnu/nios2-elf/lib/mno-hw-mul/libc.a(lib_a-atexit.o)
 .debug_abbrev  0x000000000000213e      0x1e5 /opt/Quartus/nios2eds/bin/gnu/H-x86_64-pc-linux-gnu/bin/../lib/gcc/nios2-elf/5.3.0/../../../../../H-x86_64-pc-linux-gnu/nios2-elf/lib/mno-hw-mul/libc.a(lib_a-exit.o)
 .debug_abbrev  0x0000000000002323      0x18f /opt/Quartus/nios2eds/bin/gnu/H-x86_64-pc-linux-gnu/bin/../lib/gcc/nios2-elf/5.3.0/../../../../../H-x86_64-pc-linux-gnu/nios2-elf/lib/mno-hw-mul/libc.a(lib_a-impure.o)
 .debug_abbrev  0x00000000000024b2       0x37 /opt/Quartus/nios2eds/bin/gnu/H-x86_64-pc-linux-gnu/bin/../lib/gcc/nios2-elf/5.3.0/../../../../../H-x86_64-pc-linux-gnu/nios2-elf/lib/mno-hw-mul/libc.a(lib_a-int_errno.o)
 .debug_abbrev  0x00000000000024e9       0x7f /opt/Quartus/nios2eds/bin/gnu/H-x86_64-pc-linux-gnu/bin/../lib/gcc/nios2-elf/5.3.0/../../../../../H-x86_64-pc-linux-gnu/nios2-elf/lib/mno-hw-mul/libc.a(lib_a-memcmp.o)
 .debug_abbrev  0x0000000000002568       0xa3 /opt/Quartus/nios2eds/bin/gnu/H-x86_64-pc-linux-gnu/bin/../lib/gcc/nios2-elf/5.3.0/../../../../../H-x86_64-pc-linux-gnu/nios2-elf/lib/mno-hw-mul/libc.a(lib_a-memcpy.o)
 .debug_abbrev  0x000000000000260b       0x90 /opt/Quartus/nios2eds/bin/gnu/H-x86_64-pc-linux-gnu/bin/../lib/gcc/nios2-elf/5.3.0/../../../../../H-x86_64-pc-linux-gnu/nios2-elf/lib/mno-hw-mul/libc.a(lib_a-strlen.o)
 .debug_abbrev  0x000000000000269b      0x21e /opt/Quartus/nios2eds/bin/gnu/H-x86_64-pc-linux-gnu/bin/../lib/gcc/nios2-elf/5.3.0/../../../../../H-x86_64-pc-linux-gnu/nios2-elf/lib/mno-hw-mul/libc.a(lib_a-__atexit.o)
 .debug_abbrev  0x00000000000028b9      0x22e /opt/Quartus/nios2eds/bin/gnu/H-x86_64-pc-linux-gnu/bin/../lib/gcc/nios2-elf/5.3.0/../../../../../H-x86_64-pc-linux-gnu/nios2-elf/lib/mno-hw-mul/libc.a(lib_a-__call_atexit.o)
 .debug_abbrev  0x0000000000002ae7       0x6f /opt/Quartus/nios2eds/bin/gnu/H-x86_64-pc-linux-gnu/bin/../lib/gcc/nios2-elf/5.3.0/mno-hw-mul/libgcc.a(lib2-mul.o)
 .debug_abbrev  0x0000000000002b56       0xa9 ../traffic_core_DE10_bsp//libhal_bsp.a(alt_exit.o)

.debug_line     0x0000000000000000     0x2ca7
 *(.debug_line)
 .debug_line    0x0000000000000000       0x66 ../traffic_core_DE10_bsp//obj/HAL/src/crt0.o
 .debug_line    0x0000000000000066      0x185 obj/default/main.o
 .debug_line    0x00000000000001eb      0x105 /opt/Quartus/nios2eds/bin/gnu/H-x86_64-pc-linux-gnu/bin/../lib/gcc/nios2-elf/5.3.0/mno-hw-mul/libgcc.a(lib2-divmod.o)
 .debug_line    0x00000000000002f0       0x8e ../traffic_core_DE10_bsp//libhal_bsp.a(alt_load.o)
 .debug_line    0x000000000000037e       0xa4 ../traffic_core_DE10_bsp//libhal_bsp.a(alt_main.o)
 .debug_line    0x0000000000000422       0xff ../traffic_core_DE10_bsp//libhal_bsp.a(alt_tick.o)
 .debug_line    0x0000000000000521      0x152 ../traffic_core_DE10_bsp//libhal_bsp.a(alt_sys_init.o)
 .debug_line    0x0000000000000673      0x12f ../traffic_core_DE10_bsp//libhal_bsp.a(altera_avalon_jtag_uart_fd.o)
 .debug_line    0x00000000000007a2      0x18b ../traffic_core_DE10_bsp//libhal_bsp.a(altera_avalon_jtag_uart_init.o)
 .debug_line    0x000000000000092d      0x131 ../traffic_core_DE10_bsp//libhal_bsp.a(altera_avalon_jtag_uart_ioctl.o)
 .debug_line    0x0000000000000a5e      0x171 ../traffic_core_DE10_bsp//libhal_bsp.a(altera_avalon_jtag_uart_read.o)
 .debug_line    0x0000000000000bcf      0x170 ../traffic_core_DE10_bsp//libhal_bsp.a(altera_avalon_jtag_uart_write.o)
 .debug_line    0x0000000000000d3f       0xfd ../traffic_core_DE10_bsp//libhal_bsp.a(altera_avalon_timer_sc.o)
 .debug_line    0x0000000000000e3c       0xf9 ../traffic_core_DE10_bsp//libhal_bsp.a(alt_alarm_start.o)
 .debug_line    0x0000000000000f35      0x160 ../traffic_core_DE10_bsp//libhal_bsp.a(alt_close.o)
 .debug_line    0x0000000000001095       0x51 ../traffic_core_DE10_bsp//libhal_bsp.a(alt_dcache_flush_all.o)
 .debug_line    0x00000000000010e6       0xf3 ../traffic_core_DE10_bsp//libhal_bsp.a(alt_dev.o)
 .debug_line    0x00000000000011d9       0xcf ../traffic_core_DE10_bsp//libhal_bsp.a(alt_dev_llist_insert.o)
 .debug_line    0x00000000000012a8       0x59 ../traffic_core_DE10_bsp//libhal_bsp.a(alt_do_ctors.o)
 .debug_line    0x0000000000001301       0x59 ../traffic_core_DE10_bsp//libhal_bsp.a(alt_do_dtors.o)
 .debug_line    0x000000000000135a       0x51 ../traffic_core_DE10_bsp//libhal_bsp.a(alt_errno.o)
 .debug_line    0x00000000000013ab       0x4f ../traffic_core_DE10_bsp//libhal_bsp.a(alt_icache_flush_all.o)
 .debug_line    0x00000000000013fa       0xeb ../traffic_core_DE10_bsp//libhal_bsp.a(alt_iic.o)
 .debug_line    0x00000000000014e5       0xdb ../traffic_core_DE10_bsp//libhal_bsp.a(alt_iic_isr_register.o)
 .debug_line    0x00000000000015c0      0x130 ../traffic_core_DE10_bsp//libhal_bsp.a(alt_io_redirect.o)
 .debug_line    0x00000000000016f0       0x6b ../traffic_core_DE10_bsp//libhal_bsp.a(alt_irq_entry.o)
 .debug_line    0x000000000000175b       0xaa ../traffic_core_DE10_bsp//libhal_bsp.a(alt_irq_handler.o)
 .debug_line    0x0000000000001805       0x50 ../traffic_core_DE10_bsp//libhal_bsp.a(alt_irq_vars.o)
 .debug_line    0x0000000000001855      0x12b ../traffic_core_DE10_bsp//libhal_bsp.a(alt_open.o)
 .debug_line    0x0000000000001980       0xb0 ../traffic_core_DE10_bsp//libhal_bsp.a(alt_release_fd.o)
 .debug_line    0x0000000000001a30       0x51 ../traffic_core_DE10_bsp//libhal_bsp.a(altera_nios2_gen2_irq.o)
 .debug_line    0x0000000000001a81       0xb3 ../traffic_core_DE10_bsp//libhal_bsp.a(alt_exception_entry.o)
 .debug_line    0x0000000000001b34       0xb5 ../traffic_core_DE10_bsp//libhal_bsp.a(alt_find_dev.o)
 .debug_line    0x0000000000001be9       0xd1 ../traffic_core_DE10_bsp//libhal_bsp.a(alt_find_file.o)
 .debug_line    0x0000000000001cba       0xd7 ../traffic_core_DE10_bsp//libhal_bsp.a(alt_get_fd.o)
 .debug_line    0x0000000000001d91       0xb9 ../traffic_core_DE10_bsp//libhal_bsp.a(alt_instruction_exception_entry.o)
 .debug_line    0x0000000000001e4a       0xe7 /opt/Quartus/nios2eds/bin/gnu/H-x86_64-pc-linux-gnu/bin/../lib/gcc/nios2-elf/5.3.0/../../../../../H-x86_64-pc-linux-gnu/nios2-elf/lib/mno-hw-mul/libc.a(lib_a-atexit.o)
 .debug_line    0x0000000000001f31      0x1fc /opt/Quartus/nios2eds/bin/gnu/H-x86_64-pc-linux-gnu/bin/../lib/gcc/nios2-elf/5.3.0/../../../../../H-x86_64-pc-linux-gnu/nios2-elf/lib/mno-hw-mul/libc.a(lib_a-exit.o)
 .debug_line    0x000000000000212d      0x160 /opt/Quartus/nios2eds/bin/gnu/H-x86_64-pc-linux-gnu/bin/../lib/gcc/nios2-elf/5.3.0/../../../../../H-x86_64-pc-linux-gnu/nios2-elf/lib/mno-hw-mul/libc.a(lib_a-impure.o)
 .debug_line    0x000000000000228d       0x5f /opt/Quartus/nios2eds/bin/gnu/H-x86_64-pc-linux-gnu/bin/../lib/gcc/nios2-elf/5.3.0/../../../../../H-x86_64-pc-linux-gnu/nios2-elf/lib/mno-hw-mul/libc.a(lib_a-int_errno.o)
 .debug_line    0x00000000000022ec      0x176 /opt/Quartus/nios2eds/bin/gnu/H-x86_64-pc-linux-gnu/bin/../lib/gcc/nios2-elf/5.3.0/../../../../../H-x86_64-pc-linux-gnu/nios2-elf/lib/mno-hw-mul/libc.a(lib_a-memcmp.o)
 .debug_line    0x0000000000002462      0x18c /opt/Quartus/nios2eds/bin/gnu/H-x86_64-pc-linux-gnu/bin/../lib/gcc/nios2-elf/5.3.0/../../../../../H-x86_64-pc-linux-gnu/nios2-elf/lib/mno-hw-mul/libc.a(lib_a-memcpy.o)
 .debug_line    0x00000000000025ee      0x16f /opt/Quartus/nios2eds/bin/gnu/H-x86_64-pc-linux-gnu/bin/../lib/gcc/nios2-elf/5.3.0/../../../../../H-x86_64-pc-linux-gnu/nios2-elf/lib/mno-hw-mul/libc.a(lib_a-strlen.o)
 .debug_line    0x000000000000275d      0x21f /opt/Quartus/nios2eds/bin/gnu/H-x86_64-pc-linux-gnu/bin/../lib/gcc/nios2-elf/5.3.0/../../../../../H-x86_64-pc-linux-gnu/nios2-elf/lib/mno-hw-mul/libc.a(lib_a-__atexit.o)
 .debug_line    0x000000000000297c      0x23a /opt/Quartus/nios2eds/bin/gnu/H-x86_64-pc-linux-gnu/bin/../lib/gcc/nios2-elf/5.3.0/../../../../../H-x86_64-pc-linux-gnu/nios2-elf/lib/mno-hw-mul/libc.a(lib_a-__call_atexit.o)
 .debug_line    0x0000000000002bb6       0x80 /opt/Quartus/nios2eds/bin/gnu/H-x86_64-pc-linux-gnu/bin/../lib/gcc/nios2-elf/5.3.0/mno-hw-mul/libgcc.a(lib2-mul.o)
 .debug_line    0x0000000000002c36       0x71 ../traffic_core_DE10_bsp//libhal_bsp.a(alt_exit.o)

.debug_frame    0x0000000000000000      0xb78
 *(.debug_frame)
 .debug_frame   0x0000000000000000       0x50 obj/default/main.o
 .debug_frame   0x0000000000000050       0x50 /opt/Quartus/nios2eds/bin/gnu/H-x86_64-pc-linux-gnu/bin/../lib/gcc/nios2-elf/5.3.0/mno-hw-mul/libgcc.a(lib2-divmod.o)
 .debug_frame   0x00000000000000a0       0x5c ../traffic_core_DE10_bsp//libhal_bsp.a(alt_load.o)
 .debug_frame   0x00000000000000fc       0x2c ../traffic_core_DE10_bsp//libhal_bsp.a(alt_main.o)
 .debug_frame   0x0000000000000128       0x5c ../traffic_core_DE10_bsp//libhal_bsp.a(alt_tick.o)
 .debug_frame   0x0000000000000184       0x88 ../traffic_core_DE10_bsp//libhal_bsp.a(alt_sys_init.o)
 .debug_frame   0x000000000000020c       0xb0 ../traffic_core_DE10_bsp//libhal_bsp.a(altera_avalon_jtag_uart_fd.o)
 .debug_frame   0x00000000000002bc       0xa4 ../traffic_core_DE10_bsp//libhal_bsp.a(altera_avalon_jtag_uart_init.o)
 .debug_frame   0x0000000000000360       0x34 ../traffic_core_DE10_bsp//libhal_bsp.a(altera_avalon_jtag_uart_ioctl.o)
 .debug_frame   0x0000000000000394       0x38 ../traffic_core_DE10_bsp//libhal_bsp.a(altera_avalon_jtag_uart_read.o)
 .debug_frame   0x00000000000003cc       0x38 ../traffic_core_DE10_bsp//libhal_bsp.a(altera_avalon_jtag_uart_write.o)
 .debug_frame   0x0000000000000404       0x60 ../traffic_core_DE10_bsp//libhal_bsp.a(altera_avalon_timer_sc.o)
 .debug_frame   0x0000000000000464       0x34 ../traffic_core_DE10_bsp//libhal_bsp.a(alt_alarm_start.o)
 .debug_frame   0x0000000000000498       0x60 ../traffic_core_DE10_bsp//libhal_bsp.a(alt_close.o)
 .debug_frame   0x00000000000004f8       0x34 ../traffic_core_DE10_bsp//libhal_bsp.a(alt_dcache_flush_all.o)
 .debug_frame   0x000000000000052c       0x34 ../traffic_core_DE10_bsp//libhal_bsp.a(alt_dev.o)
 .debug_frame   0x0000000000000560       0x60 ../traffic_core_DE10_bsp//libhal_bsp.a(alt_dev_llist_insert.o)
 .debug_frame   0x00000000000005c0       0x38 ../traffic_core_DE10_bsp//libhal_bsp.a(alt_do_ctors.o)
 .debug_frame   0x00000000000005f8       0x38 ../traffic_core_DE10_bsp//libhal_bsp.a(alt_do_dtors.o)
 .debug_frame   0x0000000000000630       0x34 ../traffic_core_DE10_bsp//libhal_bsp.a(alt_icache_flush_all.o)
 .debug_frame   0x0000000000000664       0xa4 ../traffic_core_DE10_bsp//libhal_bsp.a(alt_iic.o)
 .debug_frame   0x0000000000000708       0x38 ../traffic_core_DE10_bsp//libhal_bsp.a(alt_iic_isr_register.o)
 .debug_frame   0x0000000000000740       0x64 ../traffic_core_DE10_bsp//libhal_bsp.a(alt_io_redirect.o)
 .debug_frame   0x00000000000007a4       0x38 ../traffic_core_DE10_bsp//libhal_bsp.a(alt_irq_handler.o)
 .debug_frame   0x00000000000007dc       0x8c ../traffic_core_DE10_bsp//libhal_bsp.a(alt_open.o)
 .debug_frame   0x0000000000000868       0x3c ../traffic_core_DE10_bsp//libhal_bsp.a(alt_release_fd.o)
 .debug_frame   0x00000000000008a4       0x34 ../traffic_core_DE10_bsp//libhal_bsp.a(altera_nios2_gen2_irq.o)
 .debug_frame   0x00000000000008d8       0x38 ../traffic_core_DE10_bsp//libhal_bsp.a(alt_find_dev.o)
 .debug_frame   0x0000000000000910       0x38 ../traffic_core_DE10_bsp//libhal_bsp.a(alt_find_file.o)
 .debug_frame   0x0000000000000948       0x3c ../traffic_core_DE10_bsp//libhal_bsp.a(alt_get_fd.o)
 .debug_frame   0x0000000000000984       0x5c ../traffic_core_DE10_bsp//libhal_bsp.a(alt_instruction_exception_entry.o)
 .debug_frame   0x00000000000009e0       0x20 /opt/Quartus/nios2eds/bin/gnu/H-x86_64-pc-linux-gnu/bin/../lib/gcc/nios2-elf/5.3.0/../../../../../H-x86_64-pc-linux-gnu/nios2-elf/lib/mno-hw-mul/libc.a(lib_a-atexit.o)
 .debug_frame   0x0000000000000a00       0x28 /opt/Quartus/nios2eds/bin/gnu/H-x86_64-pc-linux-gnu/bin/../lib/gcc/nios2-elf/5.3.0/../../../../../H-x86_64-pc-linux-gnu/nios2-elf/lib/mno-hw-mul/libc.a(lib_a-exit.o)
 .debug_frame   0x0000000000000a28       0x20 /opt/Quartus/nios2eds/bin/gnu/H-x86_64-pc-linux-gnu/bin/../lib/gcc/nios2-elf/5.3.0/../../../../../H-x86_64-pc-linux-gnu/nios2-elf/lib/mno-hw-mul/libc.a(lib_a-memcmp.o)
 .debug_frame   0x0000000000000a48       0x38 /opt/Quartus/nios2eds/bin/gnu/H-x86_64-pc-linux-gnu/bin/../lib/gcc/nios2-elf/5.3.0/../../../../../H-x86_64-pc-linux-gnu/nios2-elf/lib/mno-hw-mul/libc.a(lib_a-memcpy.o)
 .debug_frame   0x0000000000000a80       0x20 /opt/Quartus/nios2eds/bin/gnu/H-x86_64-pc-linux-gnu/bin/../lib/gcc/nios2-elf/5.3.0/../../../../../H-x86_64-pc-linux-gnu/nios2-elf/lib/mno-hw-mul/libc.a(lib_a-strlen.o)
 .debug_frame   0x0000000000000aa0       0x38 /opt/Quartus/nios2eds/bin/gnu/H-x86_64-pc-linux-gnu/bin/../lib/gcc/nios2-elf/5.3.0/../../../../../H-x86_64-pc-linux-gnu/nios2-elf/lib/mno-hw-mul/libc.a(lib_a-__atexit.o)
 .debug_frame   0x0000000000000ad8       0x54 /opt/Quartus/nios2eds/bin/gnu/H-x86_64-pc-linux-gnu/bin/../lib/gcc/nios2-elf/5.3.0/../../../../../H-x86_64-pc-linux-gnu/nios2-elf/lib/mno-hw-mul/libc.a(lib_a-__call_atexit.o)
 .debug_frame   0x0000000000000b2c       0x20 /opt/Quartus/nios2eds/bin/gnu/H-x86_64-pc-linux-gnu/bin/../lib/gcc/nios2-elf/5.3.0/mno-hw-mul/libgcc.a(lib2-mul.o)
 .debug_frame   0x0000000000000b4c       0x2c ../traffic_core_DE10_bsp//libhal_bsp.a(alt_exit.o)

.debug_str      0x0000000000000000     0x1d1a
 *(.debug_str)
 .debug_str     0x0000000000000000      0x1c8 obj/default/main.o
                                        0x229 (size before relaxing)
 .debug_str     0x00000000000001c8      0x188 /opt/Quartus/nios2eds/bin/gnu/H-x86_64-pc-linux-gnu/bin/../lib/gcc/nios2-elf/5.3.0/mno-hw-mul/libgcc.a(lib2-divmod.o)
                                        0x1d3 (size before relaxing)
 .debug_str     0x0000000000000350      0x163 ../traffic_core_DE10_bsp//libhal_bsp.a(alt_load.o)
                                        0x252 (size before relaxing)
 .debug_str     0x00000000000004b3       0x44 ../traffic_core_DE10_bsp//libhal_bsp.a(alt_main.o)
                                        0x1dd (size before relaxing)
 .debug_str     0x00000000000004f7       0xaf ../traffic_core_DE10_bsp//libhal_bsp.a(alt_tick.o)
                                        0x292 (size before relaxing)
 .debug_str     0x00000000000005a6      0x197 ../traffic_core_DE10_bsp//libhal_bsp.a(alt_sys_init.o)
                                        0x3ce (size before relaxing)
 .debug_str     0x000000000000073d       0xb9 ../traffic_core_DE10_bsp//libhal_bsp.a(altera_avalon_jtag_uart_fd.o)
                                        0x3e4 (size before relaxing)
 .debug_str     0x00000000000007f6       0xb4 ../traffic_core_DE10_bsp//libhal_bsp.a(altera_avalon_jtag_uart_init.o)
                                        0x378 (size before relaxing)
 .debug_str     0x00000000000008aa       0x4a ../traffic_core_DE10_bsp//libhal_bsp.a(altera_avalon_jtag_uart_ioctl.o)
                                        0x2d3 (size before relaxing)
 .debug_str     0x00000000000008f4       0x48 ../traffic_core_DE10_bsp//libhal_bsp.a(altera_avalon_jtag_uart_read.o)
                                        0x328 (size before relaxing)
 .debug_str     0x000000000000093c       0x4a ../traffic_core_DE10_bsp//libhal_bsp.a(altera_avalon_jtag_uart_write.o)
                                        0x329 (size before relaxing)
 .debug_str     0x0000000000000986       0x6d ../traffic_core_DE10_bsp//libhal_bsp.a(altera_avalon_timer_sc.o)
                                        0x28b (size before relaxing)
 .debug_str     0x00000000000009f3       0x4a ../traffic_core_DE10_bsp//libhal_bsp.a(alt_alarm_start.o)
                                        0x2be (size before relaxing)
 .debug_str     0x0000000000000a3d       0x44 ../traffic_core_DE10_bsp//libhal_bsp.a(alt_close.o)
                                        0x24b (size before relaxing)
 .debug_str     0x0000000000000a81       0x34 ../traffic_core_DE10_bsp//libhal_bsp.a(alt_dcache_flush_all.o)
                                        0x195 (size before relaxing)
 .debug_str     0x0000000000000ab5      0x120 ../traffic_core_DE10_bsp//libhal_bsp.a(alt_dev.o)
                                        0x345 (size before relaxing)
 .debug_str     0x0000000000000bd5       0x34 ../traffic_core_DE10_bsp//libhal_bsp.a(alt_dev_llist_insert.o)
                                        0x20c (size before relaxing)
 .debug_str     0x0000000000000c09       0x48 ../traffic_core_DE10_bsp//libhal_bsp.a(alt_do_ctors.o)
                                        0x110 (size before relaxing)
 .debug_str     0x0000000000000c51       0x4c ../traffic_core_DE10_bsp//libhal_bsp.a(alt_do_dtors.o)
                                        0x10f (size before relaxing)
 .debug_str     0x0000000000000c9d       0x14 ../traffic_core_DE10_bsp//libhal_bsp.a(alt_errno.o)
                                        0x185 (size before relaxing)
 .debug_str     0x0000000000000cb1       0x34 ../traffic_core_DE10_bsp//libhal_bsp.a(alt_icache_flush_all.o)
                                        0x195 (size before relaxing)
 .debug_str     0x0000000000000ce5       0xc4 ../traffic_core_DE10_bsp//libhal_bsp.a(alt_iic.o)
                                        0x27e (size before relaxing)
 .debug_str     0x0000000000000da9       0x4c ../traffic_core_DE10_bsp//libhal_bsp.a(alt_iic_isr_register.o)
                                        0x228 (size before relaxing)
 .debug_str     0x0000000000000df5       0x56 ../traffic_core_DE10_bsp//libhal_bsp.a(alt_io_redirect.o)
                                        0x356 (size before relaxing)
 .debug_str     0x0000000000000e4b       0x3a ../traffic_core_DE10_bsp//libhal_bsp.a(alt_irq_handler.o)
                                        0x1d7 (size before relaxing)
 .debug_str     0x0000000000000e85       0x17 ../traffic_core_DE10_bsp//libhal_bsp.a(alt_irq_vars.o)
                                        0x17a (size before relaxing)
 .debug_str     0x0000000000000e9c       0x2f ../traffic_core_DE10_bsp//libhal_bsp.a(alt_open.o)
                                        0x28b (size before relaxing)
 .debug_str     0x0000000000000ecb       0x28 ../traffic_core_DE10_bsp//libhal_bsp.a(alt_release_fd.o)
                                        0x213 (size before relaxing)
 .debug_str     0x0000000000000ef3       0x3b ../traffic_core_DE10_bsp//libhal_bsp.a(altera_nios2_gen2_irq.o)
                                        0x19c (size before relaxing)
 .debug_str     0x0000000000000f2e       0x24 ../traffic_core_DE10_bsp//libhal_bsp.a(alt_find_dev.o)
                                        0x22c (size before relaxing)
 .debug_str     0x0000000000000f52       0x26 ../traffic_core_DE10_bsp//libhal_bsp.a(alt_find_file.o)
                                        0x23a (size before relaxing)
 .debug_str     0x0000000000000f78       0x30 ../traffic_core_DE10_bsp//libhal_bsp.a(alt_get_fd.o)
                                        0x25c (size before relaxing)
 .debug_str     0x0000000000000fa8      0x48b ../traffic_core_DE10_bsp//libhal_bsp.a(alt_instruction_exception_entry.o)
                                        0x5e0 (size before relaxing)
 .debug_str     0x0000000000001433      0x17d /opt/Quartus/nios2eds/bin/gnu/H-x86_64-pc-linux-gnu/bin/../lib/gcc/nios2-elf/5.3.0/../../../../../H-x86_64-pc-linux-gnu/nios2-elf/lib/mno-hw-mul/libc.a(lib_a-atexit.o)
                                        0x222 (size before relaxing)
 .debug_str     0x00000000000015b0      0x3af /opt/Quartus/nios2eds/bin/gnu/H-x86_64-pc-linux-gnu/bin/../lib/gcc/nios2-elf/5.3.0/../../../../../H-x86_64-pc-linux-gnu/nios2-elf/lib/mno-hw-mul/libc.a(lib_a-exit.o)
                                        0x5bf (size before relaxing)
 .debug_str     0x000000000000195f       0xd7 /opt/Quartus/nios2eds/bin/gnu/H-x86_64-pc-linux-gnu/bin/../lib/gcc/nios2-elf/5.3.0/../../../../../H-x86_64-pc-linux-gnu/nios2-elf/lib/mno-hw-mul/libc.a(lib_a-impure.o)
                                        0x5b6 (size before relaxing)
 .debug_str     0x0000000000001a36       0x3f /opt/Quartus/nios2eds/bin/gnu/H-x86_64-pc-linux-gnu/bin/../lib/gcc/nios2-elf/5.3.0/../../../../../H-x86_64-pc-linux-gnu/nios2-elf/lib/mno-hw-mul/libc.a(lib_a-int_errno.o)
                                        0x1de (size before relaxing)
 .debug_str     0x0000000000001a75       0xdb /opt/Quartus/nios2eds/bin/gnu/H-x86_64-pc-linux-gnu/bin/../lib/gcc/nios2-elf/5.3.0/../../../../../H-x86_64-pc-linux-gnu/nios2-elf/lib/mno-hw-mul/libc.a(lib_a-memcmp.o)
                                        0x1e5 (size before relaxing)
 .debug_str     0x0000000000001b50       0x6b /opt/Quartus/nios2eds/bin/gnu/H-x86_64-pc-linux-gnu/bin/../lib/gcc/nios2-elf/5.3.0/../../../../../H-x86_64-pc-linux-gnu/nios2-elf/lib/mno-hw-mul/libc.a(lib_a-memcpy.o)
                                        0x20c (size before relaxing)
 .debug_str     0x0000000000001bbb       0x51 /opt/Quartus/nios2eds/bin/gnu/H-x86_64-pc-linux-gnu/bin/../lib/gcc/nios2-elf/5.3.0/../../../../../H-x86_64-pc-linux-gnu/nios2-elf/lib/mno-hw-mul/libc.a(lib_a-strlen.o)
                                        0x1f8 (size before relaxing)
 .debug_str     0x0000000000001c0c       0x3f /opt/Quartus/nios2eds/bin/gnu/H-x86_64-pc-linux-gnu/bin/../lib/gcc/nios2-elf/5.3.0/../../../../../H-x86_64-pc-linux-gnu/nios2-elf/lib/mno-hw-mul/libc.a(lib_a-__atexit.o)
                                        0x5f7 (size before relaxing)
 .debug_str     0x0000000000001c4b       0x65 /opt/Quartus/nios2eds/bin/gnu/H-x86_64-pc-linux-gnu/bin/../lib/gcc/nios2-elf/5.3.0/../../../../../H-x86_64-pc-linux-gnu/nios2-elf/lib/mno-hw-mul/libc.a(lib_a-__call_atexit.o)
                                        0x5e3 (size before relaxing)
 .debug_str     0x0000000000001cb0       0x40 /opt/Quartus/nios2eds/bin/gnu/H-x86_64-pc-linux-gnu/bin/../lib/gcc/nios2-elf/5.3.0/mno-hw-mul/libgcc.a(lib2-mul.o)
                                        0x194 (size before relaxing)
 .debug_str     0x0000000000001cf0       0x2a ../traffic_core_DE10_bsp//libhal_bsp.a(alt_exit.o)
                                        0x191 (size before relaxing)

.debug_loc      0x0000000000000000      0xcd1
 *(.debug_loc)
 .debug_loc     0x0000000000000000      0x4ce /opt/Quartus/nios2eds/bin/gnu/H-x86_64-pc-linux-gnu/bin/../lib/gcc/nios2-elf/5.3.0/mno-hw-mul/libgcc.a(lib2-divmod.o)
 .debug_loc     0x00000000000004ce       0x2c /opt/Quartus/nios2eds/bin/gnu/H-x86_64-pc-linux-gnu/bin/../lib/gcc/nios2-elf/5.3.0/../../../../../H-x86_64-pc-linux-gnu/nios2-elf/lib/mno-hw-mul/libc.a(lib_a-atexit.o)
 .debug_loc     0x00000000000004fa       0x1e /opt/Quartus/nios2eds/bin/gnu/H-x86_64-pc-linux-gnu/bin/../lib/gcc/nios2-elf/5.3.0/../../../../../H-x86_64-pc-linux-gnu/nios2-elf/lib/mno-hw-mul/libc.a(lib_a-exit.o)
 .debug_loc     0x0000000000000518      0x126 /opt/Quartus/nios2eds/bin/gnu/H-x86_64-pc-linux-gnu/bin/../lib/gcc/nios2-elf/5.3.0/../../../../../H-x86_64-pc-linux-gnu/nios2-elf/lib/mno-hw-mul/libc.a(lib_a-memcmp.o)
 .debug_loc     0x000000000000063e      0x266 /opt/Quartus/nios2eds/bin/gnu/H-x86_64-pc-linux-gnu/bin/../lib/gcc/nios2-elf/5.3.0/../../../../../H-x86_64-pc-linux-gnu/nios2-elf/lib/mno-hw-mul/libc.a(lib_a-memcpy.o)
 .debug_loc     0x00000000000008a4       0x47 /opt/Quartus/nios2eds/bin/gnu/H-x86_64-pc-linux-gnu/bin/../lib/gcc/nios2-elf/5.3.0/../../../../../H-x86_64-pc-linux-gnu/nios2-elf/lib/mno-hw-mul/libc.a(lib_a-strlen.o)
 .debug_loc     0x00000000000008eb      0x185 /opt/Quartus/nios2eds/bin/gnu/H-x86_64-pc-linux-gnu/bin/../lib/gcc/nios2-elf/5.3.0/../../../../../H-x86_64-pc-linux-gnu/nios2-elf/lib/mno-hw-mul/libc.a(lib_a-__atexit.o)
 .debug_loc     0x0000000000000a70      0x1ce /opt/Quartus/nios2eds/bin/gnu/H-x86_64-pc-linux-gnu/bin/../lib/gcc/nios2-elf/5.3.0/../../../../../H-x86_64-pc-linux-gnu/nios2-elf/lib/mno-hw-mul/libc.a(lib_a-__call_atexit.o)
 .debug_loc     0x0000000000000c3e       0x93 /opt/Quartus/nios2eds/bin/gnu/H-x86_64-pc-linux-gnu/bin/../lib/gcc/nios2-elf/5.3.0/mno-hw-mul/libgcc.a(lib2-mul.o)

.debug_macinfo
 *(.debug_macinfo)

.debug_weaknames
 *(.debug_weaknames)

.debug_funcnames
 *(.debug_funcnames)

.debug_typenames
 *(.debug_typenames)

.debug_varnames
 *(.debug_varnames)

.debug_alt_sim_info
                0x0000000000000000       0x10
 *(.debug_alt_sim_info)
 .debug_alt_sim_info
                0x0000000000000000       0x10 ../traffic_core_DE10_bsp//obj/HAL/src/crt0.o
                0x0000000000033880                __alt_data_end = 0x33880
                0x0000000000033880                PROVIDE (__alt_stack_pointer, __alt_data_end)
                [!provide]                        PROVIDE (__alt_stack_limit, __alt_stack_base)
                [!provide]                        PROVIDE (__alt_heap_start, end)
                [!provide]                        PROVIDE (__alt_heap_limit, 0x33880)
OUTPUT(traffic_core_DE10.elf elf32-littlenios2)

.debug_ranges   0x0000000000000000      0x1d8
 .debug_ranges  0x0000000000000000       0x20 ../traffic_core_DE10_bsp//obj/HAL/src/crt0.o
 .debug_ranges  0x0000000000000020       0x60 /opt/Quartus/nios2eds/bin/gnu/H-x86_64-pc-linux-gnu/bin/../lib/gcc/nios2-elf/5.3.0/mno-hw-mul/libgcc.a(lib2-divmod.o)
 .debug_ranges  0x0000000000000080       0x30 ../traffic_core_DE10_bsp//libhal_bsp.a(altera_avalon_jtag_uart_init.o)
 .debug_ranges  0x00000000000000b0       0x18 ../traffic_core_DE10_bsp//libhal_bsp.a(altera_avalon_jtag_uart_read.o)
 .debug_ranges  0x00000000000000c8       0x28 ../traffic_core_DE10_bsp//libhal_bsp.a(alt_irq_entry.o)
 .debug_ranges  0x00000000000000f0       0x10 ../traffic_core_DE10_bsp//libhal_bsp.a(alt_irq_handler.o)
 .debug_ranges  0x0000000000000100       0x30 ../traffic_core_DE10_bsp//libhal_bsp.a(alt_exception_entry.o)
 .debug_ranges  0x0000000000000130       0x18 ../traffic_core_DE10_bsp//libhal_bsp.a(alt_instruction_exception_entry.o)
 .debug_ranges  0x0000000000000148       0x10 /opt/Quartus/nios2eds/bin/gnu/H-x86_64-pc-linux-gnu/bin/../lib/gcc/nios2-elf/5.3.0/../../../../../H-x86_64-pc-linux-gnu/nios2-elf/lib/mno-hw-mul/libc.a(lib_a-atexit.o)
 .debug_ranges  0x0000000000000158       0x10 /opt/Quartus/nios2eds/bin/gnu/H-x86_64-pc-linux-gnu/bin/../lib/gcc/nios2-elf/5.3.0/../../../../../H-x86_64-pc-linux-gnu/nios2-elf/lib/mno-hw-mul/libc.a(lib_a-exit.o)
 .debug_ranges  0x0000000000000168       0x10 /opt/Quartus/nios2eds/bin/gnu/H-x86_64-pc-linux-gnu/bin/../lib/gcc/nios2-elf/5.3.0/../../../../../H-x86_64-pc-linux-gnu/nios2-elf/lib/mno-hw-mul/libc.a(lib_a-memcmp.o)
 .debug_ranges  0x0000000000000178       0x10 /opt/Quartus/nios2eds/bin/gnu/H-x86_64-pc-linux-gnu/bin/../lib/gcc/nios2-elf/5.3.0/../../../../../H-x86_64-pc-linux-gnu/nios2-elf/lib/mno-hw-mul/libc.a(lib_a-memcpy.o)
 .debug_ranges  0x0000000000000188       0x10 /opt/Quartus/nios2eds/bin/gnu/H-x86_64-pc-linux-gnu/bin/../lib/gcc/nios2-elf/5.3.0/../../../../../H-x86_64-pc-linux-gnu/nios2-elf/lib/mno-hw-mul/libc.a(lib_a-strlen.o)
 .debug_ranges  0x0000000000000198       0x10 /opt/Quartus/nios2eds/bin/gnu/H-x86_64-pc-linux-gnu/bin/../lib/gcc/nios2-elf/5.3.0/../../../../../H-x86_64-pc-linux-gnu/nios2-elf/lib/mno-hw-mul/libc.a(lib_a-__atexit.o)
 .debug_ranges  0x00000000000001a8       0x30 /opt/Quartus/nios2eds/bin/gnu/H-x86_64-pc-linux-gnu/bin/../lib/gcc/nios2-elf/5.3.0/../../../../../H-x86_64-pc-linux-gnu/nios2-elf/lib/mno-hw-mul/libc.a(lib_a-__call_atexit.o)
