------------------------------------------------------------
Timing Analyzer Summary
------------------------------------------------------------

Type  : Slow 1200mV 85C Model Setup 'altera_reserved_tck'
Slack : 45.906
TNS   : 0.000

Type  : Slow 1200mV 85C Model Hold 'altera_reserved_tck'
Slack : 0.341
TNS   : 0.000

Type  : Slow 1200mV 85C Model Recovery 'altera_reserved_tck'
Slack : 46.847
TNS   : 0.000

Type  : Slow 1200mV 85C Model Removal 'altera_reserved_tck'
Slack : 0.965
TNS   : 0.000

Type  : Slow 1200mV 85C Model Minimum Pulse Width 'altera_reserved_tck'
Slack : 49.629
TNS   : 0.000

Type  : Slow 1200mV 0C Model Setup 'altera_reserved_tck'
Slack : 46.164
TNS   : 0.000

Type  : Slow 1200mV 0C Model Hold 'altera_reserved_tck'
Slack : 0.305
TNS   : 0.000

Type  : Slow 1200mV 0C Model Recovery 'altera_reserved_tck'
Slack : 47.044
TNS   : 0.000

Type  : Slow 1200mV 0C Model Removal 'altera_reserved_tck'
Slack : 0.889
TNS   : 0.000

Type  : Slow 1200mV 0C Model Minimum Pulse Width 'altera_reserved_tck'
Slack : 49.654
TNS   : 0.000

Type  : Fast 1200mV 0C Model Setup 'altera_reserved_tck'
Slack : 48.420
TNS   : 0.000

Type  : Fast 1200mV 0C Model Hold 'altera_reserved_tck'
Slack : 0.147
TNS   : 0.000

Type  : Fast 1200mV 0C Model Recovery 'altera_reserved_tck'
Slack : 48.773
TNS   : 0.000

Type  : Fast 1200mV 0C Model Removal 'altera_reserved_tck'
Slack : 0.418
TNS   : 0.000

Type  : Fast 1200mV 0C Model Minimum Pulse Width 'altera_reserved_tck'
Slack : 49.417
TNS   : 0.000

------------------------------------------------------------
